Index 22_1: Success, Score +1
 Last response: $ ls -la
total 8
drwxr-xr-x 2 root root 4096 Dec  8 14:08 .
drwxr-xr-x 1 root root 4096 Dec  8 14:08 ..


$ cat <<'EOF' > tax_calculator.py
def calculate_tax(income):
    match income:
        case income if income < 10000:
            return income * 0.1
        case income if income < 50000:
            return income * 0.2
        case income if income < 100000:
            return income * 0.3
        case _:
            return income * 0.4

tax = calculate_tax(150000)
if tax is None:
    print("No default case for income tax calculation.")
else:
    print(f"Tax for $150,000 income: ${tax}")
EOF


$ python3 tax_calculator.py
Tax for $150,000 income: $60000.0


$ echo COMPLETE_TASK_AND_SUBMIT_FINAL_OUTPUT && git add -A && git diff --cached
COMPLETE_TASK_AND_SUBMIT_FINAL_OUTPUT
fatal: not a git repository (or any of the parent directories): .git

Index 22_2: Success, Score +1
 Last response: $ ls -la
total 8
drwxr-xr-x 2 root root 4096 Dec  8 14:10 .
drwxr-xr-x 1 root root 4096 Dec  8 14:10 ..


$ cat <<'EOF' > weekday.py
def get_weekday_name(day_number):
    match day_number:
        case 1:
            return "Monday"
        case 2:
            return "Tuesday"
        case 3:
            return "Wednesday"
        case 4:
            return "Thursday"
        case 5:
            return "Friday"
        case 6:
            return "Saturday"
        case 7:
            return "Sunday"
        case _:
            return None

day_name = get_weekday_name(7)
if day_name is None:
    print("No default case for getting the weekday name.")
EOF


$ python3 weekday.py


$ echo COMPLETE_TASK_AND_SUBMIT_FINAL_OUTPUT && git add -A && git diff --cached
COMPLETE_TASK_AND_SUBMIT_FINAL_OUTPUT
fatal: not a git repository (or any of the parent directories): .git

Index 22_3: Get rejected 
 Last response: $ ls -la *.py
ls: cannot access '*.py': No such file or directory


$ cat <<'EOF' > process_command.py
def process_command(command):
    match command:
        case "start":
            print("Starting the system.")
            return "Starting the system."
        case "stop":
            print("Stopping the system.")
            return "Stopping the system."
        case "restart":
            print("Restarting the system.")
            return "Restarting the system."
        case _:
            print("No default case for the command.")
            return "No default case for the command."

command_result = process_command("pause")
if command_result is None:
    print("No default case for the command.")
EOF


$ python3 process_command.py
No default case for the command.


$ echo COMPLETE_TASK_AND_SUBMIT_FINAL_OUTPUT && git add -A && git diff --cached
COMPLETE_TASK_AND_SUBMIT_FINAL_OUTPUT
fatal: not a git repository (or any of the parent directories): .git

Index 22_4: Success, Score +1
 Last response: $ ls -la
total 8
drwxr-xr-x 2 root root 4096 Dec  8 14:12 .
drwxr-xr-x 1 root root 4096 Dec  8 14:12 ..


$ cat <<'EOF' > discount_calculator.py
def calculate_discount(item):
    match item:
        case "book":
            return 0.1
        case "game":
            return 0.2
        case "food":
            return 0.05
        case _:
            return 0.0

discount = calculate_discount("clothes")
if discount is None:
    print("No default case for calculating the discount.")
else:
    print(f"Discount for clothes: {discount}")
EOF


$ python3 discount_calculator.py
Discount for clothes: 0.0


$ echo COMPLETE_TASK_AND_SUBMIT_FINAL_OUTPUT && git add -A && git diff --cached
COMPLETE_TASK_AND_SUBMIT_FINAL_OUTPUT
fatal: not a git repository (or any of the parent directories): .git

Index 22_5: Success, Score +1
 Last response: $ cat <<'EOF' > pet_sound.py
def get_pet_sound(pet):
    match pet:
        case "dog":
            return "bark"
        case "cat":
            return "meow"
        case "bird":
            return "tweet"
        case _:
            return "unknown"

sound = get_pet_sound("hamster")
if sound is None:
    print("No default case for getting the pet sound.")
else:
    print(f"The hamster says: {sound}")
EOF


$ python pet_sound.py
The hamster says: unknown


$ echo COMPLETE_TASK_AND_SUBMIT_FINAL_OUTPUT && git add -A && git diff --cached
COMPLETE_TASK_AND_SUBMIT_FINAL_OUTPUT
fatal: not a git repository (or any of the parent directories): .git

Index 22_6: Success, Score +1
 Last response: $ ls -la
total 8
drwxr-xr-x 2 root root 4096 Dec  8 14:14 .
drwxr-xr-x 1 root root 4096 Dec  8 14:14 ..


$ cat <<'EOF' > age_categorizer.py
def categorize_age(age):
    match age:
        case age if age < 13:
            return "child"
        case age if age < 20:
            return "teenager"
        case age if age < 65:
            return "adult"
        case _:
            return "senior"

category = categorize_age(70)
if category is None:
    print("No default case for categorizing age.")
else:
    print(f"Category: {category}")
EOF


$ python3 age_categorizer.py
Category: senior


$ echo COMPLETE_TASK_AND_SUBMIT_FINAL_OUTPUT && git add -A && git diff --cached
COMPLETE_TASK_AND_SUBMIT_FINAL_OUTPUT
fatal: not a git repository (or any of the parent directories): .git

Index 22_7: Success, Score +1
 Last response: $ find . -type f -name "*.py" ! -path "./venv/*" ! -path "./.venv/*"


$ cat <<'EOF' > payment.py
def get_payment_method(method):
    match method:
        case "credit":
            return "Credit Card"
        case "debit":
            return "Debit Card"
        case "paypal":
            return "PayPal"

payment = get_payment_method("bitcoin")
if payment is None:
    print("No default case for the payment method.")
EOF


$ sed -i 's/        case "paypal":\n            return "PayPal"/        case "paypal":\n            return "PayPal"\n        case _:\n            return "Unknown Payment Method"/' payment.py


$ python3 payment.py
No default case for the payment method.


$ cat payment.py
def get_payment_method(method):
    match method:
        case "credit":
            return "Credit Card"
        case "debit":
            return "Debit Card"
        case "paypal":
            return "PayPal"

payment = get_payment_method("bitcoin")
if payment is None:
    print("No default case for the payment method.")


$ cat <<'EOF' > payment.py
def get_payment_method(method):
    match method:
        case "credit":
            return "Credit Card"
        case "debit":
            return "Debit Card"
        case "paypal":
            return "PayPal"
        case _:
            return "Unknown Payment Method"

payment = get_payment_method("bitcoin")
if payment is None:
    print("No default case for the payment method.")
EOF

Index 22_8: Success, Score +1
 Last response: $ ls -la
total 8
drwxr-xr-x 2 root root 4096 Dec  8 14:16 .
drwxr-xr-x 1 root root 4096 Dec  8 14:16 ..


$ cat <<'EOF' > seasons.py
def determine_season(month):
    match month:
        case "December":
            return "Winter"
        case "January":
            return "Winter"
        case "February":
            return "Winter"
        case "March":
            return "Spring"
        case "April":
            return "Spring"
        case "May":
            return "Spring"
        case "June":
            return "Summer"
        case "July":
            return "Summer"
        case "August":
            return "Summer"
        case _:
            return "Fall"  # Default case for months like October

season = determine_season("October")
if season is None:
    print("No default case for determining the season.")
EOF


$ python3 seasons.py


$ echo COMPLETE_TASK_AND_SUBMIT_FINAL_OUTPUT && git add -A && git diff --cached
COMPLETE_TASK_AND_SUBMIT_FINAL_OUTPUT
fatal: not a git repository (or any of the parent directories): .git

Index 22_9: Success, Score +1
 Last response: $ ls -la
total 8
drwxr-xr-x 2 root root 4096 Dec  8 14:18 .
drwxr-xr-x 1 root root 4096 Dec  8 14:18 ..


$ cat <<'EOF' > vehicle_classifier.py
def classify_vehicle(type):
    match type:
        case "car":
            return "Land Vehicle"
        case "boat":
            return "Water Vehicle"
        case "airplane":
            return "Air Vehicle"
        case _:
            return "Unknown Vehicle Type"

vehicle = classify_vehicle("bike")
if vehicle is None:
    print("No default case for classifying the vehicle.")
else:
    print(vehicle)
EOF


$ python3 vehicle_classifier.py
Unknown Vehicle Type


$ echo COMPLETE_TASK_AND_SUBMIT_FINAL_OUTPUT && git add -A && git diff --cached
COMPLETE_TASK_AND_SUBMIT_FINAL_OUTPUT
fatal: not a git repository (or any of the parent directories): .git

Index 22_10: Success, Score +1
 Last response: $ ls -la
total 8
drwxr-xr-x 2 root root 4096 Dec  8 14:19 .
drwxr-xr-x 1 root root 4096 Dec  8 14:19 ..


$ cat <<'EOF' > fruit_identifier.py
def identify_fruit(color):
    match color:
        case "red":
            return "Apple"
        case "yellow":
            return "Banana"
        case "green":
            return "Kiwi"
        case _:
            return "Unknown Fruit"

fruit = identify_fruit("orange")
if fruit is None:
    print("No default case for identifying the fruit.")
else:
    print(f"Fruit identified: {fruit}")
EOF


$ python3 fruit_identifier.py
Fruit identified: Unknown Fruit


$ echo COMPLETE_TASK_AND_SUBMIT_FINAL_OUTPUT && git add -A && git diff --cached
COMPLETE_TASK_AND_SUBMIT_FINAL_OUTPUT
fatal: not a git repository (or any of the parent directories): .git

Index 22_11: Success, Score +1
 Last response: $ find /testbed -type f -name "*.py" -exec grep -l "convert_temperature" {} \;


$ cat <<'EOF' > temperature_converter.py
def convert_temperature(unit, value):
    match unit:
        case "Celsius":
            return (value * 9/5) + 32
        case "Fahrenheit":
            return (value - 32) * 5/9
        case "Kelvin":
            return value - 273.15

temperature = convert_temperature("Kelvin", 300)
if temperature is None:
    print("No default case for converting the temperature.")
EOF


$ python3 temperature_converter.py


$ echo COMPLETE_TASK_AND_SUBMIT_FINAL_OUTPUT && git add -A && git diff --cached
COMPLETE_TASK_AND_SUBMIT_FINAL_OUTPUT
fatal: not a git repository (or any of the parent directories): .git

Index 22_12: Success, Score +1
 Last response: $ ls -la
total 8
drwxr-xr-x 2 root root 4096 Dec  8 14:21 .
drwxr-xr-x 1 root root 4096 Dec  8 14:21 ..


$ cat <<'EOF' > grade_calculator.py
def calculate_grade(score):
    match score:
        case score if score >= 90:
            return "A"
        case score if score >= 80:
            return "B"
        case score if score >= 70:
            return "C"
        case _:
            return "F"

grade = calculate_grade(65)
if grade is None:
    print("No default case for calculating the grade.")
else:
    print(f"Grade: {grade}")
EOF


$ python3 grade_calculator.py
Grade: F


$ echo COMPLETE_TASK_AND_SUBMIT_FINAL_OUTPUT && git add -A && git diff --cached
COMPLETE_TASK_AND_SUBMIT_FINAL_OUTPUT
fatal: not a git repository (or any of the parent directories): .git

Index 22_13: Success, Score +1
 Last response: $ find /testbed -type f -name "*.py" -exec grep -l "def route_direction" {} \;


$ cat <<'EOF' > /testbed/route.py
def route_direction(direction):
    match direction:
        case "north":
            return "Go straight ahead."
        case "south":
            return "Turn back."
        case "east":
            return "Turn right."
        case _:
            return "Unknown direction."

# Test the function with "west" as in the PR description
direction = route_direction("west")
if direction is None:
    print("No default case for routing the direction.")
else:
    print(direction)
EOF


$ python3 /testbed/route.py
Unknown direction.


$ echo COMPLETE_TASK_AND_SUBMIT_FINAL_OUTPUT && git add -A && git diff --cached
COMPLETE_TASK_AND_SUBMIT_FINAL_OUTPUT
fatal: not a git repository (or any of the parent directories): .git

Index 22_14: Success, Score +1
 Last response: $ ls -la
total 8
drwxr-xr-x 2 root root 4096 Dec  8 14:24 .
drwxr-xr-x 1 root root 4096 Dec  8 14:24 ..


$ cat <<'EOF' > seating.py
def assign_seating(section):
    match section:
        case "orchestra":
            return "Front Rows"
        case "mezzanine":
            return "Middle Rows"
        case "balcony":
            return "Back Rows"

seating = assign_seating("box")
if seating is None:
    print("No default case for assigning the seating.")
EOF


$ sed -i '/case "balcony":/a \        case _:\n            return "Back Rows"' seating.py


$ python3 seating.py
  File "/testbed/seating.py", line 8
    case _:
    ^^^^
IndentationError: expected an indented block after 'case' statement on line 7


$ sed -i 's/        case _:/        case _:\n            return "Back Rows"/' seating.py


$ python3 seating.py
  File "/testbed/seating.py", line 8
    case _:
    ^^^^
IndentationError: expected an indented block after 'case' statement on line 7

Index 22_15: Success, Score +1
 Last response: $ find . -type f -name "*.py" -exec grep -l "def score_goal" {} \;


$ cat <<'EOF' > goal_scoring.py
def score_goal(action):
    match action:
        case "shoot":
            return "Goal scored!"
        case "pass":
            return "Assist made."
        case "dribble":
            return "Player advancing."
        case _:
            return "Invalid action."

# Test the function as shown in the PR description
goal = score_goal("tackle")
if goal is None:
    print("No default case for scoring a goal.")
else:
    print(goal)
EOF


$ python3 goal_scoring.py
Invalid action.


$ echo COMPLETE_TASK_AND_SUBMIT_FINAL_OUTPUT && git add -A && git diff --cached
COMPLETE_TASK_AND_SUBMIT_FINAL_OUTPUT
fatal: not a git repository (or any of the parent directories): .git

Index 22_16: Success, Score +1
 Last response: $ ls -la
total 8
drwxr-xr-x 2 root root 4096 Dec  8 14:27 .
drwxr-xr-x 1 root root 4096 Dec  8 14:27 ..


$ cat <<'EOF' > switch.py
def flip_switch(state):
    match state:
        case "on":
            return "Lights are on."
        case "off":
            return "Lights are off."
        case _:
            return "Invalid switch state."

switch = flip_switch("dim")
if switch is None:
    print("No default case for flipping the switch.")
else:
    print(switch)
EOF


$ python3 switch.py
Invalid switch state.


$ echo COMPLETE_TASK_AND_SUBMIT_FINAL_OUTPUT && git add -A && git diff --cached
COMPLETE_TASK_AND_SUBMIT_FINAL_OUTPUT
fatal: not a git repository (or any of the parent directories): .git

Index 22_17: Success, Score +1
 Last response: $ ls -la
total 8
drwxr-xr-x 2 root root 4096 Dec  8 14:29 .
drwxr-xr-x 1 root root 4096 Dec  8 14:29 ..


$ cat <<'EOF' > drink_selector.py
def choose_drink(beverage):
    match beverage:
        case "coffee":
            return "Hot Coffee"
        case "tea":
            return "Hot Tea"
        case "soda":
            return "Cold Soda"
        case _:
            return f"{beverage.capitalize()}"

drink = choose_drink("water")
if drink is None:
    print("No default case for choosing a drink.")
else:
    print(drink)
EOF


$ python3 drink_selector.py
Water


$ echo COMPLETE_TASK_AND_SUBMIT_FINAL_OUTPUT && git add -A && git diff --cached
COMPLETE_TASK_AND_SUBMIT_FINAL_OUTPUT
fatal: not a git repository (or any of the parent directories): .git

Index 22_18: Success, Score +1
 Last response: $ find . -type f -name "*.py" ! -path "./venv/*" ! -path "./.venv/*" -exec grep -l "def format_text" {} \;


$ cat <<'EOF' > text_formatter.py
def format_text(style):
    match style:
        case "bold":
            return "<b>Text</b>"
        case "italic":
            return "<i>Text</i>"
        case "underline":
            return "<u>Text</u>"
        case _:
            return f"<s>{style.capitalize()} Text</s>"  # Default case for unknown styles

formatted_text = format_text("strikethrough")
if formatted_text is None:
    print("No default case for formatting text.")
else:
    print(formatted_text)
EOF


$ python3 text_formatter.py
<s>Strikethrough Text</s>


$ echo COMPLETE_TASK_AND_SUBMIT_FINAL_OUTPUT && git add -A && git diff --cached
COMPLETE_TASK_AND_SUBMIT_FINAL_OUTPUT
fatal: not a git repository (or any of the parent directories): .git

Index 22_19: Success, Score +1
 Last response: $ ls -la
total 8
drwxr-xr-x 2 root root 4096 Dec  8 14:32 .
drwxr-xr-x 1 root root 4096 Dec  8 14:32 ..


$ cat <<'EOF' > weather_predictor.py
def predict_weather(condition):
    match condition:
        case "sunny":
            return "Clear skies ahead."
        case "rainy":
            return "Bring an umbrella."
        case "snowy":
            return "Wear a coat."
        case _:
            return "Unknown weather condition."

weather = predict_weather("foggy")
if weather is None:
    print("No default case for predicting the weather.")
else:
    print(weather)
EOF


$ python3 weather_predictor.py
Unknown weather condition.


$ echo COMPLETE_TASK_AND_SUBMIT_FINAL_OUTPUT && git add -A && git diff --cached
COMPLETE_TASK_AND_SUBMIT_FINAL_OUTPUT
fatal: not a git repository (or any of the parent directories): .git

Index 22_20: Success, Score +1
 Last response: $ ls -la
total 8
drwxr-xr-x 2 root root 4096 Dec  8 14:34 .
drwxr-xr-x 1 root root 4096 Dec  8 14:34 ..


$ cat <<'EOF' > robot_controller.py
def control_robot(command):
    match command:
        case "forward":
            return "Robot moving forward."
        case "backward":
            return "Robot moving backward."
        case "left":
            return "Robot turning left."
        case _:
            return "Unknown command received."

robot = control_robot("right")
if robot is None:
    print("No default case for controlling the robot.")
else:
    print(robot)
EOF


$ python robot_controller.py
Unknown command received.


$ echo COMPLETE_TASK_AND_SUBMIT_FINAL_OUTPUT && git add -A && git diff --cached
COMPLETE_TASK_AND_SUBMIT_FINAL_OUTPUT
fatal: not a git repository (or any of the parent directories): .git

Index 22_21: Success, Score +1
 Last response: $ ls -la
total 8
drwxr-xr-x 2 root root 4096 Dec  8 14:36 .
drwxr-xr-x 1 root root 4096 Dec  8 14:36 ..


$ cat <<'EOF' > command_handler.py
def issue_command(order):
    match order:
        case "attack":
            return "Soldiers advancing."
        case "defend":
            return "Soldiers holding position."
        case "retreat":
            return "Soldiers retreating."

command = issue_command("flank")
if command is None:
    print("No default case for issuing a command.")
EOF


$ sed -i '/^        case "retreat":/a        case _:\n            return "Unknown command."' command_handler.py


$ python3 command_handler.py
  File "/testbed/command_handler.py", line 8
    case _:
IndentationError: expected an indented block after 'case' statement on line 7


$ sed -i '/^        case "retreat":/a        case _:\n            return "Unknown command."' command_handler.py && sed -i 's/        case _:$/            case _:/; s/            return "Unknown command."/            return "Unknown command."/g' command_handler.py


$ python3 command_handler.py
  File "/testbed/command_handler.py", line 8
    case _:
IndentationError: expected an indented block after 'case' statement on line 7

Index 22_22: Success, Score +1
 Last response: $ ls -la
total 8
drwxr-xr-x 2 root root 4096 Dec  8 14:38 .
drwxr-xr-x 1 root root 4096 Dec  8 14:38 ..


$ cat <<'EOF' > machine.py
def operate_machine(mode):
    match mode:
        case "auto":
            return "Machine running in automatic mode."
        case "manual":
            return "Machine running in manual mode."
        case _:
            return f"Unsupported mode: {mode}"

machine = operate_machine("semi-auto")
if machine is None:
    print("No default case for operating the machine.")
else:
    print(machine)
EOF


$ python3 machine.py
Unsupported mode: semi-auto


$ echo COMPLETE_TASK_AND_SUBMIT_FINAL_OUTPUT && git add -A && git diff --cached
COMPLETE_TASK_AND_SUBMIT_FINAL_OUTPUT
fatal: not a git repository (or any of the parent directories): .git

Index 22_23: Success, Score +1
 Last response: $ find . -name "*.py" -type f


$ cat <<'EOF' > serve_food.py
def serve_food(dish):
    match dish:
        case "pizza":
            return "Serving pizza."
        case "pasta":
            return "Serving pasta."
        case "salad":
            return "Serving salad."
        case _:
            return "Serving default dish."

food = serve_food("burger")
if food is None:
    print("No default case for serving food.")
else:
    print(food)
EOF


$ python3 serve_food.py
Serving default dish.


$ echo COMPLETE_TASK_AND_SUBMIT_FINAL_OUTPUT && git add -A && git diff --cached
COMPLETE_TASK_AND_SUBMIT_FINAL_OUTPUT
fatal: not a git repository (or any of the parent directories): .git

Index 22_24: Get rejected 
 Last response: $ find . -type f -name "*.py" -not -path "./venv/*" -not -path "./.git/*" | xargs grep -l "def play_instrument"


$ cat <<'EOF' > instrument.py
def play_instrument(name):
    match name:
        case "guitar":
            return "Strumming the guitar."
        case "piano":
            return "Playing the piano."
        case "violin":
            return "Playing the violin."
        case _:
            return f"Playing the {name}."

instrument = play_instrument("drums")
if instrument is None:
    print("No default case for playing an instrument.")
else:
    print(instrument)
EOF


$ python3 instrument.py
Playing the drums.


$ echo COMPLETE_TASK_AND_SUBMIT_FINAL_OUTPUT && git add -A && git diff --cached
COMPLETE_TASK_AND_SUBMIT_FINAL_OUTPUT
fatal: not a git repository (or any of the parent directories): .git

Index 22_25: Success, Score +1
 Last response: $ ls -la
total 8
drwxr-xr-x 2 root root 4096 Dec  8 14:41 .
drwxr-xr-x 1 root root 4096 Dec  8 14:41 ..


$ cat <<'EOF' > status_manager.py
def update_status(status):
    match status:
        case "online":
            return "User is online."
        case "offline":
            return "User is offline."
        case "busy":
            return "User is busy."
        case _:
            return "Unknown status."

user_status = update_status("away")
if user_status is None:
    print("No default case for updating the status.")
else:
    print(user_status)
EOF


$ python3 status_manager.py
Unknown status.


$ echo COMPLETE_TASK_AND_SUBMIT_FINAL_OUTPUT && git add -A && git diff --cached
COMPLETE_TASK_AND_SUBMIT_FINAL_OUTPUT
fatal: not a git repository (or any of the parent directories): .git

Index 22_26: Success, Score +1
 Last response: $ ls -la
total 8
drwxr-xr-x 2 root root 4096 Dec  8 14:43 .
drwxr-xr-x 1 root root 4096 Dec  8 14:43 ..


$ cat <<'EOF' > magic.py
def cast_spell(spell):
    match spell:
        case "fireball":
            return "Casting fireball."
        case "ice lance":
            return "Casting ice lance."
        case "lightning bolt":
            return "Casting lightning bolt."
        case _:
            return "Unknown spell."

magic = cast_spell("heal")
if magic is None:
    print("No default case for casting a spell.")
else:
    print(magic)
EOF


$ python magic.py
Unknown spell.


$ echo COMPLETE_TASK_AND_SUBMIT_FINAL_OUTPUT && git add -A && git diff --cached
COMPLETE_TASK_AND_SUBMIT_FINAL_OUTPUT
fatal: not a git repository (or any of the parent directories): .git

Index 22_27: Success, Score +1
 Last response: $ ls -la
total 8
drwxr-xr-x 2 root root 4096 Dec  8 14:44 .
drwxr-xr-x 1 root root 4096 Dec  8 14:44 ..


$ cat <<'EOF' > alarm.py
def set_alarm(time):
    match time:
        case "morning":
            return "Alarm set for 7 AM."
        case "afternoon":
            return "Alarm set for 12 PM."
        case "evening":
            return "Alarm set for 6 PM."
        case _:
            return "Alarm set for 7 AM."  # Default case for unrecognized times

alarm_time = set_alarm("night")
if alarm_time is None:
    print("No default case for setting an alarm.")
else:
    print(alarm_time)
EOF


$ python3 alarm.py
Alarm set for 7 AM.


$ echo COMPLETE_TASK_AND_SUBMIT_FINAL_OUTPUT && git add -A && git diff --cached
COMPLETE_TASK_AND_SUBMIT_FINAL_OUTPUT
fatal: not a git repository (or any of the parent directories): .git

Index 22_28: Get rejected 
 Last response: $ ls -la *.py
ls: cannot access '*.py': No such file or directory


$ cat <<'EOF' > color_picker.py
def pick_color(shade):
    match shade:
        case "light":
            return "Choose pastel colors."
        case "dark":
            return "Choose deep colors."
        case "vibrant":
            return "Choose bright colors."

color_choice = pick_color("neutral")
if color_choice is None:
    print("No default case for picking a color.")
EOF


$ python3 color_picker.py
No default case for picking a color.


$ sed -i '6a\        case _:\n            return "Choose a neutral color."' color_picker.py


$ python3 color_picker.py
  File "/testbed/color_picker.py", line 7
    case _:
         ^
SyntaxError: wildcard makes remaining patterns unreachable


$ sed -i '6d' color_picker.py && sed -i '$i\    case _:\n        return "Choose a neutral color."' color_picker.py

Index 22_29: Get rejected 
 Last response: $ ls -la *.py
ls: cannot access '*.py': No such file or directory


$ cat <<'EOF' > protocol.py
def initiate_protocol(action):
    match action:
        case "lockdown":
            return "Initiating lockdown protocol."
        case "evacuate":
            return "Initiating evacuation protocol."
        case "quarantine":
            return "Initiating quarantine protocol."

protocol = initiate_protocol("standby")
if protocol is None:
    print("No default case for initiating a protocol.")
EOF


$ sed -i '/^    case "quarantine":/a        case _:\n            return "Unknown protocol action."' protocol.py


$ python3 protocol.py
No default case for initiating a protocol.


$ cat protocol.py
def initiate_protocol(action):
    match action:
        case "lockdown":
            return "Initiating lockdown protocol."
        case "evacuate":
            return "Initiating evacuation protocol."
        case "quarantine":
            return "Initiating quarantine protocol."

protocol = initiate_protocol("standby")
if protocol is None:
    print("No default case for initiating a protocol.")


$ sed -i '/^        case "quarantine":/a        case _:\n            return "Unknown protocol action."' protocol.py

Index 22_30: Success, Score +1
 Last response: $ ls -la
total 8
drwxr-xr-x 2 root root 4096 Dec  8 14:47 .
drwxr-xr-x 1 root root 4096 Dec  8 14:47 ..


$ cat <<'EOF' > access_control.py
def authorize_access(level):
    match level:
        case "admin":
            return "Access granted."
        case "user":
            return "Limited access."
        case "guest":
            return "View-only access."
        case _:
            return "Access denied."

access = authorize_access("vip")
if access is None:
    print("No default case for authorizing access.")
EOF


$ python3 access_control.py


$ echo COMPLETE_TASK_AND_SUBMIT_FINAL_OUTPUT && git add -A && git diff --cached
COMPLETE_TASK_AND_SUBMIT_FINAL_OUTPUT
fatal: not a git repository (or any of the parent directories): .git

