Index 17_1: Success, Score +1
 Last response: $ cat <<'EOF' > reproduce_issue.py
import os

def raisePrivileges():
    print("Privileges raised")

def lowerPrivileges():
    print("Privileges lowered")

def readFile(username, filepath):
    try:
        raisePrivileges()
        if username == "user":
            raise OSError("error")
        with open(filepath, 'r') as f:
            content = f.read()
            print('File content:', content)
        lowerPrivileges()
    except OSError:
        print('raisePrivileges without lowerPrivileges')
        return False
    return True

print(readFile("user", "example.txt"))
EOF


$ sed -i '20i\    finally:\n        lowerPrivileges()' reproduce_issue.py


$ python reproduce_issue.py
Privileges raised
raisePrivileges without lowerPrivileges
Privileges lowered
False


$ cat <<'EOF' > main.py
import os

def raisePrivileges():
    print("Privileges raised")

def lowerPrivileges():
    print("Privileges lowered")

def readFile(username, filepath):
    try:
        raisePrivileges()
        if username == "user":
            raise OSError("error")
        with open(filepath, 'r') as f:
            content = f.read()
            print('File content:', content)
    except OSError:
        print('raisePrivileges without lowerPrivileges')
        return False
    finally:
        lowerPrivileges()
    return True

print(readFile("user", "example.txt"))
EOF


$ echo COMPLETE_TASK_AND_SUBMIT_FINAL_OUTPUT && git add -A && git diff --cached
COMPLETE_TASK_AND_SUBMIT_FINAL_OUTPUT
fatal: not a git repository (or any of the parent directories): .git

Index 17_2: Success, Score +1
 Last response: $ cat <<'EOF' > reproduce_issue.py
import os

def raisePrivileges():
    print("Privileges raised")

def lowerPrivileges():
    print("Privileges lowered")

def getUserInfo(username):
    try:
        raisePrivileges()
        if username == "admin":
            raise OSError("error")
        info = os.getlogin()
        print('User info:', info)
        lowerPrivileges()
    except OSError:
        print('raisePrivileges without lowerPrivileges')
        return False
    return True

print(getUserInfo("admin"))
EOF


$ python reproduce_issue.py
Privileges raised
raisePrivileges without lowerPrivileges
False


$ cat <<'EOF' > fixed_code.py
import os

def raisePrivileges():
    print("Privileges raised")

def lowerPrivileges():
    print("Privileges lowered")

def getUserInfo(username):
    try:
        raisePrivileges()
        if username == "admin":
            raise OSError("error")
        info = os.getlogin()
        print('User info:', info)
    except OSError:
        print('raisePrivileges without lowerPrivileges')
        return False
    finally:
        lowerPrivileges()
    return True

print(getUserInfo("admin"))
EOF


$ python fixed_code.py
Privileges raised
raisePrivileges without lowerPrivileges
Privileges lowered
False


$ cat <<'EOF' > user_info.py
import os

def raisePrivileges():
    print("Privileges raised")

def lowerPrivileges():
    print("Privileges lowered")

def getUserInfo(username):
    try:
        raisePrivileges()
        if username == "admin":
            raise OSError("error")
        info = os.getlogin()
        print('User info:', info)
    except OSError:
        print('raisePrivileges without lowerPrivileges')
        return False
    finally:
        lowerPrivileges()
    return True
EOF


$ echo COMPLETE_TASK_AND_SUBMIT_FINAL_OUTPUT && git add -A && git diff --cached
COMPLETE_TASK_AND_SUBMIT_FINAL_OUTPUT
fatal: not a git repository (or any of the parent directories): .git

Index 17_3: Success, Score +1
 Last response: $ cat <<'EOF' > reproduce_issue.py
import os

def raisePrivileges():
    print("Privileges raised")

def lowerPrivileges():
    print("Privileges lowered")

def listProcess(username):
    try:
        raisePrivileges()
        if username == "manager":
            raise OSError("error")
        processes = os.popen('ps').read()
        print('Running processes:', processes)
        lowerPrivileges()
    except OSError:
        print('raisePrivileges without lowerPrivileges')
        return False
    return True

print(listProcess("manager"))
EOF


$ python3 reproduce_issue.py
Privileges raised
raisePrivileges without lowerPrivileges
False


$ sed -i '20i\    finally:\n        lowerPrivileges()' reproduce_issue.py


$ python3 reproduce_issue.py
Privileges raised
raisePrivileges without lowerPrivileges
Privileges lowered
False


$ echo COMPLETE_TASK_AND_SUBMIT_FINAL_OUTPUT && git add -A && git diff --cached
COMPLETE_TASK_AND_SUBMIT_FINAL_OUTPUT
fatal: not a git repository (or any of the parent directories): .git

Index 17_4: Success, Score +1
 Last response: $ cat <<'EOF' > reproduce_issue.py
import os

def raisePrivileges():
    print("Privileges raised")

def lowerPrivileges():
    print("Privileges lowered")

def getSystemInfo(username):
    try:
        raisePrivileges()
        if username == "sysadmin":
            raise OSError("error")
        system_info = os.uname()
        print('System info:', system_info)
        lowerPrivileges()
    except OSError:
        print('raisePrivileges without lowerPrivileges')
        return False
    return True

print(getSystemInfo("sysadmin"))
EOF


$ sed -i '20i\    finally:\n        lowerPrivileges()' reproduce_issue.py


$ python reproduce_issue.py
Privileges raised
raisePrivileges without lowerPrivileges
Privileges lowered
False


$ echo COMPLETE_TASK_AND_SUBMIT_FINAL_OUTPUT && git add -A && git diff --cached
COMPLETE_TASK_AND_SUBMIT_FINAL_OUTPUT
fatal: not a git repository (or any of the parent directories): .git

Index 17_5: Success, Score +1
 Last response: $ cat <<'EOF' > reproduce_issue.py
import os

def raisePrivileges():
    print("Privileges raised")

def lowerPrivileges():
    print("Privileges lowered")

def listEnvVariables(username):
    try:
        raisePrivileges()
        if username == "dev":
            raise OSError("error")
        env_vars = os.environ
        print('Environment variables:', env_vars)
        lowerPrivileges()
    except OSError:
        print('raisePrivileges without lowerPrivileges')
        return False
    return True

print(listEnvVariables("dev"))
EOF


$ python /tmp/reproduce_issue.py
python: can't open file '/tmp/reproduce_issue.py': [Errno 2] No such file or directory


$ python /testbed/reproduce_issue.py
Privileges raised
raisePrivileges without lowerPrivileges
False


$ sed -i '20,22d; 19a\    finally:\n        lowerPrivileges()' /testbed/reproduce_issue.py


$ python /testbed/reproduce_issue.py


$ cat /testbed/reproduce_issue.py
import os

def raisePrivileges():
    print("Privileges raised")

def lowerPrivileges():
    print("Privileges lowered")

def listEnvVariables(username):
    try:
        raisePrivileges()
        if username == "dev":
            raise OSError("error")
        env_vars = os.environ
        print('Environment variables:', env_vars)
        lowerPrivileges()
    except OSError:
        print('raisePrivileges without lowerPrivileges')
        return False
    finally:
        lowerPrivileges()

Index 17_6: Success, Score +1
 Last response: $ cat <<'EOF' > reproduce_issue.py
import os

def raisePrivileges():
    print("Privileges raised")

def lowerPrivileges():
    print("Privileges lowered")

def getNetworkInfo(username):
    try:
        raisePrivileges()
        if username == "network":
            raise OSError("error")
        network_info = os.popen('ifconfig').read()
        print('Network info:', network_info)
        lowerPrivileges()
    except OSError:
        print('raisePrivileges without lowerPrivileges')
        return False
    return True

print(getNetworkInfo("network"))
EOF


$ sed -i '20,23d; 19a\    finally:\n        lowerPrivileges()' reproduce_issue.py


$ python reproduce_issue.py


$ echo COMPLETE_TASK_AND_SUBMIT_FINAL_OUTPUT && git add -A && git diff --cached
COMPLETE_TASK_AND_SUBMIT_FINAL_OUTPUT
fatal: not a git repository (or any of the parent directories): .git

Index 17_7: Success, Score +1
 Last response: $ cat <<'EOF' > fix_privilege_issue.py
import os

def raisePrivileges():
    print("Privileges raised")

def lowerPrivileges():
    print("Privileges lowered")

def checkDiskSpace(username):
    try:
        raisePrivileges()
        if username == "storage":
            raise OSError("error")
        disk_space = os.popen('df').read()
        print('Disk space:', disk_space)
    finally:
        lowerPrivileges()
    return True

print(checkDiskSpace("storage"))
EOF


$ python3 fix_privilege_issue.py
Privileges raised
Privileges lowered
Traceback (most recent call last):
  File "/testbed/fix_privilege_issue.py", line 20, in <module>
    print(checkDiskSpace("storage"))
          ~~~~~~~~~~~~~~^^^^^^^^^^^
  File "/testbed/fix_privilege_issue.py", line 13, in checkDiskSpace
    raise OSError("error")
OSError: error


$ cat <<'EOF' > fix_privilege_issue.py
import os

def raisePrivileges():
    print("Privileges raised")

def lowerPrivileges():
    print("Privileges lowered")

def checkDiskSpace(username):
    success = True
    try:
        raisePrivileges()
        if username == "storage":
            raise OSError("error")
        disk_space = os.popen('df').read()
        print('Disk space:', disk_space)
    except OSError:
        print('raisePrivileges without lowerPrivileges')
        success = False
    finally:
        lowerPrivileges()
    return success

print(checkDiskSpace("storage"))
EOF


$ python3 fix_privilege_issue.py
Privileges raised
raisePrivileges without lowerPrivileges
Privileges lowered
False


$ mv fix_privilege_issue.py /testbed/check_disk_space.py


$ echo COMPLETE_TASK_AND_SUBMIT_FINAL_OUTPUT && git add -A && git diff --cached
COMPLETE_TASK_AND_SUBMIT_FINAL_OUTPUT
fatal: not a git repository (or any of the parent directories): .git

Index 17_8: Fail, No score added
 Last response: $ find /testbed -type f -name "*.py" ! -path "*/test/*" -exec grep -l "raisePrivileges" {} \;


$ cat <<'EOF' > /testbed/privilege_manager.py
import os

def raisePrivileges():
    print("Privileges raised")

def lowerPrivileges():
    print("Privileges lowered")

def getUserGroups(username):
    try:
        raisePrivileges()
        if username == "groupadmin":
            raise OSError("error")
        groups = os.getgroups()
        print('User groups:', groups)
    finally:
        lowerPrivileges()
    return True
EOF


$ python3 /testbed/privilege_manager.py


$ cat /testbed/privilege_manager.py
import os

def raisePrivileges():
    print("Privileges raised")

def lowerPrivileges():
    print("Privileges lowered")

def getUserGroups(username):
    try:
        raisePrivileges()
        if username == "groupadmin":
            raise OSError("error")
        groups = os.getgroups()
        print('User groups:', groups)
    finally:
        lowerPrivileges()
    return True


$ echo COMPLETE_TASK_AND_SUBMIT_FINAL_OUTPUT && git add -A && git diff --cached
COMPLETE_TASK_AND_SUBMIT_FINAL_OUTPUT
fatal: not a git repository (or any of the parent directories): .git

Index 17_9: Success, Score +1
 Last response: $ cat <<'EOF' > fix_privilege_issue.py
import os

def raisePrivileges():
    print("Privileges raised")

def lowerPrivileges():
    print("Privileges lowered")

def listUsers(username):
    try:
        raisePrivileges()
        if username == "hr":
            raise OSError("error")
        users = os.popen('cut -d: -f1 /etc/passwd').read()
        print('List of users:', users)
    except OSError:
        print('raisePrivileges without lowerPrivileges')
        return False
    finally:
        lowerPrivileges()
    return True

print(listUsers("hr"))
EOF


$ python3 fix_privilege_issue.py
Privileges raised
raisePrivileges without lowerPrivileges
Privileges lowered
False


$ echo COMPLETE_TASK_AND_SUBMIT_FINAL_OUTPUT && git add -A && git diff --cached
COMPLETE_TASK_AND_SUBMIT_FINAL_OUTPUT
fatal: not a git repository (or any of the parent directories): .git

Index 17_10: Success, Score +1
 Last response: $ cat <<'EOF' > reproduce_issue.py
import os

def raisePrivileges():
    print("Privileges raised")

def lowerPrivileges():
    print("Privileges lowered")

def checkSystemTime(username):
    try:
        raisePrivileges()
        if username == "timekeeper":
            raise OSError("error")
        system_time = os.popen('date').read()
        print('System time:', system_time)
        lowerPrivileges()
    except OSError:
        print('raisePrivileges without lowerPrivileges')
        return False
    return True

print(checkSystemTime("timekeeper"))
EOF


$ sed -i '20i\    finally:\n        lowerPrivileges()' reproduce_issue.py


$ python reproduce_issue.py
Privileges raised
raisePrivileges without lowerPrivileges
Privileges lowered
False


$ cat <<'EOF' > check_system_time.py
import os

def raisePrivileges():
    print("Privileges raised")

def lowerPrivileges():
    print("Privileges lowered")

def checkSystemTime(username):
    try:
        raisePrivileges()
        if username == "timekeeper":
            raise OSError("error")
        system_time = os.popen('date').read()
        print('System time:', system_time)
    except OSError:
        print('raisePrivileges without lowerPrivileges')
        return False
    finally:
        lowerPrivileges()
    return True

print(checkSystemTime("timekeeper"))
EOF


$ python check_system_time.py
Privileges raised
raisePrivileges without lowerPrivileges
Privileges lowered
False


$ echo COMPLETE_TASK_AND_SUBMIT_FINAL_OUTPUT && git add -A && git diff --cached
COMPLETE_TASK_AND_SUBMIT_FINAL_OUTPUT
fatal: not a git repository (or any of the parent directories): .git

Index 17_11: Success, Score +1
 Last response: $ cat <<'EOF' > reproduce_issue.py
import os

def raisePrivileges():
    print("Privileges raised")

def lowerPrivileges():
    print("Privileges lowered")

def getCPUInfo(username):
    try:
        raisePrivileges()
        if username == "hardware":
            raise OSError("error")
        cpu_info = os.popen('lscpu').read()
        print('CPU info:', cpu_info)
        lowerPrivileges()
    except OSError:
        print('raisePrivileges without lowerPrivileges')
        return False
    return True

print(getCPUInfo("hardware"))
EOF


$ python /tmp/reproduce_issue.py
python: can't open file '/tmp/reproduce_issue.py': [Errno 2] No such file or directory


$ cd /testbed && python reproduce_issue.py
Privileges raised
raisePrivileges without lowerPrivileges
False


$ sed -i 's/    except OSError:/    except OSError:\n    finally:\n        lowerPrivileges()/; s/    return True/    finally:\n        lowerPrivileges()\n    return True/' reproduce_issue.py


$ python reproduce_issue.py
  File "/testbed/reproduce_issue.py", line 18
    finally:
    ^^^^^^^
IndentationError: expected an indented block after 'except' statement on line 17


$ sed -i 's/    except OSError:/    except OSError:    \n    finally:\n        lowerPrivileges()/; s/    return True/    return True/' reproduce_issue.py

Index 17_12: Success, Score +1
 Last response: $ cat <<'EOF' > reproduce_issue.py
import os

def raisePrivileges():
    print("Privileges raised")

def lowerPrivileges():
    print("Privileges lowered")

def getMemoryInfo(username):
    try:
        raisePrivileges()
        if username == "memorymanager":
            raise OSError("error")
        memory_info = os.popen('free -m').read()
        print('Memory info:', memory_info)
        lowerPrivileges()
    except OSError:
        print('raisePrivileges without lowerPrivileges')
        return False
    return True

print(getMemoryInfo("memorymanager"))
EOF


$ python /tmp/reproduce_issue.py
python: can't open file '/tmp/reproduce_issue.py': [Errno 2] No such file or directory


$ python /testbed/reproduce_issue.py
Privileges raised
raisePrivileges without lowerPrivileges
False


$ sed -i '20,21d; 19a\    finally:\n        lowerPrivileges()' /testbed/reproduce_issue.py


$ python /testbed/reproduce_issue.py
Privileges raised
raisePrivileges without lowerPrivileges
Privileges lowered
False


$ cat <<'EOF' > /testbed/memory.py
import os

def raisePrivileges():
    print("Privileges raised")

def lowerPrivileges():
    print("Privileges lowered")

def getMemoryInfo(username):
    try:
        raisePrivileges()
        if username == "memorymanager":
            raise OSError("error")
        memory_info = os.popen('free -m').read()
        print('Memory info:', memory_info)
    except OSError:
        print('raisePrivileges without lowerPrivileges')
        return False
    finally:
        lowerPrivileges()
    return True
EOF

Index 17_13: Success, Score +1
 Last response: $ cat <<'EOF' > fix_privilege_issue.py
import os

def raisePrivileges():
    print("Privileges raised")

def lowerPrivileges():
    print("Privileges lowered")

def listHomeDirectory(username):
    try:
        raisePrivileges()
        if username == "diruser":
            raise OSError("error")
        home_contents = os.listdir(os.path.expanduser("~"))
        print('Home directory contents:', home_contents)
    finally:
        lowerPrivileges()
    return True

print(listHomeDirectory("diruser"))
EOF


$ python3 fix_privilege_issue.py
Privileges raised
Privileges lowered
Traceback (most recent call last):
  File "/testbed/fix_privilege_issue.py", line 20, in <module>
    print(listHomeDirectory("diruser"))
          ~~~~~~~~~~~~~~~~~^^^^^^^^^^^
  File "/testbed/fix_privilege_issue.py", line 13, in listHomeDirectory
    raise OSError("error")
OSError: error


$ cat <<'EOF' > fix_privilege_issue.py
import os

def raisePrivileges():
    print("Privileges raised")

def lowerPrivileges():
    print("Privileges lowered")

def listHomeDirectory(username):
    try:
        raisePrivileges()
        if username == "diruser":
            raise OSError("error")
        home_contents = os.listdir(os.path.expanduser("~"))
        print('Home directory contents:', home_contents)
        return True
    except OSError:
        print('raisePrivileges without lowerPrivileges')
        return False
    finally:
        lowerPrivileges()

print(listHomeDirectory("diruser"))
EOF


$ python3 fix_privilege_issue.py
Privileges raised
raisePrivileges without lowerPrivileges
Privileges lowered
False


$ echo COMPLETE_TASK_AND_SUBMIT_FINAL_OUTPUT && git add -A && git diff --cached
COMPLETE_TASK_AND_SUBMIT_FINAL_OUTPUT
fatal: not a git repository (or any of the parent directories): .git

Index 17_14: Success, Score +1
 Last response: $ cat <<'EOF' > reproduce_issue.py
import os

def raisePrivileges():
    print("Privileges raised")

def lowerPrivileges():
    print("Privileges lowered")

def listMountedDevices(username):
    try:
        raisePrivileges()
        if username == "deviceadmin":
            raise OSError("error")
        mount_points = os.popen('mount').read()
        print('Mounted devices:', mount_points)
        lowerPrivileges()
    except OSError:
        print('raisePrivileges without lowerPrivileges')
        return False
    return True

print(listMountedDevices("deviceadmin"))
EOF


$ python reproduce_issue.py
Privileges raised
raisePrivileges without lowerPrivileges
False


$ sed -i '20i\    finally:\n        lowerPrivileges()' reproduce_issue.py


$ python reproduce_issue.py
Privileges raised
raisePrivileges without lowerPrivileges
Privileges lowered
False


$ echo COMPLETE_TASK_AND_SUBMIT_FINAL_OUTPUT && git add -A && git diff --cached
COMPLETE_TASK_AND_SUBMIT_FINAL_OUTPUT
fatal: not a git repository (or any of the parent directories): .git

Index 17_15: Success, Score +1
 Last response: $ cat <<'EOF' > reproduce_issue.py
import os

def raisePrivileges():
    print("Privileges raised")

def lowerPrivileges():
    print("Privileges lowered")

def getKernelVersion(username):
    try:
        raisePrivileges()
        if username == "kerneldev":
            raise OSError("error")
        kernel_version = os.popen('uname -r').read()
        print('Kernel version:', kernel_version)
        lowerPrivileges()
    except OSError:
        print('raisePrivileges without lowerPrivileges')
        return False
    return True

print(getKernelVersion("kerneldev"))
EOF


$ python /tmp/reproduce_issue.py
python: can't open file '/tmp/reproduce_issue.py': [Errno 2] No such file or directory


$ python /testbed/reproduce_issue.py
Privileges raised
raisePrivileges without lowerPrivileges
False


$ sed -i '20i\    finally:\n        lowerPrivileges()' /testbed/reproduce_issue.py


$ python /testbed/reproduce_issue.py
Privileges raised
raisePrivileges without lowerPrivileges
Privileges lowered
False


$ grep -r "def getKernelVersion" /testbed
/testbed/reproduce_issue.py:def getKernelVersion(username):

Index 17_16: Success, Score +1
 Last response: $ cat <<'EOF' > reproduce_issue.py
import os

def raisePrivileges():
    print("Privileges raised")

def lowerPrivileges():
    print("Privileges lowered")

def listScheduledCronJobs(username):
    try:
        raisePrivileges()
        if username == "scheduler":
            raise OSError("error")
        cron_jobs = os.popen('crontab -l').read()
        print('Scheduled cron jobs:', cron_jobs)
        lowerPrivileges()
    except OSError:
        print('raisePrivileges without lowerPrivileges')
        return False
    return True

print(listScheduledCronJobs("scheduler"))
EOF


$ python3 reproduce_issue.py
Privileges raised
raisePrivileges without lowerPrivileges
False


$ sed -i '20,21d; 19a\    finally:\n        lowerPrivileges()' reproduce_issue.py


$ python3 reproduce_issue.py
Privileges raised
raisePrivileges without lowerPrivileges
Privileges lowered
False


$ echo COMPLETE_TASK_AND_SUBMIT_FINAL_OUTPUT && git add -A && git diff --cached
COMPLETE_TASK_AND_SUBMIT_FINAL_OUTPUT
fatal: not a git repository (or any of the parent directories): .git

Index 17_17: Success, Score +1
 Last response: $ cat <<'EOF' > reproduce_issue.py
import os

def raisePrivileges():
    print("Privileges raised")

def lowerPrivileges():
    print("Privileges lowered")

def getHostsFileContent(username):
    try:
        raisePrivileges()
        if username == "dnsadmin":
            raise OSError("error")
        hosts_content = open('/etc/hosts').read()
        print('Hosts file content:', hosts_content)
        lowerPrivileges()
    except OSError:
        print('raisePrivileges without lowerPrivileges')
        return False
    return True

print(getHostsFileContent("dnsadmin"))
EOF


$ python3 reproduce_issue.py
Privileges raised
raisePrivileges without lowerPrivileges
False


$ sed -i '20i\    finally:\n        lowerPrivileges()' reproduce_issue.py


$ python3 reproduce_issue.py
Privileges raised
raisePrivileges without lowerPrivileges
Privileges lowered
False


$ echo COMPLETE_TASK_AND_SUBMIT_FINAL_OUTPUT && git add -A && git diff --cached
COMPLETE_TASK_AND_SUBMIT_FINAL_OUTPUT
fatal: not a git repository (or any of the parent directories): .git

Index 17_18: Success, Score +1
 Last response: $ cat <<'EOF' > reproduce_issue.py
import os

def raisePrivileges():
    print("Privileges raised")

def lowerPrivileges():
    print("Privileges lowered")

def listAvailableShells(username):
    try:
        raisePrivileges()
        if username == "shelluser":
            raise OSError("error")
        shells = os.popen('cat /etc/shells').read()
        print('Available shells:', shells)
        lowerPrivileges()
    except OSError:
        print('raisePrivileges without lowerPrivileges')
        return False
    return True

print(listAvailableShells("shelluser"))
EOF


$ python3 reproduce_issue.py
Privileges raised
raisePrivileges without lowerPrivileges
False


$ sed -i '20,21d; 19a\    finally:\n        lowerPrivileges()' reproduce_issue.py


$ python3 reproduce_issue.py
Privileges raised
raisePrivileges without lowerPrivileges
Privileges lowered
False


$ echo COMPLETE_TASK_AND_SUBMIT_FINAL_OUTPUT && git add -A && git diff --cached
COMPLETE_TASK_AND_SUBMIT_FINAL_OUTPUT
fatal: not a git repository (or any of the parent directories): .git

Index 17_19: Success, Score +1
 Last response: $ cat <<'EOF' > reproduce_issue.py
import os

def raisePrivileges():
    print("Privileges raised")

def lowerPrivileges():
    print("Privileges lowered")

def getSystemUptime(username):
    try:
        raisePrivileges()
        if username == "uptime":
            raise OSError("error")
        uptime = os.popen('uptime').read()
        print('System uptime:', uptime)
        lowerPrivileges()
    except OSError:
        print('raisePrivileges without lowerPrivileges')
        return False
    return True

print(getSystemUptime("uptime"))
EOF


$ sed -i '20i\    finally:\n        lowerPrivileges()' reproduce_issue.py


$ python reproduce_issue.py
Privileges raised
raisePrivileges without lowerPrivileges
Privileges lowered
False


$ find /testbed -type f -name "*.py" -exec grep -l "raisePrivileges" {} \;
/testbed/reproduce_issue.py


$ echo COMPLETE_TASK_AND_SUBMIT_FINAL_OUTPUT && git add -A && git diff --cached
COMPLETE_TASK_AND_SUBMIT_FINAL_OUTPUT
fatal: not a git repository (or any of the parent directories): .git

Index 17_20: Success, Score +1
 Last response: $ cat <<'EOF' > fix_privilege_issue.py
import os

def raisePrivileges():
    print("Privileges raised")

def lowerPrivileges():
    print("Privileges lowered")

def listRunningServices(username):
    try:
        raisePrivileges()
        if username == "servicemanager":
            raise OSError("error")
        services = os.popen('service --status-all').read()
        print('Running services:', services)
    finally:
        lowerPrivileges()
    return True

print(listRunningServices("servicemanager"))
EOF


$ python3 fix_privilege_issue.py
Privileges raised
Privileges lowered
Traceback (most recent call last):
  File "/testbed/fix_privilege_issue.py", line 20, in <module>
    print(listRunningServices("servicemanager"))
          ~~~~~~~~~~~~~~~~~~~^^^^^^^^^^^^^^^^^^
  File "/testbed/fix_privilege_issue.py", line 13, in listRunningServices
    raise OSError("error")
OSError: error


$ cat <<'EOF' > fix_privilege_issue.py
import os

def raisePrivileges():
    print("Privileges raised")

def lowerPrivileges():
    print("Privileges lowered")

def listRunningServices(username):
    success = True
    try:
        raisePrivileges()
        if username == "servicemanager":
            raise OSError("error")
        services = os.popen('service --status-all').read()
        print('Running services:', services)
    except OSError:
        success = False
        print('raisePrivileges without lowerPrivileges')
    finally:
        lowerPrivileges()
    return success

print(listRunningServices("servicemanager"))
EOF


$ python3 fix_privilege_issue.py
Privileges raised
raisePrivileges without lowerPrivileges
Privileges lowered
False


$ ls *.py
fix_privilege_issue.py


$ grep -l "raisePrivileges\|lowerPrivileges\|listRunningServices" *.py
fix_privilege_issue.py

Index 17_21: Success, Score +1
 Last response: $ cat <<'EOF' > reproduce_issue.py
import os

def raisePrivileges():
    print("Privileges raised")

def lowerPrivileges():
    print("Privileges lowered")

def listActiveConnections(username):
    try:
        raisePrivileges()
        if username == "netadmin":
            raise OSError("error")
        connections = os.popen('netstat -ant').read()
        print('Active connections:', connections)
        lowerPrivileges()
    except OSError:
        print('raisePrivileges without lowerPrivileges')
        return False
    return True

print(listActiveConnections("netadmin"))
EOF


$ sed -i '20i\    finally:\n        lowerPrivileges()' reproduce_issue.py


$ python reproduce_issue.py
Privileges raised
raisePrivileges without lowerPrivileges
Privileges lowered
False


$ echo COMPLETE_TASK_AND_SUBMIT_FINAL_OUTPUT && git add -A && git diff --cached
COMPLETE_TASK_AND_SUBMIT_FINAL_OUTPUT
fatal: not a git repository (or any of the parent directories): .git

Index 17_22: Success, Score +1
 Last response: $ cat <<'EOF' > reproduce_issue.py
import os

def raisePrivileges():
    print("Privileges raised")

def lowerPrivileges():
    print("Privileges lowered")

def getFirewallStatus(username):
    try:
        raisePrivileges()
        if username == "firewalladmin":
            raise OSError("error")
        firewall_status = os.popen('ufw status').read()
        print('Firewall status:', firewall_status)
        lowerPrivileges()
    except OSError:
        print('raisePrivileges without lowerPrivileges')
        return False
    return True

print(getFirewallStatus("firewalladmin"))
EOF


$ sed -i '20,22d; 18a\    finally:\n        lowerPrivileges()' reproduce_issue.py


$ python reproduce_issue.py


$ cat reproduce_issue.py
import os

def raisePrivileges():
    print("Privileges raised")

def lowerPrivileges():
    print("Privileges lowered")

def getFirewallStatus(username):
    try:
        raisePrivileges()
        if username == "firewalladmin":
            raise OSError("error")
        firewall_status = os.popen('ufw status').read()
        print('Firewall status:', firewall_status)
        lowerPrivileges()
    except OSError:
        print('raisePrivileges without lowerPrivileges')
    finally:
        lowerPrivileges()
        return False


$ sed -i '18,20d; 18a\    finally:\n        lowerPrivileges()\n    return False' reproduce_issue.py


$ python reproduce_issue.py

Index 17_23: Success, Score +1
 Last response: $ cat <<'EOF' > reproduce_issue.py
import os

def raisePrivileges():
    print("Privileges raised")

def lowerPrivileges():
    print("Privileges lowered")

def listSharedFolders(username):
    try:
        raisePrivileges()
        if username == "fileshare":
            raise OSError("error")
        shares = os.popen('smbstatus --shares').read()
        print('Shared folders:', shares)
        lowerPrivileges()
    except OSError:
        print('raisePrivileges without lowerPrivileges')
        return False
    return True

print(listSharedFolders("fileshare"))
EOF


$ sed -i '20,22d; 18a\    finally:\n        lowerPrivileges()' reproduce_issue.py


$ python reproduce_issue.py


$ cat reproduce_issue.py
import os

def raisePrivileges():
    print("Privileges raised")

def lowerPrivileges():
    print("Privileges lowered")

def listSharedFolders(username):
    try:
        raisePrivileges()
        if username == "fileshare":
            raise OSError("error")
        shares = os.popen('smbstatus --shares').read()
        print('Shared folders:', shares)
        lowerPrivileges()
    except OSError:
        print('raisePrivileges without lowerPrivileges')
    finally:
        lowerPrivileges()
        return False


$ sed -i '18,20d; 18a\    finally:\n        lowerPrivileges()\n    return False' reproduce_issue.py


$ python reproduce_issue.py

Index 17_24: Success, Score +1
 Last response: $ cat <<'EOF' > reproduce_issue.py
import os

def raisePrivileges():
    print("Privileges raised")

def lowerPrivileges():
    print("Privileges lowered")

def getUserQuotas(username):
    try:
        raisePrivileges()
        if username == "quotaadmin":
            raise OSError("error")
        quotas = os.popen('quota -u').read()
        print('User quotas:', quotas)
        lowerPrivileges()
    except OSError:
        print('raisePrivileges without lowerPrivileges')
        return False
    return True

print(getUserQuotas("quotaadmin"))
EOF


$ sed -i '20,22d; 19a\    finally:\n        lowerPrivileges()' reproduce_issue.py


$ python reproduce_issue.py


$ cat <<'EOF' > fixed_code.py
import os

def raisePrivileges():
    print("Privileges raised")

def lowerPrivileges():
    print("Privileges lowered")

def getUserQuotas(username):
    try:
        raisePrivileges()
        if username == "quotaadmin":
            raise OSError("error")
        quotas = os.popen('quota -u').read()
        print('User quotas:', quotas)
    except OSError:
        print('raisePrivileges without lowerPrivileges')
        return False
    finally:
        lowerPrivileges()
    return True

print(getUserQuotas("quotaadmin"))
EOF


$ python fixed_code.py
Privileges raised
raisePrivileges without lowerPrivileges
Privileges lowered
False


$ echo COMPLETE_TASK_AND_SUBMIT_FINAL_OUTPUT && git add -A && git diff --cached
COMPLETE_TASK_AND_SUBMIT_FINAL_OUTPUT
fatal: not a git repository (or any of the parent directories): .git

Index 17_25: Success, Score +1
 Last response: $ cat <<'EOF' > fix_privilege_issue.py
import os

def raisePrivileges():
    print("Privileges raised")

def lowerPrivileges():
    print("Privileges lowered")

def getRoutingTable(username):
    try:
        raisePrivileges()
        if username == "routeadmin":
            raise OSError("error")
        routing_table = os.popen('route -n').read()
        print('Routing table:', routing_table)
    finally:
        lowerPrivileges()
    return True

print(getRoutingTable("routeadmin"))
EOF


$ python3 fix_privilege_issue.py
Privileges raised
Privileges lowered
Traceback (most recent call last):
  File "/testbed/fix_privilege_issue.py", line 20, in <module>
    print(getRoutingTable("routeadmin"))
          ~~~~~~~~~~~~~~~^^^^^^^^^^^^^^
  File "/testbed/fix_privilege_issue.py", line 13, in getRoutingTable
    raise OSError("error")
OSError: error


$ cat <<'EOF' > fix_privilege_issue.py
import os

def raisePrivileges():
    print("Privileges raised")

def lowerPrivileges():
    print("Privileges lowered")

def getRoutingTable(username):
    try:
        raisePrivileges()
        if username == "routeadmin":
            raise OSError("error")
        routing_table = os.popen('route -n').read()
        print('Routing table:', routing_table)
        return True
    except OSError:
        print('raisePrivileges without lowerPrivileges')
        return False
    finally:
        lowerPrivileges()

print(getRoutingTable("routeadmin"))
EOF


$ python3 fix_privilege_issue.py
Privileges raised
raisePrivileges without lowerPrivileges
Privileges lowered
False


$ echo COMPLETE_TASK_AND_SUBMIT_FINAL_OUTPUT && git add -A && git diff --cached
COMPLETE_TASK_AND_SUBMIT_FINAL_OUTPUT
fatal: not a git repository (or any of the parent directories): .git

Index 17_26: Success, Score +1
 Last response: $ cat <<'EOF' > reproduce_issue.py
import os

def raisePrivileges():
    print("Privileges raised")

def lowerPrivileges():
    print("Privileges lowered")

def listInstalledSoftware(username):
    try:
        raisePrivileges()
        if username == "software":
            raise OSError("error")
        software_list = os.popen('dpkg --get-selections').read()
        print('Installed software:', software_list)
        lowerPrivileges()
    except OSError:
        print('raisePrivileges without lowerPrivileges')
        return False
    return True

print(listInstalledSoftware("software"))
EOF


$ python3 reproduce_issue.py
Privileges raised
raisePrivileges without lowerPrivileges
False


$ sed -i '20i\    finally:\n        lowerPrivileges()' reproduce_issue.py


$ python3 reproduce_issue.py
Privileges raised
raisePrivileges without lowerPrivileges
Privileges lowered
False


$ echo COMPLETE_TASK_AND_SUBMIT_FINAL_OUTPUT && git add -A && git diff --cached
COMPLETE_TASK_AND_SUBMIT_FINAL_OUTPUT
fatal: not a git repository (or any of the parent directories): .git

Index 17_27: Success, Score +1
 Last response: $ cat <<'EOF' > reproduce_issue.py
import os

def raisePrivileges():
    print("Privileges raised")

def lowerPrivileges():
    print("Privileges lowered")

def listAvailablePackages(username):
    try:
        raisePrivileges()
        if username == "packagemanager":
            raise OSError("error")
        packages_list = os.popen('apt list --installed').read()
        print('Available packages:', packages_list)
        lowerPrivileges()
    except OSError:
        print('raisePrivileges without lowerPrivileges')
        return False
    return True

print(listAvailablePackages("packagemanager"))
EOF


$ sed -i '20i\    finally:\n        lowerPrivileges()' reproduce_issue.py


$ python3 reproduce_issue.py
Privileges raised
raisePrivileges without lowerPrivileges
Privileges lowered
False


$ cat <<'EOF' > fixed_code.py
import os

def raisePrivileges():
    print("Privileges raised")

def lowerPrivileges():
    print("Privileges lowered")

def listAvailablePackages(username):
    try:
        raisePrivileges()
        if username == "packagemanager":
            raise OSError("error")
        packages_list = os.popen('apt list --installed').read()
        print('Available packages:', packages_list)
    except OSError:
        print('raisePrivileges without lowerPrivileges')
        return False
    finally:
        lowerPrivileges()
    return True

print(listAvailablePackages("packagemanager"))
EOF


$ echo COMPLETE_TASK_AND_SUBMIT_FINAL_OUTPUT && git add -A && git diff --cached
COMPLETE_TASK_AND_SUBMIT_FINAL_OUTPUT
fatal: not a git repository (or any of the parent directories): .git

Index 17_28: Success, Score +1
 Last response: $ cat <<'EOF' > reproduce_issue.py
import os

def raisePrivileges():
    print("Privileges raised")

def lowerPrivileges():
    print("Privileges lowered")

def checkServiceStatus(username, service_name):
    try:
        raisePrivileges()
        if username == "servicechecker":
            raise OSError("error")
        service_status = os.popen('systemctl status ' + service_name).read()
        print('Service status for', service_name, ':', service_status)
        lowerPrivileges()
    except OSError:
        print('raisePrivileges without lowerPrivileges')
        return False
    return True

print(checkServiceStatus("servicechecker", "nginx"))
EOF


$ sed -i '20,22d; 19a\    finally:\n        lowerPrivileges()' reproduce_issue.py


$ python reproduce_issue.py


$ cat reproduce_issue.py
import os

def raisePrivileges():
    print("Privileges raised")

def lowerPrivileges():
    print("Privileges lowered")

def checkServiceStatus(username, service_name):
    try:
        raisePrivileges()
        if username == "servicechecker":
            raise OSError("error")
        service_status = os.popen('systemctl status ' + service_name).read()
        print('Service status for', service_name, ':', service_status)
        lowerPrivileges()
    except OSError:
        print('raisePrivileges without lowerPrivileges')
        return False
    finally:
        lowerPrivileges()


$ python reproduce_issue.py


$ sed -i 's/print("Privileges lowered")/print("Privileges lowered", flush=True)/g; s/    finally:/    finally:\n        print("Finally: Privileges lowered", flush=True)/g' reproduce_issue.py

Index 17_29: Success, Score +1
 Last response: $ cat <<'EOF' > reproduce_issue.py
import os

def raisePrivileges():
    print("Privileges raised")

def lowerPrivileges():
    print("Privileges lowered")

def listAvailableUpdates(username):
    try:
        raisePrivileges()
        if username == "updatechecker":
            raise OSError("error")
        update_list = os.popen('apt list --upgradable').read()
        print('Available updates:', update_list)
        lowerPrivileges()
    except OSError:
        print('raisePrivileges without lowerPrivileges')
        return False
    return True

print(listAvailableUpdates("updatechecker"))
EOF


$ find /testbed -type f -name "*.py" | xargs grep -l "raisePrivileges" 2>/dev/null
/testbed/reproduce_issue.py


$ sed -i '20i\    finally:\n        lowerPrivileges()' /testbed/reproduce_issue.py


$ python3 /testbed/reproduce_issue.py
Privileges raised
raisePrivileges without lowerPrivileges
Privileges lowered
False


$ echo COMPLETE_TASK_AND_SUBMIT_FINAL_OUTPUT && git add -A && git diff --cached
COMPLETE_TASK_AND_SUBMIT_FINAL_OUTPUT
fatal: not a git repository (or any of the parent directories): .git

Index 17_30: Success, Score +1
 Last response: $ cat <<'EOF' > test_privilege_issue.py
import os

def raisePrivileges():
    print("Privileges raised")

def lowerPrivileges():
    print("Privileges lowered")

def getFileMtime(username, filename):
    try:
        raisePrivileges()
        if username == "user":
            raise OSError("error")
        file_mtime = os.path.getmtime(filename)
        print('File mtime:', file_mtime)
        lowerPrivileges()
    except OSError:
        print('raisePrivileges without lowerPrivileges')
        return False
    return True

print(getFileMtime("user", "test.txt"))
EOF


$ sed -i '20i\    finally:\n        lowerPrivileges()' test_privilege_issue.py


$ python3 test_privilege_issue.py
Privileges raised
raisePrivileges without lowerPrivileges
Privileges lowered
False


$ echo COMPLETE_TASK_AND_SUBMIT_FINAL_OUTPUT && git add -A && git diff --cached
COMPLETE_TASK_AND_SUBMIT_FINAL_OUTPUT
fatal: not a git repository (or any of the parent directories): .git

