Index 25_1: Success, Score +1
 Last response: $ cat <<'EOF' > execute_code.py
def find_value_for_key(alist, key): 
    value = None 
    for k, v in alist: 
        if k == key: 
            value = v 
            break 
    return value 

alist = []

alist.append(('key6', 'data1')) 
alist.append(('key7', 'data2')) 
alist.append(('key6', 'data3')) 
alist.append(('key7', 'data4')) 
alist.append(('key8', 'data5')) 
alist.append(('key8', 'data6')) 

key8_value = find_value_for_key(alist, 'key8') 

if key8_value is not None: 
    print(f'key8: {key8_value}') 
else: 
    print('key8 not found')
EOF


$ python3 execute_code.py
key8: data5


$ echo COMPLETE_TASK_AND_SUBMIT_FINAL_OUTPUT && git add -A && git diff --cached
COMPLETE_TASK_AND_SUBMIT_FINAL_OUTPUT
fatal: not a git repository (or any of the parent directories): .git

Index 25_2: Success, Score +1
 Last response: $ cat <<'EOF' > script.py
def find_value_for_key(alist, key): 
    value = None 
    for k, v in alist: 
        if k == key: 
            value = v 
            break 
    return value 

alist = [] 

alist.append(('key9', 'data1'))
alist.append(('key10', 'data2'))
alist.append(('key9', 'data3'))

key9_value = find_value_for_key(alist, 'key9')

if key9_value is not None:
    print(f'key9: {key9_value}')
else: 
    print('key9 not found')
EOF


$ python3 script.py
key9: data1


$ echo COMPLETE_TASK_AND_SUBMIT_FINAL_OUTPUT && git add -A && git diff --cached
COMPLETE_TASK_AND_SUBMIT_FINAL_OUTPUT
fatal: not a git repository (or any of the parent directories): .git

Index 25_3: Success, Score +1
 Last response: $ cat <<'EOF' > execute_find_value.py
def find_value_for_key(alist, key): 
    value = None 
    for k, v in alist: 
        if k == key: 
            value = v 
            break 
    return value 

alist = [] 

alist.append(('key11', 'data1')) 
alist.append(('key12', 'data2')) 
alist.append(('key11', 'data3')) 
alist.append(('key13', 'data4')) 
alist.append(('key11', 'data5')) 

key11_value = find_value_for_key(alist, 'key11') 

if key11_value is not None: 
    print(f'key11: {key11_value}') 
else:
    print('key11 not found')
EOF


$ python3 execute_find_value.py
key11: data1


$ echo COMPLETE_TASK_AND_SUBMIT_FINAL_OUTPUT && git add -A && git diff --cached
COMPLETE_TASK_AND_SUBMIT_FINAL_OUTPUT
fatal: not a git repository (or any of the parent directories): .git

Index 25_4: Success, Score +1
 Last response: $ cat <<'EOF' > execute_find_value.py
def find_value_for_key(alist, key): 
    value = None 
    for k, v in alist: 
        if k == key: 
            value = v 
            break 
    return value 

alist = [] 

alist.append(('key14', 'data1')) 
alist.append(('key14', 'data2')) 
alist.append(('key15', 'data3')) 

key14_value = find_value_for_key(alist, 'key14') 

if key14_value is not None: 
    print(f'key14: {key14_value}') 
else: 
    print('key14 not found')
EOF


$ python3 execute_find_value.py
key14: data1


$ echo COMPLETE_TASK_AND_SUBMIT_FINAL_OUTPUT && git add -A && git diff --cached
COMPLETE_TASK_AND_SUBMIT_FINAL_OUTPUT
fatal: not a git repository (or any of the parent directories): .git

Index 25_5: Success, Score +1
 Last response: $ cat <<'EOF' > find_value_script.py
def find_value_for_key(alist, key): 
    value = None 
    for k, v in alist: 
        if k == key: 
            value = v 
            break 
    return value 

alist = [] 

alist.append(('key31', 'data1')) 
alist.append(('key32', 'data2')) 
alist.append(('key31', 'data3')) 
alist.append(('key33', 'data4')) 
alist.append(('key31', 'data5')) 

key31_value = find_value_for_key(alist, 'key31') 

if key31_value is not None: 
    print(f'key31: {key31_value}') 
else: 
    print('key31 not found')
EOF


$ python3 find_value_script.py
key31: data1


$ echo COMPLETE_TASK_AND_SUBMIT_FINAL_OUTPUT && git add -A && git diff --cached
COMPLETE_TASK_AND_SUBMIT_FINAL_OUTPUT
fatal: not a git repository (or any of the parent directories): .git

Index 25_6: Success, Score +1
 Last response: $ cat <<'EOF' > execute_find_value.py
def find_value_for_key(alist, key): 
    value = None 
    for k, v in alist: 
        if k == key: 
            value = v 
            break 
    return value 

alist = [] 

alist.append(('key49', 'data1')) 
alist.append(('key50', 'data2')) 
alist.append(('key49', 'data3')) 

key49_value = find_value_for_key(alist, 'key49') 

if key49_value is not None: 
    print(f'key49: {key49_value}') 
else: 
    print('key49 not found')
EOF


$ python3 execute_find_value.py
key49: data1


$ echo COMPLETE_TASK_AND_SUBMIT_FINAL_OUTPUT && git add -A && git diff --cached
COMPLETE_TASK_AND_SUBMIT_FINAL_OUTPUT
fatal: not a git repository (or any of the parent directories): .git

Index 25_7: Success, Score +1
 Last response: $ cat <<'EOF' > execute_find_value.py
def find_value_for_key(alist, key): 
    value = None 
    for k, v in alist: 
        if k == key: 
            value = v 
            break 
    return value 

alist = [] 

alist.append(('key56', 'data1')) 
alist.append(('key57', 'data2')) 
alist.append(('key56', 'data3')) 
alist.append(('key57', 'data4')) 
alist.append(('key58', 'data5')) 
alist.append(('key56', 'data6')) 

key56_value = find_value_for_key(alist, 'key56') 

if key56_value is not None: 
    print(f'key56: {key56_value}') 
else: 
    print('key56 not found')
EOF


$ python3 execute_find_value.py
key56: data1


$ echo COMPLETE_TASK_AND_SUBMIT_FINAL_OUTPUT && git add -A && git diff --cached
COMPLETE_TASK_AND_SUBMIT_FINAL_OUTPUT
fatal: not a git repository (or any of the parent directories): .git

Index 25_8: Success, Score +1
 Last response: $ cat <<'EOF' > find_value_script.py
def find_value_for_key(alist, key):
    try:
        idx = [i for i, (k, _) in enumerate(alist) if k == key][0]
        return alist[idx][1]
    except IndexError:
        return None

alist = [('color', 'red'), ('color', 'blue'), ('shape', 'circle')]

color_value = find_value_for_key(alist, 'color')
print(f'color: {color_value}')
EOF


$ python3 find_value_script.py
color: red


$ echo COMPLETE_TASK_AND_SUBMIT_FINAL_OUTPUT && git add -A && git diff --cached
COMPLETE_TASK_AND_SUBMIT_FINAL_OUTPUT
fatal: not a git repository (or any of the parent directories): .git

Index 25_9: Success, Score +1
 Last response: $ cat <<'EOF' > execute_find_value.py
def find_value_for_key(alist, key):
    try:
        idx = [i for i, (k, _) in enumerate(alist) if k == key][0]
        return alist[idx][1]
    except IndexError:
        return None

alist = [('fruit', 'apple'), ('fruit', 'banana'), ('vegetable', 'carrot')]

fruit_value = find_value_for_key(alist, 'fruit')
print(f'fruit: {fruit_value}')
EOF


$ python3 execute_find_value.py
fruit: apple


$ echo COMPLETE_TASK_AND_SUBMIT_FINAL_OUTPUT && git add -A && git diff --cached
COMPLETE_TASK_AND_SUBMIT_FINAL_OUTPUT
fatal: not a git repository (or any of the parent directories): .git

Index 25_10: Success, Score +1
 Last response: $ cat <<'EOF' > utils.py
def find_value_for_key(alist, key):
    try:
        idx = [i for i, (k, _) in enumerate(alist) if k == key][0]
        return alist[idx][1]
    except IndexError:
        return None
EOF


$ cat <<'EOF' > test_find_value.py
from utils import find_value_for_key

alist = [('username', 'john_doe'), ('password', '123456'), ('username', 'jane_doe')]
username_value = find_value_for_key(alist, 'username')
print(f'username: {username_value}')
EOF


$ python test_find_value.py
username: john_doe


$ echo COMPLETE_TASK_AND_SUBMIT_FINAL_OUTPUT && git add -A && git diff --cached
COMPLETE_TASK_AND_SUBMIT_FINAL_OUTPUT
fatal: not a git repository (or any of the parent directories): .git

Index 25_11: Success, Score +1
 Last response: $ cat <<'EOF' > execute_code.py
def find_value_for_key(alist, key):
    try:
        idx = [i for i, (k, _) in enumerate(alist) if k == key][0]
        return alist[idx][1]
    except IndexError:
        return None

alist = [('country', 'USA'), ('country', 'Canada'), ('continent', 'North America')]

country_value = find_value_for_key(alist, 'country')
print(f'country: {country_value}')
EOF


$ python3 execute_code.py
country: USA


$ echo COMPLETE_TASK_AND_SUBMIT_FINAL_OUTPUT && git add -A && git diff --cached
COMPLETE_TASK_AND_SUBMIT_FINAL_OUTPUT
fatal: not a git repository (or any of the parent directories): .git

Index 25_12: Success, Score +1
 Last response: $ cat <<'EOF' > execute_code.py
def find_value_for_key(alist, key):
    return dict(alist).get(key)

alist = [('color', 'Red'), ('color', 'Blue'), ('shape', 'Square')]

color_value = find_value_for_key(alist, 'color')
print(f'color: {color_value}')
EOF


$ python3 execute_code.py
color: Blue


$ echo COMPLETE_TASK_AND_SUBMIT_FINAL_OUTPUT && git add -A && git diff --cached
COMPLETE_TASK_AND_SUBMIT_FINAL_OUTPUT
fatal: not a git repository (or any of the parent directories): .git

Index 25_13: Success, Score +1
 Last response: $ cat <<'EOF' > reproduce_issue.py
def find_value_for_key(alist, key):
    return [v for k, v in alist if k == key][:1]

alist = [('animal', 'Dog'), ('animal', 'Cat'), ('type', 'Pet')]

animal_value = find_value_for_key(alist, 'animal')
print(f'animal: {animal_value[0]}')
EOF


$ python reproduce_issue.py
animal: Dog


$ echo COMPLETE_TASK_AND_SUBMIT_FINAL_OUTPUT && git add -A && git diff --cached
COMPLETE_TASK_AND_SUBMIT_FINAL_OUTPUT
fatal: not a git repository (or any of the parent directories): .git

Index 25_14: Success, Score +1
 Last response: $ cat <<'EOF' > check_function.py
def find_value_for_key(alist, key):
    value = None
    for item in reversed(alist):
        if item[0] == key:
            value = item[1]
            break
    return value

alist = [('fruit', 'Apple'), ('fruit', 'Banana'), ('origin', 'Tropical')]

fruit_value = find_value_for_key(alist, 'fruit')
print(f'fruit: {fruit_value}')
EOF


$ python3 check_function.py
fruit: Banana


$ echo COMPLETE_TASK_AND_SUBMIT_FINAL_OUTPUT && git add -A && git diff --cached
COMPLETE_TASK_AND_SUBMIT_FINAL_OUTPUT
fatal: not a git repository (or any of the parent directories): .git

Index 25_15: Success, Score +1
 Last response: $ cat <<'EOF' > execute_find_value.py
def find_value_for_key(alist, key):
    try:
        value = next(v for k, v in alist if k == key)
    except StopIteration:
        value = None
    return value

alist = [('vehicle', 'Car'), ('vehicle', 'Motorcycle'), ('fuel', 'Gasoline')]

vehicle_value = find_value_for_key(alist, 'vehicle')
print(f'vehicle: {vehicle_value}')
EOF


$ python3 execute_find_value.py
vehicle: Car


$ echo COMPLETE_TASK_AND_SUBMIT_FINAL_OUTPUT && git add -A && git diff --cached
COMPLETE_TASK_AND_SUBMIT_FINAL_OUTPUT
fatal: not a git repository (or any of the parent directories): .git

Index 25_16: Success, Score +1
 Last response: $ cat <<'EOF' > reproduce_issue.py
def find_value_for_key(alist, key):
    filtered = list(filter(lambda x: x[0] == key, alist))
    return len(filtered) > 0 and filtered[0][1] or None

alist = [('season', 'Spring'), ('season', 'Summer'), ('activity', 'Hiking')]

season_value = find_value_for_key(alist, 'season')
print(f'season: {season_value}')

# Test with falsy value
alist2 = [('empty', ''), ('nonempty', 'value')]
empty_value = find_value_for_key(alist2, 'empty')
print(f'empty: {empty_value}')  # Should print 'empty: ' (empty string), but currently prints 'empty: None'
EOF


$ python reproduce_issue.py
season: Spring
empty: None


$ cat <<'EOF' > fixed_function.py
def find_value_for_key(alist, key):
    filtered = list(filter(lambda x: x[0] == key, alist))
    return filtered[0][1] if filtered else None

alist = [('season', 'Spring'), ('season', 'Summer'), ('activity', 'Hiking')]

season_value = find_value_for_key(alist, 'season')
print(f'season: {season_value}')

# Test with falsy value
alist2 = [('empty', ''), ('nonempty', 'value')]
empty_value = find_value_for_key(alist2, 'empty')
print(f'empty: {empty_value}')
EOF


$ python fixed_function.py
season: Spring
empty: 


$ echo COMPLETE_TASK_AND_SUBMIT_FINAL_OUTPUT && git add -A && git diff --cached
COMPLETE_TASK_AND_SUBMIT_FINAL_OUTPUT
fatal: not a git repository (or any of the parent directories): .git

Index 25_17: Success, Score +1
 Last response: $ cat <<'EOF' > execute_code.py
def find_value_for_key(alist, key):
    value = None
    for k, v in alist:
        if k == key and value is None:
            value = v
    return value

alist = [('element', 'Fire'), ('element', 'Water'), ('category', 'Nature')]

element_value = find_value_for_key(alist, 'element')
print(f'element: {element_value}')
EOF


$ python execute_code.py
element: Fire


$ echo COMPLETE_TASK_AND_SUBMIT_FINAL_OUTPUT && git add -A && git diff --cached
COMPLETE_TASK_AND_SUBMIT_FINAL_OUTPUT
fatal: not a git repository (or any of the parent directories): .git

Index 25_18: Success, Score +1
 Last response: $ cat <<'EOF' > execute_code.py
def find_value_for_key(alist, key):
    values = [v for k, v in alist if k == key]
    return values[0] if values else None

alist = [('planet', 'Earth'), ('planet', 'Mars'), ('universe', 'Milky Way')]

planet_value = find_value_for_key(alist, 'planet')
print(f'planet: {planet_value}')
EOF


$ python3 execute_code.py
planet: Earth


$ echo COMPLETE_TASK_AND_SUBMIT_FINAL_OUTPUT && git add -A && git diff --cached
COMPLETE_TASK_AND_SUBMIT_FINAL_OUTPUT
fatal: not a git repository (or any of the parent directories): .git

Index 25_19: Success, Score +1
 Last response: $ cat <<'EOF' > execute_code.py
def find_value_for_key(alist, key):
    matches = [(i, v) for i, (k, v) in enumerate(alist) if k == key]
    return matches and matches[0][1] or None

alist = [('number', 'One'), ('number', 'Two'), ('type', 'Integer')]

number_value = find_value_for_key(alist, 'number')
print(f'number: {number_value}')
EOF


$ python3 execute_code.py
number: One


$ echo COMPLETE_TASK_AND_SUBMIT_FINAL_OUTPUT && git add -A && git diff --cached
COMPLETE_TASK_AND_SUBMIT_FINAL_OUTPUT
fatal: not a git repository (or any of the parent directories): .git

Index 25_20: Success, Score +1
 Last response: $ cat <<'EOF' > execute_code.py
def find_value_for_key(alist, key):
    result = filter(lambda x: x[0] == key, alist)
    return next(result, (None, None))[1]

alist = [('letter', 'A'), ('letter', 'B'), ('alphabet', 'English')]

letter_value = find_value_for_key(alist, 'letter')
print(f'letter: {letter_value}')
EOF

python3 execute_code.py
letter: A


$ echo COMPLETE_TASK_AND_SUBMIT_FINAL_OUTPUT && git add -A && git diff --cached
COMPLETE_TASK_AND_SUBMIT_FINAL_OUTPUT
fatal: not a git repository (or any of the parent directories): .git

Index 25_21: Success, Score +1
 Last response: $ cat <<'EOF' > execute_code.py
def find_value_for_key(alist, key):
    value = None
    for index, (k, v) in enumerate(alist):
        if k == key:
            value = v
            break
    return value

alist = [('symbol', '+'), ('symbol', '-'), ('operation', 'Arithmetic')]

symbol_value = find_value_for_key(alist, 'symbol')
print(f'symbol: {symbol_value}')
EOF


$ python3 execute_code.py
symbol: +


$ echo COMPLETE_TASK_AND_SUBMIT_FINAL_OUTPUT && git add -A && git diff --cached
COMPLETE_TASK_AND_SUBMIT_FINAL_OUTPUT
fatal: not a git repository (or any of the parent directories): .git

Index 25_22: Success, Score +1
 Last response: $ cat <<'EOF' > execute_code.py
def find_value_for_key(alist, key):
    value = [item[1] for item in alist if item[0] == key]
    return value[0] if value else None

alist = [('molecule', 'H2O'), ('molecule', 'CO2'), ('state', 'Gas')]

molecule_value = find_value_for_key(alist, 'molecule')
print(f'molecule: {molecule_value}')
EOF

python3 execute_code.py
molecule: H2O


$ echo COMPLETE_TASK_AND_SUBMIT_FINAL_OUTPUT && git add -A && git diff --cached
COMPLETE_TASK_AND_SUBMIT_FINAL_OUTPUT
fatal: not a git repository (or any of the parent directories): .git

Index 25_23: Success, Score +1
 Last response: $ cat <<'EOF' > execute_code.py
def find_value_for_key(alist, key):
    for item in alist:
        if item[0] == key:
            return item[1]

alist = [('metal', 'Gold'), ('metal', 'Silver'), ('value', 'Precious')]

metal_value = find_value_for_key(alist, 'metal')
print(f'metal: {metal_value}')
EOF


$ python3 execute_code.py
metal: Gold


$ echo COMPLETE_TASK_AND_SUBMIT_FINAL_OUTPUT && git add -A && git diff --cached
COMPLETE_TASK_AND_SUBMIT_FINAL_OUTPUT
fatal: not a git repository (or any of the parent directories): .git

Index 25_24: Success, Score +1
 Last response: $ cat <<'EOF' > script.py
def find_value_for_key(alist, key):
    return next((v for k, v in alist if k == key), 'No match')

alist = [('temperature', 'Hot'), ('temperature', 'Cold'), ('degree', 'Celsius')]

temperature_value = find_value_for_key(alist, 'temperature')
print(f'temperature: {temperature_value}')
EOF


$ python3 script.py
temperature: Hot


$ echo COMPLETE_TASK_AND_SUBMIT_FINAL_OUTPUT && git add -A && git diff --cached
COMPLETE_TASK_AND_SUBMIT_FINAL_OUTPUT
fatal: not a git repository (or any of the parent directories): .git

Index 25_25: Success, Score +1
 Last response: $ cat <<'EOF' > execute_code.py
def find_value_for_key(alist, key):
    value_list = [v for k, v in alist if k == key]
    return value_list[0] if value_list else 'Not available'

alist = [('sport', 'Soccer'), ('sport', 'Basketball'), ('type', 'Outdoor')]

sport_value = find_value_for_key(alist, 'sport')
print(f'sport: {sport_value}')
EOF


$ python3 execute_code.py
sport: Soccer


$ echo COMPLETE_TASK_AND_SUBMIT_FINAL_OUTPUT && git add -A && git diff --cached
COMPLETE_TASK_AND_SUBMIT_FINAL_OUTPUT
fatal: not a git repository (or any of the parent directories): .git

Index 25_26: Success, Score +1
 Last response: $ cat <<'EOF' > find_value.py
def find_value_for_key(alist, key):
    for pair in alist:
        if pair[0] == key:
            return pair[1]
    return 'Key not found'

alist = [('currency', 'Dollar'), ('currency', 'Euro'), ('country', 'USA')]

currency_value = find_value_for_key(alist, 'currency')
print(f'currency: {currency_value}')
EOF


$ python3 find_value.py
currency: Dollar


$ echo COMPLETE_TASK_AND_SUBMIT_FINAL_OUTPUT && git add -A && git diff --cached
COMPLETE_TASK_AND_SUBMIT_FINAL_OUTPUT
fatal: not a git repository (or any of the parent directories): .git

Index 25_27: Success, Score +1
 Last response: $ cat <<'EOF' > execute_code.py
def find_value_for_key(alist, key):
    values_for_key = filter(lambda pair: pair[0] == key, alist)
    return next(iter(values_for_key), (None, 'Value not found'))[1]

alist = [('object', 'Chair'), ('object', 'Table'), ('material', 'Wood')]

object_value = find_value_for_key(alist, 'object')
print(f'object: {object_value}')
EOF


$ python3 execute_code.py
object: Chair


$ echo COMPLETE_TASK_AND_SUBMIT_FINAL_OUTPUT && git add -A && git diff --cached
COMPLETE_TASK_AND_SUBMIT_FINAL_OUTPUT
fatal: not a git repository (or any of the parent directories): .git

Index 25_28: Success, Score +1
 Last response: $ cat <<'EOF' > execute_code.py
def find_value_for_key(alist, key):
    value = None
    for k, v in alist:
        if k == key and value is None:
            value = v
    return value

alist = [('software', 'Word'), ('software', 'Excel'), ('platform', 'Office')]

software_value = find_value_for_key(alist, 'software')
print(f'software: {software_value}')
EOF


$ python3 execute_code.py
software: Word


$ echo COMPLETE_TASK_AND_SUBMIT_FINAL_OUTPUT && git add -A && git diff --cached
COMPLETE_TASK_AND_SUBMIT_FINAL_OUTPUT
fatal: not a git repository (or any of the parent directories): .git

Index 25_29: Success, Score +1
 Last response: $ cat <<'EOF' > execute_code.py
def find_value_for_key(alist, key):
    return [pair[1] for pair in alist if pair[0] == key][0]

alist = [('city', 'New York'), ('city', 'Los Angeles'), ('location', 'USA')]

city_value = find_value_for_key(alist, 'city')
print(f'city: {city_value}')
EOF

python3 execute_code.py
city: New York


$ echo COMPLETE_TASK_AND_SUBMIT_FINAL_OUTPUT && git add -A && git diff --cached
COMPLETE_TASK_AND_SUBMIT_FINAL_OUTPUT
fatal: not a git repository (or any of the parent directories): .git

Index 25_30: Success, Score +1
 Last response: $ cat <<'EOF' > execute_code.py
def find_value_for_key(alist, key):
    matching_items = list(filter(lambda item: item[0] == key, alist))
    return matching_items[0][1] if matching_items else 'None'

alist = [('sound', 'Loud'), ('sound', 'Quiet'), ('decibel', 'High')]

sound_value = find_value_for_key(alist, 'sound')
print(f'sound: {sound_value}')
EOF


$ python3 execute_code.py
sound: Loud


$ echo COMPLETE_TASK_AND_SUBMIT_FINAL_OUTPUT && git add -A && git diff --cached
COMPLETE_TASK_AND_SUBMIT_FINAL_OUTPUT
fatal: not a git repository (or any of the parent directories): .git

