Index 22_1: Success, Score +1
 Last response: $ ls -la
total 8
drwxr-xr-x 2 root root 4096 Dec  8 14:07 .
drwxr-xr-x 1 root root 4096 Dec  8 14:07 ..


$ cat <<'EOF' > tax_calculator.py
def calculate_tax(income):
    match income:
        case income if income < 10000:
            return income * 0.1
        case income if income < 50000:
            return income * 0.2
        case income if income < 100000:
            return income * 0.3
        case _:
            return income * 0.4  # Default case for income >= 100000

tax = calculate_tax(150000)
if tax is None:
    print("No default case for income tax calculation.")
else:
    print(f"Tax for income 150000 is: {tax}")
EOF


$ python3 tax_calculator.py
Tax for income 150000 is: 60000.0


$ echo COMPLETE_TASK_AND_SUBMIT_FINAL_OUTPUT && git add -A && git diff --cached
COMPLETE_TASK_AND_SUBMIT_FINAL_OUTPUT
fatal: not a git repository (or any of the parent directories): .git

Index 22_2: Success, Score +1
 Last response: $ cat <<'EOF' > reproduce_issue.py
def get_weekday_name(day_number):
    match day_number:
        case 1:
            return "Monday"
        case 2:
            return "Tuesday"
        case 3:
            return "Wednesday"
        case 4:
            return "Thursday"
        case 5:
            return "Friday"
        case 6:
            return "Saturday"

day_name = get_weekday_name(7)
if day_name is None:
    print("No default case for getting the weekday name.")
EOF


$ python reproduce_issue.py
No default case for getting the weekday name.


$ sed -i '6a\        case _:\n            return "Sunday"' reproduce_issue.py


$ python reproduce_issue.py
  File "/testbed/reproduce_issue.py", line 7
    case _:
         ^
SyntaxError: wildcard makes remaining patterns unreachable


$ sed -i '$d' reproduce_issue.py && cat <<'EOF' >> reproduce_issue.py
        case _:
            return "Sunday"

day_name = get_weekday_name(7)
if day_name is None:
    print("No default case for getting the weekday name.")
EOF


$ python reproduce_issue.py
  File "/testbed/reproduce_issue.py", line 20
    case _:
         ^
SyntaxError: invalid syntax

Index 22_3: Success, Score +1
 Last response: $ cat <<'EOF' > reproduce_issue.py
def process_command(command):
    match command:
        case "start":
            print("Starting the system.")
        case "stop":
            print("Stopping the system.")
        case "restart":
            print("Restarting the system.")

command_result = process_command("pause")
if command_result is None:
    print("No default case for the command.")
EOF


$ python reproduce_issue.py
No default case for the command.


$ sed -i '6a\        case _:\n            return "Unknown command."' reproduce_issue.py


$ python reproduce_issue.py
  File "/testbed/reproduce_issue.py", line 7
    case _:
         ^
SyntaxError: wildcard makes remaining patterns unreachable


$ sed -i '6d' reproduce_issue.py && sed -i '$i\    case _:\n        return "Unknown command."' reproduce_issue.py


$ python reproduce_issue.py
  File "/testbed/reproduce_issue.py", line 6
    case _:
    ^^^^
IndentationError: expected an indented block after 'case' statement on line 5

Index 22_4: Success, Score +1
 Last response: $ cat <<'EOF' > test_discount.py
def calculate_discount(item):
    match item:
        case "book":
            return 0.1
        case "game":
            return 0.2
        case "food":
            return 0.05

discount = calculate_discount("clothes")
if discount is None:
    print("No default case for calculating the discount.")
EOF


$ sed -i '10i        case _:\n            return 0.0' test_discount.py


$ python3 test_discount.py
  File "/testbed/test_discount.py", line 10
    case _:
         ^
SyntaxError: invalid syntax


$ python3 --version
Python 3.13.2


$ cat test_discount.py
def calculate_discount(item):
    match item:
        case "book":
            return 0.1
        case "game":
            return 0.2
        case "food":
            return 0.05

case _:
            return 0.0
discount = calculate_discount("clothes")
if discount is None:
    print("No default case for calculating the discount.")


$ sed -i '10i\        case _:\n            return 0.0' test_discount.py

Index 22_5: Success, Score +1
 Last response: $ ls -la
total 8
drwxr-xr-x 2 root root 4096 Dec  8 14:13 .
drwxr-xr-x 1 root root 4096 Dec  8 14:13 ..


$ cat <<'EOF' > pet_sounds.py
def get_pet_sound(pet):
    match pet:
        case "dog":
            return "bark"
        case "cat":
            return "meow"
        case "bird":
            return "tweet"
        case _:
            return "unknown"

sound = get_pet_sound("hamster")
if sound is None:
    print("No default case for getting the pet sound.")
else:
    print(f"Sound for hamster: {sound}")
EOF


$ python3 pet_sounds.py
Sound for hamster: unknown


$ echo COMPLETE_TASK_AND_SUBMIT_FINAL_OUTPUT && git add -A && git diff --cached
COMPLETE_TASK_AND_SUBMIT_FINAL_OUTPUT
fatal: not a git repository (or any of the parent directories): .git

Index 22_6: Success, Score +1
 Last response: $ ls -la
total 8
drwxr-xr-x 2 root root 4096 Dec  8 14:14 .
drwxr-xr-x 1 root root 4096 Dec  8 14:14 ..


$ cat <<'EOF' > age_categorizer.py
def categorize_age(age):
    match age:
        case age if age < 13:
            return "child"
        case age if age < 20:
            return "teenager"
        case age if age < 65:
            return "adult"
        case _:
            return "senior"

category = categorize_age(70)
if category is None:
    print("No default case for categorizing age.")
else:
    print(f"Categorized age: {category}")
EOF


$ python3 age_categorizer.py
Categorized age: senior


$ echo COMPLETE_TASK_AND_SUBMIT_FINAL_OUTPUT && git add -A && git diff --cached
COMPLETE_TASK_AND_SUBMIT_FINAL_OUTPUT
fatal: not a git repository (or any of the parent directories): .git

Index 22_7: Success, Score +1
 Last response: $ ls -la
total 8
drwxr-xr-x 2 root root 4096 Dec  8 14:15 .
drwxr-xr-x 1 root root 4096 Dec  8 14:15 ..


$ cat <<'EOF' > payment.py
def get_payment_method(method):
    match method:
        case "credit":
            return "Credit Card"
        case "debit":
            return "Debit Card"
        case "paypal":
            return "PayPal"

payment = get_payment_method("bitcoin")
if payment is None:
    print("No default case for the payment method.")
EOF


$ python /tmp/smart_edit.py payment.py "Add default case to match statement to handle unknown payment methods"
Usage: smart_edit.py <filename> <start_line> <end_line>
Then provide the new content via stdin


$ python /tmp/view_file.py payment.py
File: payment.py
Showing lines 1 to 12
--------------------------------------------------------------------------------
    1 | def get_payment_method(method):
    2 |     match method:
    3 |         case "credit":
    4 |             return "Credit Card"
    5 |         case "debit":
    6 |             return "Debit Card"
    7 |         case "paypal":
    8 |             return "PayPal"
    9 | 
   10 | payment = get_payment_method("bitcoin")
   11 | if payment is None:
   12 |     print("No default case for the payment method.")
--------------------------------------------------------------------------------


$ python /tmp/smart_edit.py payment.py 2 8
EOF
    match method:
        case "credit":
            return "Credit Card"
        case "debit":
            return "Debit Card"
        case "paypal":
            return "PayPal"
        case _:
            return "Unknown Payment Method"
EOF
Successfully replaced lines 2-8 in payment.py
Old: 7 lines
New: 0 lines
bash: line 2: EOF: command not found
bash: line 3: match: command not found
bash: -c: line 5: syntax error near unexpected token `return'
bash: -c: line 5: `            return "Credit Card"'


$ python /tmp/smart_edit.py payment.py 2 8 << 'EOF'
    match method:
        case "credit":
            return "Credit Card"
        case "debit":
            return "Debit Card"
        case "paypal":
            return "PayPal"
        case _:
            return "Unknown Payment Method"
EOF
Successfully replaced lines 2-8 in payment.py
Old: 7 lines
New: 9 lines

Index 22_8: Success, Score +1
 Last response: $ ls -la
total 8
drwxr-xr-x 2 root root 4096 Dec  8 14:16 .
drwxr-xr-x 1 root root 4096 Dec  8 14:16 ..


$ cat <<'EOF' > season_determiner.py
def determine_season(month):
    match month:
        case "December":
            return "Winter"
        case "January":
            return "Winter"
        case "February":
            return "Winter"
        case "March":
            return "Spring"
        case "April":
            return "Spring"
        case "May":
            return "Spring"
        case "June":
            return "Summer"
        case "July":
            return "Summer"
        case "August":
            return "Summer"
        case _:
            return "Fall"  # Default case for months like October

season = determine_season("October")
if season is None:
    print("No default case for determining the season.")
else:
    print(f"The season for October is: {season}")
EOF


$ python3 season_determiner.py
The season for October is: Fall


$ echo COMPLETE_TASK_AND_SUBMIT_FINAL_OUTPUT && git add -A && git diff --cached
COMPLETE_TASK_AND_SUBMIT_FINAL_OUTPUT
fatal: not a git repository (or any of the parent directories): .git

Index 22_9: Success, Score +1
 Last response: $ cat <<'EOF' > classify_vehicle.py
def classify_vehicle(type):
    match type:
        case "car":
            return "Land Vehicle"
        case "boat":
            return "Water Vehicle"
        case "airplane":
            return "Air Vehicle"

vehicle = classify_vehicle("bike")
if vehicle is None:
    print("No default case for classifying the vehicle.")
EOF


$ sed -i '10i\        case _:\n            return "Unknown Vehicle"' classify_vehicle.py


$ python3 classify_vehicle.py


$ echo COMPLETE_TASK_AND_SUBMIT_FINAL_OUTPUT && git add -A && git diff --cached
COMPLETE_TASK_AND_SUBMIT_FINAL_OUTPUT
fatal: not a git repository (or any of the parent directories): .git

Index 22_10: Success, Score +1
 Last response: $ cat <<'EOF' > reproduce_issue.py
def identify_fruit(color):
    match color:
        case "red":
            return "Apple"
        case "yellow":
            return "Banana"
        case "green":
            return "Kiwi"

fruit = identify_fruit("orange")
if fruit is None:
    print("No default case for identifying the fruit.")
EOF


$ sed -i '10i\        case _:\n            return "Unknown Fruit"' reproduce_issue.py


$ python reproduce_issue.py


$ echo COMPLETE_TASK_AND_SUBMIT_FINAL_OUTPUT && git add -A && git diff --cached
COMPLETE_TASK_AND_SUBMIT_FINAL_OUTPUT
fatal: not a git repository (or any of the parent directories): .git

Index 22_11: Success, Score +1
 Last response: $ cat <<'EOF' > test_temperature.py
def convert_temperature(unit, value):
    match unit:
        case "Celsius":
            return (value * 9/5) + 32
        case "Fahrenheit":
            return (value - 32) * 5/9
        case _:
            return None  # Explicit default case for unsupported units

temperature = convert_temperature("Kelvin", 300)
if temperature is None:
    print("No default case for converting the temperature.")
EOF


$ python3 test_temperature.py
No default case for converting the temperature.


$ echo COMPLETE_TASK_AND_SUBMIT_FINAL_OUTPUT && git add -A && git diff --cached
COMPLETE_TASK_AND_SUBMIT_FINAL_OUTPUT
fatal: not a git repository (or any of the parent directories): .git

Index 22_12: Success, Score +1
 Last response: $ cat <<'EOF' > grade_calculator.py
def calculate_grade(score):
    match score:
        case score if score >= 90:
            return "A"
        case score if score >= 80:
            return "B"
        case score if score >= 70:
            return "C"
        case _:
            return "F"

grade = calculate_grade(65)
if grade is None:
    print("No default case for calculating the grade.")
else:
    print(f"Grade: {grade}")
EOF


$ python3 grade_calculator.py
Grade: F


$ echo COMPLETE_TASK_AND_SUBMIT_FINAL_OUTPUT && git add -A && git diff --cached
COMPLETE_TASK_AND_SUBMIT_FINAL_OUTPUT
fatal: not a git repository (or any of the parent directories): .git

Index 22_13: Success, Score +1
 Last response: $ ls -la
total 8
drwxr-xr-x 2 root root 4096 Dec  8 14:22 .
drwxr-xr-x 1 root root 4096 Dec  8 14:22 ..


$ cat <<'EOF' > route.py
def route_direction(direction):
    match direction:
        case "north":
            return "Go straight ahead."
        case "south":
            return "Turn back."
        case "east":
            return "Turn right."
        case _:
            return "No route defined for this direction."

direction = route_direction("west")
if direction is None:
    print("No default case for routing the direction.")
else:
    print(direction)
EOF


$ python3 route.py
No route defined for this direction.


$ echo COMPLETE_TASK_AND_SUBMIT_FINAL_OUTPUT && git add -A && git diff --cached
COMPLETE_TASK_AND_SUBMIT_FINAL_OUTPUT
fatal: not a git repository (or any of the parent directories): .git

Index 22_14: Success, Score +1
 Last response: $ find . -type f -name "*.py" -exec grep -l "def assign_seating" {} \;


$ cat <<'EOF' > seating.py
def assign_seating(section):
    match section:
        case "orchestra":
            return "Front Rows"
        case "mezzanine":
            return "Middle Rows"
        case "balcony":
            return "Back Rows"
        case _:
            return "Back Rows"  # Default case for unrecognized sections

seating = assign_seating("box")
if seating is None:
    print("No default case for assigning the seating.")
else:
    print(f"Assigned seating: {seating}")
EOF


$ python3 seating.py
Assigned seating: Back Rows


$ echo COMPLETE_TASK_AND_SUBMIT_FINAL_OUTPUT && git add -A && git diff --cached
COMPLETE_TASK_AND_SUBMIT_FINAL_OUTPUT
fatal: not a git repository (or any of the parent directories): .git

Index 22_15: Success, Score +1
 Last response: $ cat <<'EOF' > score_goal.py
def score_goal(action):
    match action:
        case "shoot":
            return "Goal scored!"
        case "pass":
            return "Assist made."
        case "dribble":
            return "Player advancing."
        case _:
            return "Invalid action."

goal = score_goal("tackle")
if goal is None:
    print("No default case for scoring a goal.")
else:
    print(goal)
EOF


$ python3 score_goal.py
Invalid action.


$ echo COMPLETE_TASK_AND_SUBMIT_FINAL_OUTPUT && git add -A && git diff --cached
COMPLETE_TASK_AND_SUBMIT_FINAL_OUTPUT
fatal: not a git repository (or any of the parent directories): .git

Index 22_16: Success, Score +1
 Last response: $ cat <<'EOF' > test_flip_switch.py
def flip_switch(state):
    match state:
        case "on":
            return "Lights are on."
        case "off":
            return "Lights are off."

switch = flip_switch("dim")
if switch is None:
    print("No default case for flipping the switch.")
EOF


$ cat <<'EOF' > flip_switch.py
def flip_switch(state):
    match state:
        case "on":
            return "Lights are on."
        case "off":
            return "Lights are off."
        case _:
            return "No default case for flipping the switch."

switch = flip_switch("dim")
if switch is None:
    print("No default case for flipping the switch.")
else:
    print(switch)
EOF


$ python3 flip_switch.py
No default case for flipping the switch.


$ echo COMPLETE_TASK_AND_SUBMIT_FINAL_OUTPUT && git add -A && git diff --cached
COMPLETE_TASK_AND_SUBMIT_FINAL_OUTPUT
fatal: not a git repository (or any of the parent directories): .git

Index 22_17: Success, Score +1
 Last response: $ cat <<'EOF' > reproduce_issue.py
def choose_drink(beverage):
    match beverage:
        case "coffee":
            return "Hot Coffee"
        case "tea":
            return "Hot Tea"
        case "soda":
            return "Cold Soda"

drink = choose_drink("water")
if drink is None:
    print("No default case for choosing a drink.")
EOF


$ sed -i '10i        case _:\n            return "Unknown Drink"' reproduce_issue.py


$ python reproduce_issue.py
  File "/testbed/reproduce_issue.py", line 10
    case _:
         ^
SyntaxError: invalid syntax


$ python --version
Python 3.13.2


$ cat -n reproduce_issue.py
     1	def choose_drink(beverage):
     2	    match beverage:
     3	        case "coffee":
     4	            return "Hot Coffee"
     5	        case "tea":
     6	            return "Hot Tea"
     7	        case "soda":
     8	            return "Cold Soda"
     9	
    10	case _:
    11	            return "Unknown Drink"
    12	drink = choose_drink("water")
    13	if drink is None:
    14	    print("No default case for choosing a drink.")


$ sed -i '10s/^/    /' reproduce_issue.py

Index 22_18: Success, Score +1
 Last response: $ ls -la
total 8
drwxr-xr-x 2 root root 4096 Dec  8 14:30 .
drwxr-xr-x 1 root root 4096 Dec  8 14:30 ..


$ cat <<'EOF' > format_text.py
def format_text(style):
    match style:
        case "bold":
            return "<b>Text</b>"
        case "italic":
            return "<i>Text</i>"
        case "underline":
            return "<u>Text</u>"

formatted_text = format_text("strikethrough")
if formatted_text is None:
    print("No default case for formatting text.")
EOF


$ sed -i '/^        case "underline":$/a        case _:\n            return ""' format_text.py


$ python3 format_text.py
  File "/testbed/format_text.py", line 8
    case _:
IndentationError: expected an indented block after 'case' statement on line 7


$ sed -i '/^        case "underline":$/a        case _:\n            return ""' format_text.py


$ cat <<'EOF' > format_text.py
def format_text(style):
    match style:
        case "bold":
            return "<b>Text</b>"
        case "italic":
            return "<i>Text</i>"
        case "underline":
            return "<u>Text</u>"
        case _:
            return ""

formatted_text = format_text("strikethrough")
if formatted_text is None:
    print("No default case for formatting text.")
EOF

Index 22_19: Success, Score +1
 Last response: $ cat <<'EOF' > reproduce_issue.py
def predict_weather(condition):
    match condition:
        case "sunny":
            return "Clear skies ahead."
        case "rainy":
            return "Bring an umbrella."
        case "snowy":
            return "Wear a coat."

weather = predict_weather("foggy")
if weather is None:
    print("No default case for predicting the weather.")
EOF


$ cat <<'EOF' > predict_weather_fixed.py
def predict_weather(condition):
    match condition:
        case "sunny":
            return "Clear skies ahead."
        case "rainy":
            return "Bring an umbrella."
        case "snowy":
            return "Wear a coat."
        case _:
            return "Unable to predict weather for this condition."

weather = predict_weather("foggy")
if weather is None:
    print("No default case for predicting the weather.")
else:
    print(weather)
EOF


$ python3 predict_weather_fixed.py
Unable to predict weather for this condition.


$ echo COMPLETE_TASK_AND_SUBMIT_FINAL_OUTPUT && git add -A && git diff --cached
COMPLETE_TASK_AND_SUBMIT_FINAL_OUTPUT
fatal: not a git repository (or any of the parent directories): .git

Index 22_20: Success, Score +1
 Last response: $ cat <<'EOF' > reproduce_issue.py
def control_robot(command):
    match command:
        case "forward":
            return "Robot moving forward."
        case "backward":
            return "Robot moving backward."
        case "left":
            return "Robot turning left."

robot = control_robot("right")
if robot is None:
    print("No default case for controlling the robot.")
EOF


$ sed -i '10i\        case _:\n            return "Unknown command: " + command' reproduce_issue.py


$ python3 reproduce_issue.py


$ sed -i 's/robot = control_robot("right")/robot = control_robot("right")\nprint(robot)/' reproduce_issue.py


$ python3 reproduce_issue.py
Unknown command: right


$ echo COMPLETE_TASK_AND_SUBMIT_FINAL_OUTPUT && git add -A && git diff --cached
COMPLETE_TASK_AND_SUBMIT_FINAL_OUTPUT
fatal: not a git repository (or any of the parent directories): .git

Index 22_21: Success, Score +1
 Last response: $ cat <<'EOF' > reproduce_issue.py
def issue_command(order):
    match order:
        case "attack":
            return "Soldiers advancing."
        case "defend":
            return "Soldiers holding position."
        case "retreat":
            return "Soldiers retreating."

command = issue_command("flank")
if command is None:
    print("No default case for issuing a command.")
EOF


$ python reproduce_issue.py
No default case for issuing a command.


$ cat <<'EOF' > fixed_issue_command.py
def issue_command(order):
    match order:
        case "attack":
            return "Soldiers advancing."
        case "defend":
            return "Soldiers holding position."
        case "retreat":
            return "Soldiers retreating."
        case _:
            return f"Unknown command: {order}"

command = issue_command("flank")
if command is None:
    print("No default case for issuing a command.")
else:
    print(command)
EOF


$ python fixed_issue_command.py
Unknown command: flank


$ echo COMPLETE_TASK_AND_SUBMIT_FINAL_OUTPUT && git add -A && git diff --cached
COMPLETE_TASK_AND_SUBMIT_FINAL_OUTPUT
fatal: not a git repository (or any of the parent directories): .git

Index 22_22: Success, Score +1
 Last response: $ cat <<'EOF' > reproduce_issue.py
def operate_machine(mode):
    match mode:
        case "auto":
            return "Machine running in automatic mode."
        case "manual":
            return "Machine running in manual mode."

machine = operate_machine("semi-auto")
if machine is None:
    print("No default case for operating the machine.")
EOF


$ sed -i '2a\        case _:\n            return "Machine running in unknown mode."' reproduce_issue.py


$ python reproduce_issue.py
  File "/testbed/reproduce_issue.py", line 3
    case _:
         ^
SyntaxError: wildcard makes remaining patterns unreachable


$ sed -i '3,4d; $a\    case _:\n        return "Machine running in unknown mode."' reproduce_issue.py


$ python reproduce_issue.py
  File "/testbed/reproduce_issue.py", line 11
    case _:
         ^
SyntaxError: invalid syntax


$ python --version
Python 3.13.2

Index 22_23: Success, Score +1
 Last response: $ cat <<'EOF' > reproduce_issue.py
def serve_food(dish):
    match dish:
        case "pizza":
            return "Serving pizza."
        case "pasta":
            return "Serving pasta."
        case "salad":
            return "Serving salad."

food = serve_food("burger")
if food is None:
    print("No default case for serving food.")
EOF


$ sed -i '10i\        case _:\n            return f"Serving {dish}."' reproduce_issue.py


$ python reproduce_issue.py


$ find . -type f -name "*.py" ! -name "reproduce_issue.py" -exec grep -l "def serve_food" {} \;


$ echo COMPLETE_TASK_AND_SUBMIT_FINAL_OUTPUT && git add -A && git diff --cached
COMPLETE_TASK_AND_SUBMIT_FINAL_OUTPUT
fatal: not a git repository (or any of the parent directories): .git

Index 22_24: Get rejected 
 Last response: $ ls -la
total 8
drwxr-xr-x 2 root root 4096 Dec  8 14:40 .
drwxr-xr-x 1 root root 4096 Dec  8 14:40 ..


$ cat <<'EOF' > instrument.py
def play_instrument(name):
    match name:
        case "guitar":
            return "Strumming the guitar."
        case "piano":
            return "Playing the piano."
        case "violin":
            return "Playing the violin."
        case _:
            return f"Playing the {name}."

instrument = play_instrument("drums")
if instrument is None:
    print("No default case for playing an instrument.")
else:
    print(instrument)
EOF


$ python3 instrument.py
Playing the drums.


$ echo COMPLETE_TASK_AND_SUBMIT_FINAL_OUTPUT && git add -A && git diff --cached
COMPLETE_TASK_AND_SUBMIT_FINAL_OUTPUT
fatal: not a git repository (or any of the parent directories): .git

Index 22_25: Success, Score +1
 Last response: $ ls -la
total 8
drwxr-xr-x 2 root root 4096 Dec  8 14:41 .
drwxr-xr-x 1 root root 4096 Dec  8 14:41 ..


$ cat <<'EOF' > status_update.py
def update_status(status):
    match status:
        case "online":
            return "User is online."
        case "offline":
            return "User is offline."
        case "busy":
            return "User is busy."

user_status = update_status("away")
if user_status is None:
    print("No default case for updating the status.")
EOF


$ sed -i '/case "busy":/a \        case _:\n            return "Unknown status: " + status' status_update.py


$ python3 status_update.py
  File "/testbed/status_update.py", line 8
    case _:
    ^^^^
IndentationError: expected an indented block after 'case' statement on line 7


$ sed -i '7s/^/    /; 8s/^/        /' status_update.py


$ python3 status_update.py
  File "/testbed/status_update.py", line 7
    case "busy":
         ^^^^^^
SyntaxError: invalid syntax

Index 22_26: Success, Score +1
 Last response: $ cat <<'EOF' > reproduce_issue.py
def cast_spell(spell):
    match spell:
        case "fireball":
            return "Casting fireball."
        case "ice lance":
            return "Casting ice lance."
        case "lightning bolt":
            return "Casting lightning bolt."

magic = cast_spell("heal")
if magic is None:
    print("No default case for casting a spell.")
EOF


$ sed -i '10i        case _:\n            return "Unknown spell: " + spell' reproduce_issue.py


$ python reproduce_issue.py
  File "/testbed/reproduce_issue.py", line 10
    case _:
         ^
SyntaxError: invalid syntax


$ python --version
Python 3.13.2


$ cat <<'EOF' > reproduce_issue.py
def cast_spell(spell):
    match spell:
        case "fireball":
            return "Casting fireball."
        case "ice lance":
            return "Casting ice lance."
        case "lightning bolt":
            return "Casting lightning bolt."
        case _:
            return "Unknown spell: " + spell

magic = cast_spell("heal")
if magic is None:
    print("No default case for casting a spell.")
else:
    print(magic)
EOF


$ python reproduce_issue.py
Unknown spell: heal

Index 22_27: Success, Score +1
 Last response: $ cat <<'EOF' > alarm.py
def set_alarm(time):
    match time:
        case "morning":
            return "Alarm set for 7 AM."
        case "afternoon":
            return "Alarm set for 12 PM."
        case "evening":
            return "Alarm set for 6 PM."
        case _:
            return "Alarm set for 8 PM."  # Default case for unrecognized times

alarm_time = set_alarm("night")
if alarm_time is None:
    print("No default case for setting an alarm.")
else:
    print(alarm_time)
EOF


$ python3 alarm.py
Alarm set for 8 PM.


$ echo COMPLETE_TASK_AND_SUBMIT_FINAL_OUTPUT && git add -A && git diff --cached
COMPLETE_TASK_AND_SUBMIT_FINAL_OUTPUT
fatal: not a git repository (or any of the parent directories): .git

Index 22_28: Success, Score +1
 Last response: $ cat <<'EOF' > pick_color.py
def pick_color(shade):
    match shade:
        case "light":
            return "Choose pastel colors."
        case "dark":
            return "Choose deep colors."
        case "vibrant":
            return "Choose bright colors."
        case _:
            return "Choose neutral colors."

color_choice = pick_color("neutral")
if color_choice is None:
    print("No default case for picking a color.")
else:
    print(color_choice)
EOF


$ python3 pick_color.py
Choose neutral colors.


$ echo COMPLETE_TASK_AND_SUBMIT_FINAL_OUTPUT && git add -A && git diff --cached
COMPLETE_TASK_AND_SUBMIT_FINAL_OUTPUT
fatal: not a git repository (or any of the parent directories): .git

Index 22_29: Success, Score +1
 Last response: $ cat <<'EOF' > reproduce_issue.py
def initiate_protocol(action):
    match action:
        case "lockdown":
            return "Initiating lockdown protocol."
        case "evacuate":
            return "Initiating evacuation protocol."
        case "quarantine":
            return "Initiating quarantine protocol."

protocol = initiate_protocol("standby")
if protocol is None:
    print("No default case for initiating a protocol.")
EOF


$ sed -i '10i        case _:\n            return "Unknown protocol action."' reproduce_issue.py


$ python reproduce_issue.py
  File "/testbed/reproduce_issue.py", line 10
    case _:
         ^
SyntaxError: invalid syntax


$ sed -i '1,10d' reproduce_issue.py && cat <<'EOF' > reproduce_issue.py
def initiate_protocol(action):
    if action == "lockdown":
        return "Initiating lockdown protocol."
    elif action == "evacuate":
        return "Initiating evacuation protocol."
    elif action == "quarantine":
        return "Initiating quarantine protocol."
    else:
        return "Unknown protocol action."

protocol = initiate_protocol("standby")
if protocol is None:
    print("No default case for initiating a protocol.")
else:
    print(protocol)
EOF


$ python reproduce_issue.py
Unknown protocol action.


$ cat <<'EOF' > initiate_protocol.py
def initiate_protocol(action):
    if action == "lockdown":
        return "Initiating lockdown protocol."
    elif action == "evacuate":
        return "Initiating evacuation protocol."
    elif action == "quarantine":
        return "Initiating quarantine protocol."
    else:
        return "Unknown protocol action."
EOF

Index 22_30: Success, Score +1
 Last response: $ cat <<'EOF' > reproduce_issue.py
def authorize_access(level):
    match level:
        case "admin":
            return "Access granted."
        case "user":
            return "Limited access."
        case "guest":
            return "View-only access."

access = authorize_access("vip")
if access is None:
    print("No default case for authorizing access.")
EOF


$ sed -i '10i\        case _:\n            return "Invalid access level."' reproduce_issue.py


$ python3 reproduce_issue.py


$ echo COMPLETE_TASK_AND_SUBMIT_FINAL_OUTPUT && git add -A && git diff --cached
COMPLETE_TASK_AND_SUBMIT_FINAL_OUTPUT
fatal: not a git repository (or any of the parent directories): .git

