Index 15_1: Fail, No score added
 Last response: $ cat <<'EOF' > validate_ip.py
import re

def validate_ip_regex(ip: str):
    ip_validator = re.compile(r"((25[0-5]|(2[0-4]|1\d|[1-9]|)\d)\.?\b){4}")
    if ip_validator.match(ip):
        return f"{ip} is a valid IP pattern"
    else:
        return "IP address does not match valid pattern."

print(validate_ip_regex("192.168.1.1."))
EOF


$ python3 validate_ip.py
192.168.1.1. is a valid IP pattern


$ sed -i 's/ip_validator = re.compile(r"((25[0-5]|(2[0-4]|1\d|[1-9]|)\d)\.?\b){4}")/ip_validator = re.compile(r"^((25[0-5]|2[0-4][0-9]|1[0-9][0-9]|[1-9]?[0-9])\.){3}(25[0-5]|2[0-4][0-9]|1[0-9][0-9]|[1-9]?[0-9])$")/' validate_ip.py


$ python3 validate_ip.py
192.168.1.1. is a valid IP pattern


$ sed -i 's/if ip_validator.match(ip):/if ip_validator.fullmatch(ip):/' validate_ip.py


$ python3 validate_ip.py
IP address does not match valid pattern.

Index 15_2: Fail, No score added
 Last response: $ cat <<'EOF' > validate_ip.py
import re

def validate_ip_regex(ip: str):
    ip_validator = re.compile(r"((25[0-5]|(2[0-4]|1\d|[1-9]|)\d)\.?\b){4}")
    if ip_validator.match(ip):
        return f"{ip} is a valid IP pattern"
    else:
        return "IP address does not match valid pattern."

print(validate_ip_regex("1.1.1.1.1"))
EOF


$ python3 validate_ip.py
1.1.1.1.1 is a valid IP pattern


$ sed -i 's/ip_validator = re.compile(r"((25[0-5]|(2[0-4]|1\d|[1-9]|)\d)\.?\b){4}")/ip_validator = re.compile(r"^(25[0-5]|2[0-4][0-9]|1[0-9][0-9]|[1-9]?[0-9])\.(25[0-5]|2[0-4][0-9]|1[0-9][0-9]|[1-9]?[0-9])\.(25[0-5]|2[0-4][0-9]|1[0-9][0-9]|[1-9]?[0-9])\.(25[0-5]|2[0-4][0-9]|1[0-9][0-9]|[1-9]?[0-9])$")/' validate_ip.py


$ python3 validate_ip.py
1.1.1.1.1 is a valid IP pattern


$ sed -i 's/ip_validator = re.compile(r"^(25[0-5]|2[0-4][0-9]|1[0-9][0-9]|[1-9]?[0-9])\.(25[0-5]|2[0-4][0-9]|1[0-9][0-9]|[1-9]?[0-9])\.(25[0-5]|2[0-4][0-9]|1[0-9][0-9]|[1-9]?[0-9])\.(25[0-5]|2[0-4][0-9]|1[0-9][0-9]|[1-9]?[0-9])$")/ip_validator = re.compile(r"^(25[0-5]|2[0-4][0-9]|1[0-9][0-9]|[1-9]?[0-9])\.(25[0-5]|2[0-4][0-9]|1[0-9][0-9]|[1-9]?[0-9])\.(25[0-5]|2[0-4][0-9]|1[0-9][0-9]|[1-9]?[0-9])\.(25[0-5]|2[0-4][0-9]|1[0-9][0-9]|[1-9]?[0-9])$")/' validate_ip.py


$ cat <<'EOF' > validate_ip.py
import re

def validate_ip_regex(ip: str):
    ip_validator = re.compile(r"^(25[0-5]|2[0-4][0-9]|1[0-9][0-9]|[1-9]?[0-9])\.(25[0-5]|2[0-4][0-9]|1[0-9][0-9]|[1-9]?[0-9])\.(25[0-5]|2[0-4][0-9]|1[0-9][0-9]|[1-9]?[0-9])\.(25[0-5]|2[0-4][0-9]|1[0-9][0-9]|[1-9]?[0-9])$")
    if ip_validator.match(ip):
        return f"{ip} is a valid IP pattern"
    else:
        return "IP address does not match valid pattern."

print(validate_ip_regex("1.1.1.1.1"))
EOF

Index 15_3: Fail, No score added
 Last response: $ cat <<'EOF' > validate_ip.py
import re
def validate_ip_regex(ip: str):
    ip_validator = re.compile(r"(\d{1,3}\.){3}\d{1,3}")
    if ip_validator.match(ip):
        return f"{ip} is a valid IP pattern"
    else:
        return "IP address does not match valid pattern."

print(validate_ip_regex("0.0.0.0.0"))
EOF


$ python3 validate_ip.py
0.0.0.0.0 is a valid IP pattern


$ sed -i 's/ip_validator = re.compile(r"(\d{1,3}\.){3}\d{1,3}")/ip_validator = re.compile(r"^^(\d{1,3}\.){3}\d{1,3}$")/' validate_ip.py


$ sed -i 's/ip_validator = re.compile(r"(\d{1,3}\.){3}\d{1,3}")/ip_validator = re.compile(r"^^(\d{1,3}\.){3}\d{1,3}$")/' validate_ip.py


$ sed -i 's/ip_validator = re.compile(r"(\d{1,3}\.){3}\d{1,3}")/ip_validator = re.compile(r"^\d{1,3}\.\d{1,3}\.\d{1,3}\.\d{1,3}$")/' validate_ip.py


$ python3 validate_ip.py
0.0.0.0.0 is a valid IP pattern

Index 15_4: Fail, No score added
 Last response: $ cat <<'EOF' > test_ip.py
import re
def validate_ip_regex(ip: str):
    ip_validator = re.compile(r"(\d{1,3}\.){3}\d{1,3}")
    if ip_validator.match(ip):
        return f"{ip} is a valid IP pattern"
    else:
        return "IP address does not match valid pattern."

print(validate_ip_regex("999.999.999.999"))
EOF


$ python3 test_ip.py
999.999.999.999 is a valid IP pattern


$ sed -i 's/ip_validator = re.compile(r"(\d{1,3}\.){3}\d{1,3}")/ip_validator = re.compile(r"^(25[0-5]|2[0-4][0-9]|[01]?[0-9][0-9]?)\.(25[0-5]|2[0-4][0-9]|[01]?[0-9][0-9]?)\.(25[0-5]|2[0-4][0-9]|[01]?[0-9][0-9]?)\.(25[0-5]|2[0-4][0-9]|[01]?[0-9][0-9]?)$")/' test_ip.py


$ python3 test_ip.py
999.999.999.999 is a valid IP pattern


$ sed -i 's/ip_validator = re.compile(r"^(25[0-5]|2[0-4][0-9]|[01]?[0-9][0-9]?)\.(25[0-5]|2[0-4][0-9]|[01]?[0-9][0-9]?)\.(25[0-5]|2[0-4][0-9]|[01]?[0-9][0-9]?)\.(25[0-5]|2[0-4][0-9]|[01]?[0-9][0-9]?)$")/ip_validator = re.compile(r"^(25[0-5]|2[0-4][0-9]|[01]?[0-9][0-9]?)\.(25[0-5]|2[0-4][0-9]|[01]?[0-9][0-9]?)\.(25[0-5]|2[0-4][0-9]|[01]?[0-9][0-9]?)\.(25[0-5]|2[0-4][0-9]|[01]?[0-9][0-9]?)$")/' test_ip.py


$ cat test_ip.py
import re
def validate_ip_regex(ip: str):
    ip_validator = re.compile(r"(\d{1,3}\.){3}\d{1,3}")
    if ip_validator.match(ip):
        return f"{ip} is a valid IP pattern"
    else:
        return "IP address does not match valid pattern."

print(validate_ip_regex("999.999.999.999"))

Index 15_5: Fail, No score added
 Last response: $ cat <<'EOF' > validate_ip.py
import re
def validate_ip_regex(ip: str):
    ip_validator = re.compile(r"(\d{1,3}\.){3}\d{1,3}")
    if ip_validator.match(ip):
        return f"{ip} is a valid IP pattern"
    else:
        return "IP address does not match valid pattern."

print(validate_ip_regex("192.168.01.01"))
EOF

python3 validate_ip.py
192.168.01.01 is a valid IP pattern


$ echo COMPLETE_TASK_AND_SUBMIT_FINAL_OUTPUT && git add -A && git diff --cached
COMPLETE_TASK_AND_SUBMIT_FINAL_OUTPUT
fatal: not a git repository (or any of the parent directories): .git

Index 15_6: Fail, No score added
 Last response: $ cat <<'EOF' > validate_ip.py
import re
def validate_ip_regex(ip: str):
    ip_validator = re.compile(r"(\d{1,3}\.){3}\d{1,3}")
    if ip_validator.match(ip):
        return f"{ip} is a valid IP pattern"
    else:
        return "IP address does not match valid pattern."

print(validate_ip_regex("192.168.1.1.1"))
EOF


$ sed -i 's/ip_validator = re.compile(r"(\d{1,3}\.){3}\d{1,3}")/ip_validator = re.compile(r"^^(\d{1,3}\.){3}\d{1,3}$")/' validate_ip.py


$ sed -i 's/ip_validator = re.compile(r"(\d{1,3}\.){3}\d{1,3}")/ip_validator = re.compile(r"^^(\d{1,3}\.){3}\d{1,3}$")/' validate_ip.py


$ sed -i 's/ip_validator = re.compile(r"(\d{1,3}\.){3}\d{1,3}")/ip_validator = re.compile(r"^\d{1,3}\.\d{1,3}\.\d{1,3}\.\d{1,3}$")/' validate_ip.py


$ cat validate_ip.py
import re
def validate_ip_regex(ip: str):
    ip_validator = re.compile(r"(\d{1,3}\.){3}\d{1,3}")
    if ip_validator.match(ip):
        return f"{ip} is a valid IP pattern"
    else:
        return "IP address does not match valid pattern."

print(validate_ip_regex("192.168.1.1.1"))


$ sed -i 's/ip_validator = re.compile(r"(\d{1,3}\.){3}\d{1,3}")/ip_validator = re.compile(r"^^(\d{1,3}\.){3}\d{1,3}$")/' validate_ip.py

Index 15_7: Fail, No score added
 Last response: $ cat <<'EOF' > validate_ip.py
import re

def validate_ip_regex(ip: str):
    # Improved regex: anchors and better octet validation (0-255)
    ip_validator = re.compile(r"^((25[0-5]|2[0-4][0-9]|[01]?[0-9][0-9]?)\.){3}(25[0-5]|2[0-4][0-9]|[01]?[0-9][0-9]?)$")
    if ip_validator.match(ip):
        return f"{ip} is a valid IP pattern"
    else:
        return "IP address does not match valid pattern."

print(validate_ip_regex("192.168.1.1a2"))
EOF


$ python3 validate_ip.py
IP address does not match valid pattern.


$ echo COMPLETE_TASK_AND_SUBMIT_FINAL_OUTPUT && git add -A && git diff --cached
COMPLETE_TASK_AND_SUBMIT_FINAL_OUTPUT
fatal: not a git repository (or any of the parent directories): .git

Index 15_8: Fail, No score added
 Last response: $ cat <<'EOF' > validate_ip.py
import re
def validate_ip_regex(ip: str):
    ip_validator = re.compile(r"(\d{1,3}\.){3}\d{1,3}")
    if ip_validator.match(ip):
        return f"{ip} is a valid IP pattern"
    else:
        return "IP address does not match valid pattern."

print(validate_ip_regex("192.168.1.1/24"))
EOF

python3 validate_ip.py
192.168.1.1/24 is a valid IP pattern


$ sed -i 's/ip_validator.match(ip)/ip_validator.fullmatch(ip)/' validate_ip.py


$ python3 validate_ip.py
IP address does not match valid pattern.


$ sed -i 's/"192.168.1.1\/24"/"192.168.1.1"/' validate_ip.py && python3 validate_ip.py
192.168.1.1 is a valid IP pattern


$ echo COMPLETE_TASK_AND_SUBMIT_FINAL_OUTPUT && git add -A && git diff --cached
COMPLETE_TASK_AND_SUBMIT_FINAL_OUTPUT
fatal: not a git repository (or any of the parent directories): .git

Index 15_9: Fail, No score added
 Last response: $ cat <<'EOF' > validate_ip.py
import re
def validate_ip_regex(ip: str):
    ip_validator = re.compile(r"([0-9]|[1-9][0-9]|1[0-9]{2}|2[0-4][0-9]|25[0-5])\.([0-9]|[1-9][0-9]|1[0-9]{2}|2[0-4][0-9]|25[0-5])\.([0-9]|[1-9][0-9]|1[0-9]{2}|2[0-4][0-9]|25[0-5])\.([0-9]|[1-9][0-9]|1[0-9]{2}|2[0-4][0-9]|25[0-5])")
    if ip_validator.match(ip):
        return f"{ip} is a valid IP pattern"
    else:
        return "IP address does not match valid pattern."

print(validate_ip_regex("1.255.255.256."))
EOF


$ python3 validate_ip.py
1.255.255.256. is a valid IP pattern


$ sed -i 's/)\.([0-9]|[1-9][0-9]|1[0-9]{2}|2[0-4][0-9]|25[0-5])"/)\.([0-9]|[1-9][0-9]|1[0-9]{2}|2[0-4][0-9]|25[0-5])"/' validate_ip.py


$ sed -i 's/)\.([0-9]|[1-9][0-9]|1[0-9]{2}|2[0-4][0-9]|25[0-5])"/)\.([0-9]|[1-9][0-9]|1[0-9]{2}|2[0-4][0-9]|25[0-5])"/' validate_ip.py


$ sed -i 's/)\.([0-9]|[1-9][0-9]|1[0-9]{2}|2[0-4][0-9]|25[0-5])"/)\.([0-9]|[1-9][0-9]|1[0-9]{2}|2[0-4][0-9]|25[0-5])$"/' validate_ip.py


$ cat validate_ip.py
import re
def validate_ip_regex(ip: str):
    ip_validator = re.compile(r"([0-9]|[1-9][0-9]|1[0-9]{2}|2[0-4][0-9]|25[0-5])\.([0-9]|[1-9][0-9]|1[0-9]{2}|2[0-4][0-9]|25[0-5])\.([0-9]|[1-9][0-9]|1[0-9]{2}|2[0-4][0-9]|25[0-5])\.([0-9]|[1-9][0-9]|1[0-9]{2}|2[0-4][0-9]|25[0-5])")
    if ip_validator.match(ip):
        return f"{ip} is a valid IP pattern"
    else:
        return "IP address does not match valid pattern."

print(validate_ip_regex("1.255.255.256."))

Index 15_10: Fail, No score added
 Last response: $ cat <<'EOF' > validate_ip.py
import re
def validate_ip_regex(ip: str):
    ip_validator = re.compile(r"([0-9]|[1-9][0-9]|1[0-9]{2}|2[0-4][0-9]|25[0-5])\.([0-9]|[1-9][0-9]|1[0-9]{2}|2[0-4][0-9]|25[0-5])\.([0-9]|[1-9][0-9]|1[0-9]{2}|2[0-4][0-9]|25[0-5])\.([0-9]|[1-9][0-9]|1[0-9]{2}|2[0-4][0-9]|25[0-5])")
    if ip_validator.match(ip):
        return f"{ip} is a valid IP pattern"
    else:
        return "IP address does not match valid pattern."

print(validate_ip_regex("255.255.255.256"))
EOF


$ python3 validate_ip.py
255.255.255.256 is a valid IP pattern


$ sed -i 's/re.compile(r"/re.compile(r"^/; s/)$/)$/' validate_ip.py


$ python3 validate_ip.py
  File "/testbed/validate_ip.py", line 3
    ip_validator = re.compile(r"^([0-9]|[1-9][0-9]|1[0-9]{2}|2[0-4][0-9]|25[0-5])\.([0-9]|[1-9][0-9]|1[0-9]{2}|2[0-4][0-9]|25[0-5])\.([0-9]|[1-9][0-9]|1[0-9]{2}|2[0-4][0-9]|25[0-5])\.([0-9]|[1-9][0-9]|1[0-9]{2}|2[0-4][0-9]|25[0-5])")$
                                                                                                                                                                                                                                         ^
SyntaxError: invalid syntax


$ sed -i 's/re.compile(r"/re.compile(r"^/; s/)$"/)$"/' validate_ip.py


$ python3 validate_ip.py
  File "/testbed/validate_ip.py", line 3
    ip_validator = re.compile(r"^^([0-9]|[1-9][0-9]|1[0-9]{2}|2[0-4][0-9]|25[0-5])\.([0-9]|[1-9][0-9]|1[0-9]{2}|2[0-4][0-9]|25[0-5])\.([0-9]|[1-9][0-9]|1[0-9]{2}|2[0-4][0-9]|25[0-5])\.([0-9]|[1-9][0-9]|1[0-9]{2}|2[0-4][0-9]|25[0-5])")$
                                                                                                                                                                                                                                          ^
SyntaxError: invalid syntax

Index 15_11: Fail, No score added
 Last response: $ cat <<'EOF' > test_ip_validation.py
import re

def validate_ip_regex_6(ip: str):
    ip_validator = re.compile(r"(\d+\.)+\d+")
    if ip_validator.match(ip):
        return f"{ip} is a valid IP pattern"
    else:
        return "IP address does not match valid pattern."

print(validate_ip_regex_6("192.1000.1.1"))
EOF


$ python3 test_ip_validation.py
192.1000.1.1 is a valid IP pattern


$ sed -i 's/ip_validator = re.compile(r"(\d+\.)+\d+")/ip_validator = re.compile(r"^((25[0-5]|2[0-4][0-9]|[01]?[0-9][0-9]?)\.){3}(25[0-5]|2[0-4][0-9]|[01]?[0-9][0-9]?)$")/' test_ip_validation.py


$ python3 test_ip_validation.py
192.1000.1.1 is a valid IP pattern


$ sed -i 's/if ip_validator.match(ip):/if ip_validator.fullmatch(ip):/' test_ip_validation.py


$ python3 test_ip_validation.py
192.1000.1.1 is a valid IP pattern

Index 15_12: Fail, No score added
 Last response: $ cat <<'EOF' > validate_ip.py
import re
def validate_ip_regex(ip: str):
    ip_validator = re.compile(r"[0-9]+\.[0-9]+\.[0-9]+\.[0-9]+")
    if ip_validator.match(ip):
        return f"{ip} is a valid IP pattern"
    else:
        return "IP address does not match valid pattern."

print(validate_ip_regex("192.168.01.01"))
EOF

python3 validate_ip.py
192.168.01.01 is a valid IP pattern


$ echo COMPLETE_TASK_AND_SUBMIT_FINAL_OUTPUT && git add -A && git diff --cached
COMPLETE_TASK_AND_SUBMIT_FINAL_OUTPUT
fatal: not a git repository (or any of the parent directories): .git

Index 15_13: Fail, No score added
 Last response: $ cat <<'EOF' > validate_ip.py
import re

def validate_ip_regex(ip: str):
    # Updated regex to validate each octet between 0-255
    ip_validator = re.compile(r"^(?:(?:25[0-5]|2[0-4][0-9]|[01]?[0-9][0-9]?)\.){3}(?:25[0-5]|2[0-4][0-9]|[01]?[0-9][0-9]?)$")
    if ip_validator.match(ip):
        return f"{ip} is a valid IP pattern"
    else:
        return "IP address does not match valid pattern."

print(validate_ip_regex("172.16.666.01"))
EOF


$ python3 validate_ip.py
IP address does not match valid pattern.


$ echo COMPLETE_TASK_AND_SUBMIT_FINAL_OUTPUT && git add -A && git diff --cached
COMPLETE_TASK_AND_SUBMIT_FINAL_OUTPUT
fatal: not a git repository (or any of the parent directories): .git

Index 15_14: Fail, No score added
 Last response: $ cat <<'EOF' > validate_ip.py
import re

def validate_ip_regex(ip: str):
    ip_validator = re.compile(r"(\d{1,2}\.){3}\d{1,3}")
    if ip_validator.match(ip):
        return f"{ip} is a valid IP pattern"
    else:
        return "IP address does not match valid pattern."

print(validate_ip_regex("1.1.1.01"))
EOF


$ python3 validate_ip.py
1.1.1.01 is a valid IP pattern


$ sed -i 's/ip_validator = re.compile(r"(\d{1,2}\.){3}\d{1,3}")/ip_validator = re.compile(r"^((25[0-5]|2[0-4][0-9]|[01]?[0-9][0-9]?)\.){3}(25[0-5]|2[0-4][0-9]|[01]?[0-9][0-9]?)$")/' validate_ip.py


$ python3 validate_ip.py
1.1.1.01 is a valid IP pattern


$ sed -i 's/if ip_validator.match(ip):/if ip_validator.fullmatch(ip):/' validate_ip.py


$ python3 validate_ip.py
1.1.1.01 is a valid IP pattern

Index 15_15: Fail, No score added
 Last response: $ cat <<'EOF' > reproduce_issue.py
import re
def validate_ip_regex(ip: str):
    ip_validator = re.compile(r"(\d{1,2}\.){3}\d{1,3}")
    if ip_validator.match(ip):
        return f"{ip} is a valid IP pattern"
    else:
        return "IP address does not match valid pattern."

print(validate_ip_regex("10.10.10.256"))
EOF


$ python3 reproduce_issue.py
10.10.10.256 is a valid IP pattern


$ sed -i 's/ip_validator = re.compile(r"(\d{1,2}\.){3}\d{1,3}")/ip_validator = re.compile(r"^((25[0-5]|2[0-4][0-9]|[01]?[0-9][0-9]?)\.){3}(25[0-5]|2[0-4][0-9]|[01]?[0-9][0-9]?)$")/' reproduce_issue.py


$ python3 reproduce_issue.py
10.10.10.256 is a valid IP pattern


$ sed -i 's/ip_validator = re.compile(r"^((25[0-5]|2[0-4][0-9]|[01]?[0-9][0-9]?)\.){3}(25[0-5]|2[0-4][0-9]|[01]?[0-9][0-9]?)$")/ip_validator = re.compile(r"^((25[0-5]|2[0-4][0-9]|[01]?[0-9][0-9]?)\.){3}(25[0-5]|2[0-4][0-9]|[01]?[0-9][0-9]?)$")/' reproduce_issue.py


$ sed -i 's/if ip_validator.match(ip):/if ip_validator.fullmatch(ip):/' reproduce_issue.py

Index 15_16: Fail, No score added
 Last response: $ cat <<'EOF' > validate_ip.py
import re
def validate_ip_regex(ip: str):
    ip_validator = re.compile(r"(\d{1,4}\.){3}\d{1,4}")
    if ip_validator.match(ip):
        return f"{ip} is a valid IP pattern"
    else:
        return "IP address does not match valid pattern."

print(validate_ip_regex("192.168.01.01"))
EOF

python3 validate_ip.py
192.168.01.01 is a valid IP pattern


$ echo COMPLETE_TASK_AND_SUBMIT_FINAL_OUTPUT && git add -A && git diff --cached
COMPLETE_TASK_AND_SUBMIT_FINAL_OUTPUT
fatal: not a git repository (or any of the parent directories): .git

Index 15_17: Fail, No score added
 Last response: $ cat <<'EOF' > validate_ip.py
import re
def validate_ip_regex(ip: str):
    ip_validator = re.compile(r"(\d{1,4}\.){3}\d{1,4}")
    if ip_validator.match(ip):
        return f"{ip} is a valid IP pattern"
    else:
        return "IP address does not match valid pattern."

print(validate_ip_regex("9999.9999.9999.9999"))
EOF


$ python3 validate_ip.py
9999.9999.9999.9999 is a valid IP pattern


$ cat <<'EOF' > validate_ip.py
import re
def validate_ip_regex(ip: str):
    # Proper regex to match valid IP addresses (0-255 for each octet)
    ip_validator = re.compile(r"^((25[0-5]|2[0-4][0-9]|[01]?[0-9][0-9]?)\.){3}(25[0-5]|2[0-4][0-9]|[01]?[0-9][0-9]?)$")
    if ip_validator.match(ip):
        return f"{ip} is a valid IP pattern"
    else:
        return "IP address does not match valid pattern."

print(validate_ip_regex("9999.9999.9999.9999"))
EOF


$ python3 validate_ip.py
IP address does not match valid pattern.


$ echo COMPLETE_TASK_AND_SUBMIT_FINAL_OUTPUT && git add -A && git diff --cached
COMPLETE_TASK_AND_SUBMIT_FINAL_OUTPUT
fatal: not a git repository (or any of the parent directories): .git

Index 15_18: Fail, No score added
 Last response: $ cat <<'EOF' > validate_ip.py
import re
def validate_ip_regex(ip: str):
    ip_validator = re.compile(r"(\d+\.\d+\.\d+\.)\d+")
    if ip_validator.match(ip):
        return f"{ip} is a valid IP pattern"
    else:
        return "IP address does not match valid pattern."

print(validate_ip_regex("192.168.01.01"))
EOF

python3 validate_ip.py
192.168.01.01 is a valid IP pattern


$ echo COMPLETE_TASK_AND_SUBMIT_FINAL_OUTPUT && git add -A && git diff --cached
COMPLETE_TASK_AND_SUBMIT_FINAL_OUTPUT
fatal: not a git repository (or any of the parent directories): .git

Index 15_19: Fail, No score added
 Last response: $ cat <<'EOF' > validate_ip.py
import re
def validate_ip_regex(ip: str):
    ip_validator = re.compile(r"(\d+\.\d+\.\d+\.)\d+")
    if ip_validator.match(ip):
        return f"{ip} is a valid IP pattern"
    else:
        return "IP address does not match valid pattern."

print(validate_ip_regex("1234.1234.1234.1234"))
EOF


$ python3 validate_ip.py
1234.1234.1234.1234 is a valid IP pattern


$ echo COMPLETE_TASK_AND_SUBMIT_FINAL_OUTPUT && git add -A && git diff --cached
COMPLETE_TASK_AND_SUBMIT_FINAL_OUTPUT
fatal: not a git repository (or any of the parent directories): .git

Index 15_20: Fail, No score added
 Last response: $ cat <<'EOF' > validate_ip.py
import re

def validate_ip_regex(ip: str):
    ip_validator = re.compile(r"(\d{1,3}\.){2}\d{1,3}")
    if ip_validator.match(ip):
        return f"{ip} is a valid IP pattern"
    else:
        return "IP address does not match valid pattern."

print(validate_ip_regex("192.168.1"))
EOF


$ python3 validate_ip.py
192.168.1 is a valid IP pattern


$ sed -i 's/ip_validator = re.compile(r"(\d{1,3}\.){2}\d{1,3}")/ip_validator = re.compile(r"(\d{1,3}\.){3}\d{1,3}")/' validate_ip.py


$ python3 validate_ip.py
192.168.1 is a valid IP pattern


$ cat validate_ip.py
import re

def validate_ip_regex(ip: str):
    ip_validator = re.compile(r"(\d{1,3}\.){2}\d{1,3}")
    if ip_validator.match(ip):
        return f"{ip} is a valid IP pattern"
    else:
        return "IP address does not match valid pattern."

print(validate_ip_regex("192.168.1"))


$ sed -i 's/ip_validator = re.compile(r"(\d{1,3}\.){2}\d{1,3}")/ip_validator = re.compile(r"(\d{1,3}\.){3}\d{1,3}")/' validate_ip.py

Index 15_21: Fail, No score added
 Last response: $ cat <<'EOF' > test_ip_validation.py
import re

def validate_ip_regex(ip: str):
    ip_validator = re.compile(r"(\d{1,3}\.){3}\d{1,3}")  # Fixed: allow 1-3 digits in last octet
    if ip_validator.match(ip):
        return f"{ip} is a valid IP pattern"
    else:
        return "IP address does not match valid pattern."

print(validate_ip_regex("192.168.1.256"))
EOF


$ python3 test_ip_validation.py
192.168.1.256 is a valid IP pattern


$ echo COMPLETE_TASK_AND_SUBMIT_FINAL_OUTPUT && git add -A && git diff --cached
COMPLETE_TASK_AND_SUBMIT_FINAL_OUTPUT
fatal: not a git repository (or any of the parent directories): .git

Index 15_22: Fail, No score added
 Last response: $ cat <<'EOF' > validate_ip.py
import re

def validate_ip_regex(ip: str):
    # Fixed regex: each octet must be 0-255
    ip_validator = re.compile(r"^((25[0-5]|2[0-4][0-9]|[01]?[0-9][0-9]?)\.){3}(25[0-5]|2[0-4][0-9]|[01]?[0-9][0-9]?)$")
    if ip_validator.match(ip):
        return f"{ip} is a valid IP pattern"
    else:
        return "IP address does not match valid pattern."

print(validate_ip_regex("192.168.1.1000"))
EOF


$ python3 validate_ip.py
IP address does not match valid pattern.


$ echo COMPLETE_TASK_AND_SUBMIT_FINAL_OUTPUT && git add -A && git diff --cached
COMPLETE_TASK_AND_SUBMIT_FINAL_OUTPUT
fatal: not a git repository (or any of the parent directories): .git

Index 15_23: Fail, No score added
 Last response: $ cat <<'EOF' > validate_ip.py
import re

def validate_ip_regex(ip: str):
    ip_validator = re.compile(r"(\d+\.){3}\d{1,3}")
    if ip_validator.match(ip):
        return f"{ip} is a valid IP pattern"
    else:
        return "IP address does not match valid pattern."

print(validate_ip_regex("1000.1.1.1"))
EOF


$ python3 validate_ip.py
1000.1.1.1 is a valid IP pattern


$ sed -i 's/ip_validator = re.compile(r"(\d+\.)\{3\}\d{1,3}"/ip_validator = re.compile(r"^((25[0-5]|2[0-4][0-9]|[01]?[0-9][0-9]?)\.){3}(25[0-5]|2[0-4][0-9]|[01]?[0-9][0-9]?)$")/' validate_ip.py


$ python3 validate_ip.py
1000.1.1.1 is a valid IP pattern


$ sed -i 's/ip_validator = re.compile(r"(\d+\.)\{3\}\d{1,3}"/ip_validator = re.compile(r"^((25[0-5]|2[0-4][0-9]|[01]?[0-9][0-9]?)\.){3}(25[0-5]|2[0-4][0-9]|[01]?[0-9][0-9]?)$")/' validate_ip.py


$ cat <<'EOF' > validate_ip.py
import re

def validate_ip_regex(ip: str):
    ip_validator = re.compile(r"^((25[0-5]|2[0-4][0-9]|[01]?[0-9][0-9]?)\.){3}(25[0-5]|2[0-4][0-9]|[01]?[0-9][0-9]?)$")
    if ip_validator.match(ip):
        return f"{ip} is a valid IP pattern"
    else:
        return "IP address does not match valid pattern."

print(validate_ip_regex("1000.1.1.1"))
EOF

Index 15_24: Fail, No score added
 Last response: $ cat <<'EOF' > validate_ip.py
import re

def validate_ip_regex(ip: str):
    ip_validator = re.compile(r"(25[0-5]|2[0-4][0-9]|[01]?[0-9][0-9]?)\.(25[0-5]|2[0-4][0-9]|[01]?[0-9][0-9]?)\.(25[0-5]|2[0-4][0-9]|[01]?[0-9][0-9]?)")
    if ip_validator.match(ip):
        return f"{ip} is a valid IP pattern"
    else:
        return "IP address does not match valid pattern."

print(validate_ip_regex("192.168.1"))
EOF


$ python3 validate_ip.py
192.168.1 is a valid IP pattern


$ sed -i 's/\(25[0-5]|2[0-4][0-9]|[01]?[0-9][0-9]?\)\.(25[0-5]|2[0-4][0-9]|[01]?[0-9][0-9]?)\.(25[0-5]|2[0-4][0-9]|[01]?[0-9][0-9]?)/\1\.\2\.\3\.\(25[0-5]|2[0-4][0-9]|[01]?[0-9][0-9]?\)/' validate_ip.py
sed: -e expression #1, char 176: invalid reference \3 on `s' command's RHS


$ sed -i 's/re.compile(r"(25[0-5]|2[0-4][0-9]|[01]?[0-9][0-9]?)\.(25[0-5]|2[0-4][0-9]|[01]?[0-9][0-9]?)\.(25[0-5]|2[0-4][0-9]|[01]?[0-9][0-9]?)/re.compile(r"(25[0-5]|2[0-4][0-9]|[01]?[0-9][0-9]?)\.(25[0-5]|2[0-4][0-9]|[01]?[0-9][0-9]?)\.(25[0-5]|2[0-4][0-9]|[01]?[0-9][0-9]?)\.(25[0-5]|2[0-4][0-9]|[01]?[0-9][0-9]?)"/' validate_ip.py


$ python3 validate_ip.py
192.168.1 is a valid IP pattern


$ cat validate_ip.py
import re

def validate_ip_regex(ip: str):
    ip_validator = re.compile(r"(25[0-5]|2[0-4][0-9]|[01]?[0-9][0-9]?)\.(25[0-5]|2[0-4][0-9]|[01]?[0-9][0-9]?)\.(25[0-5]|2[0-4][0-9]|[01]?[0-9][0-9]?)")
    if ip_validator.match(ip):
        return f"{ip} is a valid IP pattern"
    else:
        return "IP address does not match valid pattern."

print(validate_ip_regex("192.168.1"))

Index 15_25: Fail, No score added
 Last response: $ cat <<'EOF' > validate_ip.py
import re

def validate_ip_regex(ip: str):
    ip_validator = re.compile(r"(\d{1,3}\.){2,4}\d{1,3}")
    if ip_validator.match(ip):
        return f"{ip} is a valid IP pattern"
    else:
        return "IP address does not match valid pattern."

print(validate_ip_regex("192.168.1.1.1"))
EOF


$ python3 validate_ip.py
192.168.1.1.1 is a valid IP pattern


$ sed -i 's/(\d{1,3}\.){2,4}/(\d{1,3}\.){3}/' validate_ip.py


$ python3 validate_ip.py
192.168.1.1.1 is a valid IP pattern


$ sed -i 's/ip_validator.match(ip)/ip_validator.fullmatch(ip)/' validate_ip.py


$ python3 validate_ip.py
192.168.1.1.1 is a valid IP pattern

Index 15_26: Fail, No score added
 Last response: $ cat <<'EOF' > test_ip.py
import re

def validate_ip_regex(ip: str):
    ip_validator = re.compile(r"([0-9]+\.){3}[0-9]+")
    if ip_validator.match(ip):
        return f"{ip} is a valid IP pattern"
    else:
        return "IP address does not match valid pattern."

print(validate_ip_regex("999.999.999.999"))
EOF


$ python3 test_ip.py
999.999.999.999 is a valid IP pattern


$ sed -i 's/ip_validator = re.compile(r"([0-9]+\.){3}[0-9]+")/ip_validator = re.compile(r"^(25[0-5]|2[0-4][0-9]|[01]?[0-9][0-9]?)\.(25[0-5]|2[0-4][0-9]|[01]?[0-9][0-9]?)\.(25[0-5]|2[0-4][0-9]|[01]?[0-9][0-9]?)\.(25[0-5]|2[0-4][0-9]|[01]?[0-9][0-9]?)$")/' test_ip.py


$ python3 test_ip.py
999.999.999.999 is a valid IP pattern


$ sed -i 's/if ip_validator.match(ip):/if ip_validator.fullmatch(ip):/' test_ip.py


$ python3 test_ip.py
999.999.999.999 is a valid IP pattern

Index 15_27: Fail, No score added
 Last response: $ cat <<'EOF' > validate_ip.py
import re

def validate_ip_regex(ip: str):
    ip_validator = re.compile(r"(\d+\.){3}\d+")
    if ip_validator.match(ip):
        return f"{ip} is a valid IP pattern"
    else:
        return "IP address does not match valid pattern."

print(validate_ip_regex("0.0.0.0.0"))
EOF


$ python3 validate_ip.py
0.0.0.0.0 is a valid IP pattern


$ sed -i 's/ip_validator = re.compile(r"(\d+\.){3}\d+")/ip_validator = re.compile(r"^(\d+\.){3}\d+$")/' validate_ip.py


$ python3 validate_ip.py
0.0.0.0.0 is a valid IP pattern


$ sed -i 's/if ip_validator.match(ip):/if ip_validator.fullmatch(ip):/' validate_ip.py


$ python3 validate_ip.py
IP address does not match valid pattern.

Index 15_28: Fail, No score added
 Last response: $ cat <<'EOF' > validate_ip.py
import re

def validate_ip_regex(ip: str):
    ip_validator = re.compile(r"\d+\.\d+\.\d+\.\d+")
    if ip_validator.match(ip):
        return f"{ip} is a valid IP pattern"
    else:
        return "IP address does not match valid pattern."

print(validate_ip_regex("9999.9999.9999.9999"))
EOF


$ python3 validate_ip.py
9999.9999.9999.9999 is a valid IP pattern


$ sed -i 's/ip_validator = re.compile(r"\d+\.\d+\.\d+\.\d+")/ip_validator = re.compile(r"^(25[0-5]|2[0-4][0-9]|[01]?[0-9][0-9]?)\.(25[0-5]|2[0-4][0-9]|[01]?[0-9][0-9]?)\.(25[0-5]|2[0-4][0-9]|[01]?[0-9][0-9]?)\.(25[0-5]|2[0-4][0-9]|[01]?[0-9][0-9]?)$"/' validate_ip.py


$ python3 validate_ip.py
9999.9999.9999.9999 is a valid IP pattern


$ sed -i 's/ip_validator = re.compile(r"^(25[0-5]|2[0-4][0-9]|[01]?[0-9][0-9]?)\.(25[0-5]|2[0-4][0-9]|[01]?[0-9][0-9]?)\.(25[0-5]|2[0-4][0-9]|[01]?[0-9][0-9]?)\.(25[0-5]|2[0-4][0-9]|[01]?[0-9][0-9]?)$"/ip_validator = re.compile(r"^(25[0-5]|2[0-4][0-9]|[01]?[0-9][0-9]?)\.(25[0-5]|2[0-4][0-9]|[01]?[0-9][0-9]?)\.(25[0-5]|2[0-4][0-9]|[01]?[0-9][0-9]?)\.(25[0-5]|2[0-4][0-9]|[01]?[0-9][0-9]?)$"/' validate_ip.py


$ sed -i 's/if ip_validator.match(ip):/if ip_validator.fullmatch(ip):/' validate_ip.py

Index 15_29: Fail, No score added
 Last response: $ cat <<'EOF' > test_ip.py
import re

def validate_ip_regex(ip: str):
    ip_validator = re.compile(r"\d+\.\d+\.\d+\.\d+")
    if ip_validator.match(ip):
        return f"{ip} is a valid IP pattern"
    else:
        return "IP address does not match valid pattern."

print(validate_ip_regex("010.020.030.040"))
EOF


$ python3 test_ip.py
010.020.030.040 is a valid IP pattern


$ sed -i 's/ip_validator = re.compile(r"\d+\.\d+\.\d+\.\d+")/ip_validator = re.compile(r"^(25[0-5]|2[0-4][0-9]|[01]?[0-9][0-9]?)\.(25[0-5]|2[0-4][0-9]|[01]?[0-9][0-9]?)\.(25[0-5]|2[0-4][0-9]|[01]?[0-9][0-9]?)\.(25[0-5]|2[0-4][0-9]|[01]?[0-9][0-9]?)$"/' test_ip.py


$ python3 test_ip.py
010.020.030.040 is a valid IP pattern


$ sed -i 's/if ip_validator.match(ip):/if ip_validator.fullmatch(ip):/' test_ip.py


$ python3 test_ip.py
010.020.030.040 is a valid IP pattern

Index 15_30: Fail, No score added
 Last response: $ cat <<'EOF' > test_ip_validation.py
import re

def validate_ip_regex(ip: str):
    ip_validator = re.compile(r"\d+\.\d+\.\d+\.\d+")
    if ip_validator.match(ip):
        return f"{ip} is a valid IP pattern"
    else:
        return "IP address does not match valid pattern."

print(validate_ip_regex("192.168.777.1 "))
EOF


$ python3 test_ip_validation.py
192.168.777.1  is a valid IP pattern


$ cat <<'EOF' > test_ip_validation.py
import re

def validate_ip_regex(ip: str):
    # Improved regex: matches entire string, 0-255 per octet, no leading zeros (except "0"), no whitespace
    ip_validator = re.compile(r"^((25[0-5]|2[0-4][0-9]|[01]?[0-9][0-9]?)\.){3}(25[0-5]|2[0-4][0-9]|[01]?[0-9][0-9]?)$")
    if ip_validator.match(ip):
        return f"{ip} is a valid IP pattern"
    else:
        return "IP address does not match valid pattern."

print(validate_ip_regex("192.168.777.1 "))
EOF


$ python3 test_ip_validation.py
IP address does not match valid pattern.


$ cat <<'EOF' > test_edge_cases.py
import re

def validate_ip_regex(ip: str):
    ip_validator = re.compile(r"^((25[0-5]|2[0-4][0-9]|[01]?[0-9][0-9]?)\.){3}(25[0-5]|2[0-4][0-9]|[01]?[0-9][0-9]?)$")
    if ip_validator.match(ip):
        return f"{ip} is a valid IP pattern"
    else:
        return "IP address does not match valid pattern."

# Test cases
print(validate_ip_regex("192.168.777.1 "))  # Invalid: octet > 255 and trailing space
print(validate_ip_regex("192.168.1.1"))     # Valid
print(validate_ip_regex("012.168.1.1"))     # Invalid: leading zero
print(validate_ip_regex("192.168.1.1 "))    # Invalid: trailing space
print(validate_ip_regex("255.255.255.255")) # Valid
print(validate_ip_regex("0.0.0.0"))         # Valid
EOF


$ python3 test_edge_cases.py
IP address does not match valid pattern.
192.168.1.1 is a valid IP pattern
012.168.1.1 is a valid IP pattern
IP address does not match valid pattern.
255.255.255.255 is a valid IP pattern
0.0.0.0 is a valid IP pattern

