Index 22_1: Success, Score +1
 Last response: $ ls -la
total 8
drwxr-xr-x 2 root root 4096 Dec  7 13:56 .
drwxr-xr-x 1 root root 4096 Dec  7 13:56 ..


$ cat <<'EOF' > tax_calculator.py
def calculate_tax(income):
    match income:
        case income if income < 10000:
            return income * 0.1
        case income if income < 50000:
            return income * 0.2
        case income if income < 100000:
            return income * 0.3
        case _:
            return income * 0.4  # Default case for income >= 100000

tax = calculate_tax(150000)
if tax is None:
    print("No default case for income tax calculation.")
else:
    print(f"Tax for income 150000 is: {tax}")
EOF


$ python3 tax_calculator.py
Tax for income 150000 is: 60000.0


$ echo COMPLETE_TASK_AND_SUBMIT_FINAL_OUTPUT && git add -A && git diff --cached
COMPLETE_TASK_AND_SUBMIT_FINAL_OUTPUT
fatal: not a git repository (or any of the parent directories): .git

Index 22_2: Success, Score +1
 Last response: $ ls -la
total 8
drwxr-xr-x 2 root root 4096 Dec  7 13:58 .
drwxr-xr-x 1 root root 4096 Dec  7 13:58 ..


$ cat <<'EOF' > weekday.py
def get_weekday_name(day_number):
    match day_number:
        case 1:
            return "Monday"
        case 2:
            return "Tuesday"
        case 3:
            return "Wednesday"
        case 4:
            return "Thursday"
        case 5:
            return "Friday"
        case 6:
            return "Saturday"
        case _:
            return "Invalid day number"

day_name = get_weekday_name(7)
if day_name is None:
    print("No default case for getting the weekday name.")
else:
    print(day_name)
EOF


$ python3 weekday.py
Invalid day number


$ echo COMPLETE_TASK_AND_SUBMIT_FINAL_OUTPUT && git add -A && git diff --cached
COMPLETE_TASK_AND_SUBMIT_FINAL_OUTPUT
fatal: not a git repository (or any of the parent directories): .git

Index 22_3: Success, Score +1
 Last response: $ cat <<'EOF' > reproduce_issue.py
def process_command(command):
    match command:
        case "start":
            print("Starting the system.")
        case "stop":
            print("Stopping the system.")
        case "restart":
            print("Restarting the system.")

command_result = process_command("pause")
if command_result is None:
    print("No default case for the command.")
EOF


$ cat <<'EOF' > main.py
def process_command(command):
    match command:
        case "start":
            print("Starting the system.")
        case "stop":
            print("Stopping the system.")
        case "restart":
            print("Restarting the system.")
        case _:
            print("Unknown command.")

command_result = process_command("pause")
if command_result is None:
    print("No default case for the command.")
EOF


$ python3 main.py
Unknown command.
No default case for the command.


$ cat <<'EOF' > main.py
def process_command(command):
    match command:
        case "start":
            print("Starting the system.")
        case "stop":
            print("Stopping the system.")
        case "restart":
            print("Restarting the system.")
        case _:
            print("Unknown command.")

process_command("pause")
EOF


$ python3 main.py
Unknown command.


$ echo COMPLETE_TASK_AND_SUBMIT_FINAL_OUTPUT && git add -A && git diff --cached
COMPLETE_TASK_AND_SUBMIT_FINAL_OUTPUT
fatal: not a git repository (or any of the parent directories): .git

Index 22_4: Get rejected 
 Last response: $ ls -la *.py
ls: cannot access '*.py': No such file or directory


$ cat <<'EOF' > discount_calculator.py
def calculate_discount(item):
    match item:
        case "book":
            return 0.1
        case "game":
            return 0.2
        case "food":
            return 0.05
        case _:
            return 0.0

discount = calculate_discount("clothes")
if discount is None:
    print("No default case for calculating the discount.")
else:
    print(f"Discount for clothes: {discount}")
EOF


$ python3 discount_calculator.py
Discount for clothes: 0.0


$ echo COMPLETE_TASK_AND_SUBMIT_FINAL_OUTPUT && git add -A && git diff --cached
COMPLETE_TASK_AND_SUBMIT_FINAL_OUTPUT
fatal: not a git repository (or any of the parent directories): .git

Index 22_5: Success, Score +1
 Last response: $ cat <<'EOF' > pet_sound.py
def get_pet_sound(pet):
    match pet:
        case "dog":
            return "bark"
        case "cat":
            return "meow"
        case "bird":
            return "tweet"
        case _:
            return "squeak"

sound = get_pet_sound("hamster")
if sound is None:
    print("No default case for getting the pet sound.")
EOF


$ python3 pet_sound.py


$ echo COMPLETE_TASK_AND_SUBMIT_FINAL_OUTPUT && git add -A && git diff --cached
COMPLETE_TASK_AND_SUBMIT_FINAL_OUTPUT
fatal: not a git repository (or any of the parent directories): .git

Index 22_6: Success, Score +1
 Last response: $ ls -la
total 8
drwxr-xr-x 2 root root 4096 Dec  7 14:04 .
drwxr-xr-x 1 root root 4096 Dec  7 14:04 ..


$ cat <<'EOF' > age_categorizer.py
def categorize_age(age):
    match age:
        case age if age < 13:
            return "child"
        case age if age < 20:
            return "teenager"
        case age if age < 65:
            return "adult"
        case _:
            return "senior"

category = categorize_age(70)
if category is None:
    print("No default case for categorizing age.")
else:
    print(f"Category: {category}")
EOF


$ python3 age_categorizer.py
Category: senior


$ echo COMPLETE_TASK_AND_SUBMIT_FINAL_OUTPUT && git add -A && git diff --cached
COMPLETE_TASK_AND_SUBMIT_FINAL_OUTPUT
fatal: not a git repository (or any of the parent directories): .git

Index 22_7: Success, Score +1
 Last response: $ cat <<'EOF' > payment_method.py
def get_payment_method(method):
    match method:
        case "credit":
            return "Credit Card"
        case "debit":
            return "Debit Card"
        case "paypal":
            return "PayPal"
        case _:
            return "Unknown Payment Method"

payment = get_payment_method("bitcoin")
if payment is None:
    print("No default case for the payment method.")
else:
    print(payment)
EOF


$ python3 payment_method.py
Unknown Payment Method


$ echo COMPLETE_TASK_AND_SUBMIT_FINAL_OUTPUT && git add -A && git diff --cached
COMPLETE_TASK_AND_SUBMIT_FINAL_OUTPUT
fatal: not a git repository (or any of the parent directories): .git

Index 22_8: Success, Score +1
 Last response: $ cat <<'EOF' > season_determiner.py
def determine_season(month):
    match month:
        case "December":
            return "Winter"
        case "January":
            return "Winter"
        case "February":
            return "Winter"
        case "March":
            return "Spring"
        case "April":
            return "Spring"
        case "May":
            return "Spring"
        case "June":
            return "Summer"
        case "July":
            return "Summer"
        case "August":
            return "Summer"
        case _:
            return "Fall"  # Default case for months like October

season = determine_season("October")
if season is None:
    print("No default case for determining the season.")
else:
    print(season)
EOF


$ python3 season_determiner.py
Fall


$ echo COMPLETE_TASK_AND_SUBMIT_FINAL_OUTPUT && git add -A && git diff --cached
COMPLETE_TASK_AND_SUBMIT_FINAL_OUTPUT
fatal: not a git repository (or any of the parent directories): .git

Index 22_9: Success, Score +1
 Last response: $ cat <<'EOF' > test_vehicle_classification.py
def classify_vehicle(type):
    match type:
        case "car":
            return "Land Vehicle"
        case "boat":
            return "Water Vehicle"
        case "airplane":
            return "Air Vehicle"

vehicle = classify_vehicle("bike")
if vehicle is None:
    print("No default case for classifying the vehicle.")

# Test with a known type
print(classify_vehicle("car"))
EOF


$ python3 test_vehicle_classification.py
No default case for classifying the vehicle.
Land Vehicle


$ sed -i '10i\        case _:\n            return "Unknown Vehicle"' test_vehicle_classification.py


$ python3 test_vehicle_classification.py
Land Vehicle


$ sed -i 's/vehicle = classify_vehicle("bike")\nif vehicle is None:\n    print("No default case for classifying the vehicle.")/vehicle = classify_vehicle("bike")\nprint(vehicle)/' test_vehicle_classification.py


$ python3 test_vehicle_classification.py
Land Vehicle

Index 22_10: Success, Score +1
 Last response: $ ls -la
total 8
drwxr-xr-x 2 root root 4096 Dec  7 14:10 .
drwxr-xr-x 1 root root 4096 Dec  7 14:10 ..


$ cat <<'EOF' > fruit_identifier.py
def identify_fruit(color):
    match color:
        case "red":
            return "Apple"
        case "yellow":
            return "Banana"
        case "green":
            return "Kiwi"
        case _:
            return "Unknown Fruit"

fruit = identify_fruit("orange")
if fruit is None:
    print("No default case for identifying the fruit.")
else:
    print(f"Identified fruit: {fruit}")
EOF


$ python3 fruit_identifier.py
Identified fruit: Unknown Fruit


$ echo COMPLETE_TASK_AND_SUBMIT_FINAL_OUTPUT && git add -A && git diff --cached
COMPLETE_TASK_AND_SUBMIT_FINAL_OUTPUT
fatal: not a git repository (or any of the parent directories): .git

Index 22_11: Success, Score +1
 Last response: $ cat <<'EOF' > temp_converter.py
def convert_temperature(unit, value):
    match unit:
        case "Celsius":
            return (value * 9/5) + 32
        case "Fahrenheit":
            return (value - 32) * 5/9
        case "Kelvin":
            return (value - 273.15) * 9/5 + 32

temperature = convert_temperature("Kelvin", 300)
if temperature is None:
    print("No default case for converting the temperature.")
EOF


$ python3 temp_converter.py


$ echo COMPLETE_TASK_AND_SUBMIT_FINAL_OUTPUT && git add -A && git diff --cached
COMPLETE_TASK_AND_SUBMIT_FINAL_OUTPUT
fatal: not a git repository (or any of the parent directories): .git

Index 22_12: Success, Score +1
 Last response: $ ls -la
total 8
drwxr-xr-x 2 root root 4096 Dec  7 14:13 .
drwxr-xr-x 1 root root 4096 Dec  7 14:13 ..


$ cat <<'EOF' > grade_calculator.py
def calculate_grade(score):
    match score:
        case score if score >= 90:
            return "A"
        case score if score >= 80:
            return "B"
        case score if score >= 70:
            return "C"
        case _:
            return "F"

grade = calculate_grade(65)
if grade is None:
    print("No default case for calculating the grade.")
else:
    print(f"Grade: {grade}")
EOF


$ python3 grade_calculator.py
Grade: F


$ echo COMPLETE_TASK_AND_SUBMIT_FINAL_OUTPUT && git add -A && git diff --cached
COMPLETE_TASK_AND_SUBMIT_FINAL_OUTPUT
fatal: not a git repository (or any of the parent directories): .git

Index 22_13: Success, Score +1
 Last response: $ cat <<'EOF' > route_direction.py
def route_direction(direction):
    match direction:
        case "north":
            return "Go straight ahead."
        case "south":
            return "Turn back."
        case "east":
            return "Turn right."
        case _:
            return "Unknown direction."

direction = route_direction("west")
if direction is None:
    print("No default case for routing the direction.")
else:
    print(direction)
EOF


$ python3 route_direction.py
Unknown direction.


$ echo COMPLETE_TASK_AND_SUBMIT_FINAL_OUTPUT && git add -A && git diff --cached
COMPLETE_TASK_AND_SUBMIT_FINAL_OUTPUT
fatal: not a git repository (or any of the parent directories): .git

Index 22_14: Success, Score +1
 Last response: $ find . -name "*.py" -exec grep -l "def assign_seating" {} \;


$ cat <<'EOF' > seating.py
def assign_seating(section):
    match section:
        case "orchestra":
            return "Front Rows"
        case "mezzanine":
            return "Middle Rows"
        case "balcony":
            return "Back Rows"
        case _:
            return "Back Rows"  # Default case for unrecognized sections

seating = assign_seating("box")
if seating is None:
    print("No default case for assigning the seating.")
else:
    print(f"Assigned seating: {seating}")
EOF


$ python3 seating.py
Assigned seating: Back Rows


$ echo COMPLETE_TASK_AND_SUBMIT_FINAL_OUTPUT && git add -A && git diff --cached
COMPLETE_TASK_AND_SUBMIT_FINAL_OUTPUT
fatal: not a git repository (or any of the parent directories): .git

Index 22_15: Success, Score +1
 Last response: $ cat <<'EOF' > score_goal.py
def score_goal(action):
    match action:
        case "shoot":
            return "Goal scored!"
        case "pass":
            return "Assist made."
        case "dribble":
            return "Player advancing."
        case _:
            return "Invalid action."

goal = score_goal("tackle")
if goal is None:
    print("No default case for scoring a goal.")
else:
    print(goal)
EOF


$ python3 score_goal.py
Invalid action.


$ echo COMPLETE_TASK_AND_SUBMIT_FINAL_OUTPUT && git add -A && git diff --cached
COMPLETE_TASK_AND_SUBMIT_FINAL_OUTPUT
fatal: not a git repository (or any of the parent directories): .git

Index 22_16: Success, Score +1
 Last response: $ cat <<'EOF' > flip_switch.py
def flip_switch(state):
    match state:
        case "on":
            return "Lights are on."
        case "off":
            return "Lights are off."
        case _:
            return "No default case for flipping the switch."

switch = flip_switch("dim")
if switch is None:
    print("No default case for flipping the switch.")
else:
    print(switch)
EOF


$ python3 flip_switch.py
No default case for flipping the switch.


$ echo COMPLETE_TASK_AND_SUBMIT_FINAL_OUTPUT && git add -A && git diff --cached
COMPLETE_TASK_AND_SUBMIT_FINAL_OUTPUT
fatal: not a git repository (or any of the parent directories): .git

Index 22_17: Success, Score +1
 Last response: $ find . -name "*.py" -type f -exec grep -l "match beverage:" {} \;


$ cat <<'EOF' > drink_selector.py
def choose_drink(beverage):
    match beverage:
        case "coffee":
            return "Hot Coffee"
        case "tea":
            return "Hot Tea"
        case "soda":
            return "Cold Soda"
        case _:
            return "Unknown Drink"

drink = choose_drink("water")
if drink is None:
    print("No default case for choosing a drink.")
else:
    print(drink)
EOF


$ python3 drink_selector.py
Unknown Drink


$ echo COMPLETE_TASK_AND_SUBMIT_FINAL_OUTPUT && git add -A && git diff --cached
COMPLETE_TASK_AND_SUBMIT_FINAL_OUTPUT
fatal: not a git repository (or any of the parent directories): .git

Index 22_18: Success, Score +1
 Last response: $ ls -la
total 8
drwxr-xr-x 2 root root 4096 Dec  7 14:21 .
drwxr-xr-x 1 root root 4096 Dec  7 14:21 ..


$ cat <<'EOF' > text_formatter.py
def format_text(style):
    match style:
        case "bold":
            return "<b>Text</b>"
        case "italic":
            return "<i>Text</i>"
        case "underline":
            return "<u>Text</u>"
        case _:
            return f"<s>{style}</s>"  # Default case for unknown styles

formatted_text = format_text("strikethrough")
if formatted_text is None:
    print("No default case for formatting text.")
else:
    print(formatted_text)
EOF


$ python3 text_formatter.py
<s>strikethrough</s>


$ echo COMPLETE_TASK_AND_SUBMIT_FINAL_OUTPUT && git add -A && git diff --cached
COMPLETE_TASK_AND_SUBMIT_FINAL_OUTPUT
fatal: not a git repository (or any of the parent directories): .git

Index 22_19: Success, Score +1
 Last response: $ cat <<'EOF' > weather_predictor.py
def predict_weather(condition):
    match condition:
        case "sunny":
            return "Clear skies ahead."
        case "rainy":
            return "Bring an umbrella."
        case "snowy":
            return "Wear a coat."

weather = predict_weather("foggy")
if weather is None:
    print("No default case for predicting the weather.")
EOF


$ python3 weather_predictor.py
No default case for predicting the weather.


$ sed -i '6a\        case _:\n            return "Weather condition not recognized."' weather_predictor.py


$ python3 weather_predictor.py
  File "/testbed/weather_predictor.py", line 7
    case _:
         ^
SyntaxError: wildcard makes remaining patterns unreachable


$ sed -i '6i\        case _:\n            return "Weather condition not recognized."' weather_predictor.py
sed -i '$d' weather_predictor.py


$ cat weather_predictor.py
def predict_weather(condition):
    match condition:
        case "sunny":
            return "Clear skies ahead."
        case "rainy":
        case _:
            return "Weather condition not recognized."
            return "Bring an umbrella."
        case _:
            return "Weather condition not recognized."
        case "snowy":
            return "Wear a coat."

weather = predict_weather("foggy")
if weather is None:

Index 22_20: Success, Score +1
 Last response: $ cat <<'EOF' > robot_control.py
def control_robot(command):
    match command:
        case "forward":
            return "Robot moving forward."
        case "backward":
            return "Robot moving backward."
        case "left":
            return "Robot turning left."
        case _:
            return "Unknown command received."

robot = control_robot("right")
if robot is None:
    print("No default case for controlling the robot.")
else:
    print(robot)
EOF


$ python3 robot_control.py
Unknown command received.


$ echo COMPLETE_TASK_AND_SUBMIT_FINAL_OUTPUT && git add -A && git diff --cached
COMPLETE_TASK_AND_SUBMIT_FINAL_OUTPUT
fatal: not a git repository (or any of the parent directories): .git

Index 22_21: Success, Score +1
 Last response: $ cat <<'EOF' > issue_command.py
def issue_command(order):
    match order:
        case "attack":
            return "Soldiers advancing."
        case "defend":
            return "Soldiers holding position."
        case "retreat":
            return "Soldiers retreating."
        case _:
            return "Unknown command."

command = issue_command("flank")
if command is None:
    print("No default case for issuing a command.")
else:
    print(command)
EOF


$ python3 issue_command.py
Unknown command.


$ echo COMPLETE_TASK_AND_SUBMIT_FINAL_OUTPUT && git add -A && git diff --cached
COMPLETE_TASK_AND_SUBMIT_FINAL_OUTPUT
fatal: not a git repository (or any of the parent directories): .git

Index 22_22: Success, Score +1
 Last response: $ cat <<'EOF' > machine.py
def operate_machine(mode):
    match mode:
        case "auto":
            return "Machine running in automatic mode."
        case "manual":
            return "Machine running in manual mode."

machine = operate_machine("semi-auto")
if machine is None:
    print("No default case for operating the machine.")
EOF


$ sed -i '2a\        case _:\n            return "Invalid mode specified."' machine.py


$ python3 machine.py
  File "/testbed/machine.py", line 3
    case _:
         ^
SyntaxError: wildcard makes remaining patterns unreachable


$ sed -i '3a\        case _:\n            return "Invalid mode specified."' machine.py && sed -i '/case _:/d' machine.py


$ cat <<'EOF' > machine.py
def operate_machine(mode):
    match mode:
        case "auto":
            return "Machine running in automatic mode."
        case "manual":
            return "Machine running in manual mode."
        case _:
            return "Invalid mode specified."

machine = operate_machine("semi-auto")
if machine is None:
    print("No default case for operating the machine.")
EOF


$ python3 machine.py

Index 22_23: Success, Score +1
 Last response: $ cat <<'EOF' > serve_food.py
def serve_food(dish):
    match dish:
        case "pizza":
            return "Serving pizza."
        case "pasta":
            return "Serving pasta."
        case "salad":
            return "Serving salad."
        case _:
            return f"Serving {dish}."

food = serve_food("burger")
if food is None:
    print("No default case for serving food.")
else:
    print(food)
EOF


$ python3 serve_food.py
Serving burger.


$ echo COMPLETE_TASK_AND_SUBMIT_FINAL_OUTPUT && git add -A && git diff --cached
COMPLETE_TASK_AND_SUBMIT_FINAL_OUTPUT
fatal: not a git repository (or any of the parent directories): .git

Index 22_24: Get rejected 
 Last response: $ ls -la
total 8
drwxr-xr-x 2 root root 4096 Dec  7 14:27 .
drwxr-xr-x 1 root root 4096 Dec  7 14:27 ..


$ cat <<'EOF' > instrument.py
def play_instrument(name):
    match name:
        case "guitar":
            return "Strumming the guitar."
        case "piano":
            return "Playing the piano."
        case "violin":
            return "Playing the violin."
        case _:
            return f"Playing the {name}."

instrument = play_instrument("drums")
if instrument is None:
    print("No default case for playing an instrument.")
else:
    print(instrument)
EOF


$ python3 instrument.py
Playing the drums.


$ echo COMPLETE_TASK_AND_SUBMIT_FINAL_OUTPUT && git add -A && git diff --cached
COMPLETE_TASK_AND_SUBMIT_FINAL_OUTPUT
fatal: not a git repository (or any of the parent directories): .git

Index 22_25: Success, Score +1
 Last response: $ ls -la
total 8
drwxr-xr-x 2 root root 4096 Dec  7 14:28 .
drwxr-xr-x 1 root root 4096 Dec  7 14:28 ..


$ cat <<'EOF' > status_updater.py
def update_status(status):
    match status:
        case "online":
            return "User is online."
        case "offline":
            return "User is offline."
        case "busy":
            return "User is busy."
        case _:
            return "Unknown status."

user_status = update_status("away")
if user_status is None:
    print("No default case for updating the status.")
else:
    print(user_status)
EOF


$ python3 status_updater.py
Unknown status.


$ echo COMPLETE_TASK_AND_SUBMIT_FINAL_OUTPUT && git add -A && git diff --cached
COMPLETE_TASK_AND_SUBMIT_FINAL_OUTPUT
fatal: not a git repository (or any of the parent directories): .git

Index 22_26: Success, Score +1
 Last response: $ cat <<'EOF' > spellcaster.py
def cast_spell(spell):
    match spell:
        case "fireball":
            return "Casting fireball."
        case "ice lance":
            return "Casting ice lance."
        case "lightning bolt":
            return "Casting lightning bolt."
        case _:
            return "Unknown spell."

magic = cast_spell("heal")
if magic is None:
    print("No default case for casting a spell.")
else:
    print(magic)
EOF


$ python3 spellcaster.py
Unknown spell.


$ echo COMPLETE_TASK_AND_SUBMIT_FINAL_OUTPUT && git add -A && git diff --cached
COMPLETE_TASK_AND_SUBMIT_FINAL_OUTPUT
fatal: not a git repository (or any of the parent directories): .git

Index 22_27: Success, Score +1
 Last response: $ cat <<'EOF' > alarm.py
def set_alarm(time):
    match time:
        case "morning":
            return "Alarm set for 7 AM."
        case "afternoon":
            return "Alarm set for 12 PM."
        case "evening":
            return "Alarm set for 6 PM."
        case _:
            return "Alarm set for 10 PM."  # Default case for unrecognized times

alarm_time = set_alarm("night")
if alarm_time is None:
    print("No default case for setting an alarm.")
else:
    print(alarm_time)
EOF


$ python3 alarm.py
Alarm set for 10 PM.


$ echo COMPLETE_TASK_AND_SUBMIT_FINAL_OUTPUT && git add -A && git diff --cached
COMPLETE_TASK_AND_SUBMIT_FINAL_OUTPUT
fatal: not a git repository (or any of the parent directories): .git

Index 22_28: Success, Score +1
 Last response: $ ls -la
total 8
drwxr-xr-x 2 root root 4096 Dec  7 14:31 .
drwxr-xr-x 1 root root 4096 Dec  7 14:31 ..


$ cat <<'EOF' > color_picker.py
def pick_color(shade):
    match shade:
        case "light":
            return "Choose pastel colors."
        case "dark":
            return "Choose deep colors."
        case "vibrant":
            return "Choose bright colors."
        case _:
            return "Choose neutral colors."

color_choice = pick_color("neutral")
if color_choice is None:
    print("No default case for picking a color.")
else:
    print(color_choice)
EOF


$ python3 color_picker.py
Choose neutral colors.


$ echo COMPLETE_TASK_AND_SUBMIT_FINAL_OUTPUT && git add -A && git diff --cached
COMPLETE_TASK_AND_SUBMIT_FINAL_OUTPUT
fatal: not a git repository (or any of the parent directories): .git

Index 22_29: Success, Score +1
 Last response: $ cat <<'EOF' > protocol.py
def initiate_protocol(action):
    match action:
        case "lockdown":
            return "Initiating lockdown protocol."
        case "evacuate":
            return "Initiating evacuation protocol."
        case "quarantine":
            return "Initiating quarantine protocol."
        case _:
            return "Unknown protocol requested."

protocol = initiate_protocol("standby")
if protocol is None:
    print("No default case for initiating a protocol.")
else:
    print(protocol)
EOF


$ python3 protocol.py
Unknown protocol requested.


$ sed -i '/if protocol is None:/,/+1d' protocol.py
sed: -e expression #1, char 27: unterminated address regex


$ sed -i '/if protocol is None:/d; N; /print("No default case for initiating a protocol."\)/d' protocol.py
sed: -e expression #1, char 82: Unmatched ) or \)


$ sed -i '/if protocol is None:/{N; d;}' protocol.py


$ cat protocol.py
def initiate_protocol(action):
    match action:
        case "lockdown":
            return "Initiating lockdown protocol."
        case "evacuate":
            return "Initiating evacuation protocol."
        case "quarantine":
            return "Initiating quarantine protocol."
        case _:
            return "Unknown protocol requested."

protocol = initiate_protocol("standby")
else:
    print(protocol)

Index 22_30: Success, Score +1
 Last response: $ ls -la
total 8
drwxr-xr-x 2 root root 4096 Dec  7 14:34 .
drwxr-xr-x 1 root root 4096 Dec  7 14:34 ..


$ cat <<'EOF' > access_control.py
def authorize_access(level):
    match level:
        case "admin":
            return "Access granted."
        case "user":
            return "Limited access."
        case "guest":
            return "View-only access."
        case _:
            return "Access denied."

access = authorize_access("vip")
if access is None:
    print("No default case for authorizing access.")
else:
    print(access)
EOF


$ python3 access_control.py
Access denied.


$ echo COMPLETE_TASK_AND_SUBMIT_FINAL_OUTPUT && git add -A && git diff --cached
COMPLETE_TASK_AND_SUBMIT_FINAL_OUTPUT
fatal: not a git repository (or any of the parent directories): .git

