Index 27_1: Success, Score +1
 Last response: $ cat <<'EOF' > memory_leak_simulator.py
import tracemalloc

class MyClass:
    def __init__(self):
        # Create large data to simulate memory usage
        self.data = [0] * 1000000  # List with 1 million zeros

# Start tracing memory allocations
tracemalloc.start()

# Create 100 instances of MyClass and append to a list
instances = []
for _ in range(100):
    instances.append(MyClass())

# Get current and peak memory usage in kilobytes
current, peak = tracemalloc.get_traced_memory()
print(f"Current memory usage: {current / 1024:.2f} KB")
print(f"Peak memory usage: {peak / 1024:.2f} KB")

# Stop tracing
tracemalloc.stop()
EOF


$ python3 memory_leak_simulator.py
Current memory usage: 781266.91 KB
Peak memory usage: 781266.96 KB


$ echo COMPLETE_TASK_AND_SUBMIT_FINAL_OUTPUT && git add -A && git diff --cached
COMPLETE_TASK_AND_SUBMIT_FINAL_OUTPUT
fatal: not a git repository (or any of the parent directories): .git

Index 27_2: Success, Score +1
 Last response: $ cat <<'EOF' > memory_leak_simulator.py
import tracemalloc

class LargeData:
    def __init__(self):
        # Create a large list of integers to simulate memory usage
        self.data = [i for i in range(100000)]

# Start tracing memory allocations
tracemalloc.start()

# Create 150 instances of LargeData and append to a list
instances = []
for _ in range(150):
    instances.append(LargeData())

# Get current and peak memory usage in kilobytes
current, peak = tracemalloc.get_traced_memory()
print(f"Current memory usage: {current / 1024:.2f} KB")
print(f"Peak memory usage: {peak / 1024:.2f} KB")

# Stop tracing
tracemalloc.stop()
EOF


$ python3 memory_leak_simulator.py
Current memory usage: 584892.75 KB
Peak memory usage: 584892.83 KB


$ echo COMPLETE_TASK_AND_SUBMIT_FINAL_OUTPUT && git add -A && git diff --cached
COMPLETE_TASK_AND_SUBMIT_FINAL_OUTPUT
fatal: not a git repository (or any of the parent directories): .git

Index 27_3: Success, Score +1
 Last response: $ cat <<'EOF' > memory_leak_simulator.py
import tracemalloc

class MyDictionaryItem:
    def __init__(self, data):
        self.data = data

# Start tracing memory allocations
tracemalloc.start()

# Create a dictionary to store 150 instances with large data
memory_dict = {}
for i in range(150):
    # Create large data (e.g., a string of 1 MB)
    large_data = "x" * (1024 * 1024)  # 1 MB per item
    memory_dict[i] = MyDictionaryItem(large_data)

# Get current and peak memory usage in kilobytes
current, peak = tracemalloc.get_traced_memory()
print(f"Current memory usage: {current // 1024} KB")
print(f"Peak memory usage: {peak // 1024} KB")

# Stop tracing
tracemalloc.stop()
EOF


$ python3 memory_leak_simulator.py
Current memory usage: 153625 KB
Peak memory usage: 153625 KB


$ echo COMPLETE_TASK_AND_SUBMIT_FINAL_OUTPUT && git add -A && git diff --cached
COMPLETE_TASK_AND_SUBMIT_FINAL_OUTPUT
fatal: not a git repository (or any of the parent directories): .git

Index 27_4: Success, Score +1
 Last response: $ cat <<'EOF' > memory_leak_simulator.py
import tracemalloc

# Start tracing memory allocations
tracemalloc.start()

# Create a list to hold 1500 large dictionaries
large_dicts = []

# Create 1500 large dictionaries with 1000 key-value pairs each
for i in range(1500):
    large_dict = {f"key_{j}": f"value_{j}" for j in range(1000)}
    large_dicts.append(large_dict)

# Get current and peak memory usage in kilobytes
current, peak = tracemalloc.get_traced_memory()
print(f"Current memory usage: {current / 1024:.2f} KB")
print(f"Peak memory usage: {peak / 1024:.2f} KB")

# Stop tracing
tracemalloc.stop()
EOF


$ python3 memory_leak_simulator.py
Current memory usage: 181377.78 KB
Peak memory usage: 181377.93 KB


$ echo COMPLETE_TASK_AND_SUBMIT_FINAL_OUTPUT && git add -A && git diff --cached
COMPLETE_TASK_AND_SUBMIT_FINAL_OUTPUT
fatal: not a git repository (or any of the parent directories): .git

Index 27_5: Success, Score +1
 Last response: $ cat <<'EOF' > memory_leak_simulator.py
import tracemalloc
from collections import deque

class MyQueueItem:
    def __init__(self):
        # Create large data to simulate memory usage
        self.data = b'x' * 100000  # 100 KB per object

# Start tracing memory allocations
tracemalloc.start()

# Create deque and add 1580 objects
queue = deque()
for _ in range(1580):
    queue.append(MyQueueItem())

# Get current and peak memory usage in kilobytes
current, peak = tracemalloc.get_traced_memory()
print(f"Current memory usage: {current // 1024} KB")
print(f"Peak memory usage: {peak // 1024} KB")

# Stop tracing
tracemalloc.stop()
EOF


$ python3 memory_leak_simulator.py
Current memory usage: 154488 KB
Peak memory usage: 154488 KB


$ echo COMPLETE_TASK_AND_SUBMIT_FINAL_OUTPUT && git add -A && git diff --cached
COMPLETE_TASK_AND_SUBMIT_FINAL_OUTPUT
fatal: not a git repository (or any of the parent directories): .git

Index 27_6: Success, Score +1
 Last response: $ cat <<'EOF' > memory_leak_simulator.py
import tracemalloc

class MyNode:
    def __init__(self):
        # Create large data to simulate memory usage
        self.data = [0] * 1000000  # List with 1 million integers

def simulate_memory_leak():
    tracemalloc.start()
    
    # Create 100 instances of MyNode
    nodes = []
    for _ in range(100):
        nodes.append(MyNode())
    
    # Get current and peak memory usage
    current, peak = tracemalloc.get_traced_memory()
    
    # Convert bytes to kilobytes
    current_kb = current / 1024
    peak_kb = peak / 1024
    
    print(f"Current memory usage: {current_kb:.2f} KB")
    print(f"Peak memory usage: {peak_kb:.2f} KB")
    
    tracemalloc.stop()

if __name__ == "__main__":
    simulate_memory_leak()
EOF


$ python3 memory_leak_simulator.py
Current memory usage: 781266.91 KB
Peak memory usage: 781266.96 KB


$ echo COMPLETE_TASK_AND_SUBMIT_FINAL_OUTPUT && git add -A && git diff --cached
COMPLETE_TASK_AND_SUBMIT_FINAL_OUTPUT
fatal: not a git repository (or any of the parent directories): .git

Index 27_7: Success, Score +1
 Last response: $ cat <<'EOF' > memory_tracker.py
import tracemalloc

class MyGeneratorItem:
    def __init__(self, data):
        self.data = data

# Generate a large data string
large_data = "x" * 100000  # 100KB per object

# Start tracing memory
tracemalloc.start()

# Create 1000 objects and append to list
objects = []
for _ in range(1000):
    objects.append(MyGeneratorItem(large_data))

# Get current and peak memory usage in kilobytes
current, peak = tracemalloc.get_traced_memory()
print(f"Current memory usage: {current // 1024} KB")
print(f"Peak memory usage: {peak // 1024} KB")

# Stop tracing
tracemalloc.stop()
EOF


$ python3 memory_tracker.py
Current memory usage: 90 KB
Peak memory usage: 90 KB


$ echo COMPLETE_TASK_AND_SUBMIT_FINAL_OUTPUT && git add -A && git diff --cached
COMPLETE_TASK_AND_SUBMIT_FINAL_OUTPUT
fatal: not a git repository (or any of the parent directories): .git

Index 27_8: Success, Score +1
 Last response: $ cat <<'EOF' > memory_leak_simulator.py
import tracemalloc
import pandas as pd
import numpy as np

# Start tracing memory allocations
tracemalloc.start()

# Create and store 50 large DataFrames in a list
large_dataframes = []
for _ in range(50):
    # Create a large DataFrame with 10000 rows and 100 columns
    data = np.random.randn(10000, 100)
    df = pd.DataFrame(data)
    large_dataframes.append(df)

# Get current and peak memory usage in kilobytes
current, peak = tracemalloc.get_traced_memory()
print(f"Current memory usage: {current / 1024:.2f} KB")
print(f"Peak memory usage: {peak / 1024:.2f} KB")

# Stop tracing
tracemalloc.stop()
EOF


$ python3 memory_leak_simulator.py
Traceback (most recent call last):
  File "/testbed/memory_leak_simulator.py", line 2, in <module>
    import pandas as pd
ModuleNotFoundError: No module named 'pandas'


$ pip install pandas numpy
Collecting pandas
  Downloading pandas-2.3.3-cp313-cp313-manylinux_2_24_x86_64.manylinux_2_28_x86_64.whl.metadata (91 kB)
Collecting numpy
  Downloading numpy-2.3.5-cp313-cp313-manylinux_2_27_x86_64.manylinux_2_28_x86_64.whl.metadata (62 kB)
Collecting python-dateutil>=2.8.2 (from pandas)
  Downloading python_dateutil-2.9.0.post0-py2.py3-none-any.whl.metadata (8.4 kB)
Collecting pytz>=2020.1 (from pandas)
  Downloading pytz-2025.2-py2.py3-none-any.whl.metadata (22 kB)
Collecting tzdata>=2022.7 (from pandas)
  Downloading tzdata-2025.2-py2.py3-none-any.whl.metadata (1.4 kB)
Collecting six>=1.5 (from python-dateutil>=2.8.2->pandas)
  Downloading six-1.17.0-py2.py3-none-any.whl.metadata (1.7 kB)
Downloading pandas-2.3.3-cp313-cp313-manylinux_2_24_x86_64.manylinux_2_28_x86_64.whl (12.3 MB)
Downloading numpy-2.3.5-cp313-cp313-manylinux_2_27_x86_64.manylinux_2_28_x86_64.whl (16.6 MB)
Downloading python_dateutil-2.9.0.post0-py2.py3-none-any.whl (229 kB)
Downloading pytz-2025.2-py2.py3-none-any.whl (509 kB)
Downloading tzdata-2025.2-py2.py3-none-any.whl (347 kB)
Downloading six-1.17.0-py2.py3-none-any.whl (11 kB)
Installing collected packages: pytz, tzdata, six, numpy, python-dateutil, pandas
Successfully installed numpy-2.3.5 pandas-2.3.3 python-dateutil-2.9.0.post0 pytz-2025.2 six-1.17.0 tzdata-2025.2
WARNING: Running pip as the 'root' user can result in broken permissions and conflicting behaviour with the system package manager, possibly rendering your system unusable. It is recommended to use a virtual environment instead: https://pip.pypa.io/warnings/venv. Use the --root-user-action option if you know what you are doing and want to suppress this warning.


$ python3 memory_leak_simulator.py
Current memory usage: 390721.38 KB
Peak memory usage: 390721.45 KB


$ echo COMPLETE_TASK_AND_SUBMIT_FINAL_OUTPUT && git add -A && git diff --cached
COMPLETE_TASK_AND_SUBMIT_FINAL_OUTPUT
fatal: not a git repository (or any of the parent directories): .git

Index 27_9: Fail, No score added
 Last response: $ cat <<'EOF' > memory_tracking_script.py
import numpy as np
import tracemalloc

# Start tracing memory allocations
tracemalloc.start()

# Generate 100 large NumPy arrays and append them to a list
large_arrays = []
for _ in range(100):
    # Create a large array (e.g., 10000x10000 floats)
    array = np.random.random((10000, 10000))
    large_arrays.append(array)

# Get current and peak memory usage in kilobytes
current, peak = tracemalloc.get_traced_memory()
print(f"Current memory usage: {current / 1024:.2f} KB")
print(f"Peak memory usage: {peak / 1024:.2f} KB")

# Stop tracing
tracemalloc.stop()
EOF


$ python3 memory_tracking_script.py
Traceback (most recent call last):
  File "/testbed/memory_tracking_script.py", line 1, in <module>
    import numpy as np
ModuleNotFoundError: No module named 'numpy'


$ pip install numpy
Collecting numpy
  Downloading numpy-2.3.5-cp313-cp313-manylinux_2_27_x86_64.manylinux_2_28_x86_64.whl.metadata (62 kB)
Downloading numpy-2.3.5-cp313-cp313-manylinux_2_27_x86_64.manylinux_2_28_x86_64.whl (16.6 MB)
Installing collected packages: numpy
Successfully installed numpy-2.3.5
WARNING: Running pip as the 'root' user can result in broken permissions and conflicting behaviour with the system package manager, possibly rendering your system unusable. It is recommended to use a virtual environment instead: https://pip.pypa.io/warnings/venv. Use the --root-user-action option if you know what you are doing and want to suppress this warning.


$ python3 memory_tracking_script.py


$ sed -i 's/np\.random\.random\((10000, 10000)\)/np.random.random((1000, 1000))/g' memory_tracking_script.py


$ python3 memory_tracking_script.py

Index 27_10: Success, Score +1
 Last response: $ cat <<'EOF' > memory_leak_simulator.py
import tracemalloc
import json

class DataStore:
    def __init__(self):
        # Create a large JSON string to simulate memory usage
        large_data = {f"key_{i}": f"value_{i}" for i in range(10000)}
        self.data = json.dumps(large_data)

# Start tracing memory allocations
tracemalloc.start()

# Create 750 instances of DataStore to simulate memory leak
instances = []
for _ in range(750):
    instances.append(DataStore())

# Get current and peak memory usage in kilobytes
current, peak = tracemalloc.get_traced_memory()
print(f"Current memory usage: {current / 1024:.2f} KB")
print(f"Peak memory usage: {peak / 1024:.2f} KB")

# Stop tracing
tracemalloc.stop()
EOF


$ python3 memory_leak_simulator.py
Current memory usage: 188901.80 KB
Peak memory usage: 190137.46 KB


$ echo COMPLETE_TASK_AND_SUBMIT_FINAL_OUTPUT && git add -A && git diff --cached
COMPLETE_TASK_AND_SUBMIT_FINAL_OUTPUT
fatal: not a git repository (or any of the parent directories): .git

Index 27_11: Success, Score +1
 Last response: $ cat <<'EOF' > linked_list_memory.py
import tracemalloc

class Node:
    def __init__(self, data):
        self.data = data
        self.next = None

class LinkedList:
    def __init__(self):
        self.head = None
    
    def append(self, data):
        new_node = Node(data)
        if not self.head:
            self.head = new_node
        else:
            current = self.head
            while current.next:
                current = current.next
            current.next = new_node

# Start tracing memory
tracemalloc.start()

# Create linked list and append 100 nodes with large data
ll = LinkedList()
large_data = "x" * 100000  # 100KB per node

for _ in range(100):
    ll.append(large_data)

# Get current and peak memory usage in kilobytes
current, peak = tracemalloc.get_traced_memory()
print(f"Current memory usage: {current // 1024} KB")
print(f"Peak memory usage: {peak // 1024} KB")

# Stop tracing
tracemalloc.stop()
EOF


$ python3 linked_list_memory.py
Current memory usage: 109 KB
Peak memory usage: 109 KB


$ echo COMPLETE_TASK_AND_SUBMIT_FINAL_OUTPUT && git add -A && git diff --cached
COMPLETE_TASK_AND_SUBMIT_FINAL_OUTPUT
fatal: not a git repository (or any of the parent directories): .git

Index 27_12: Success, Score +1
 Last response: $ cat <<'EOF' > memory_leak_simulator.py
import tracemalloc

# Start tracing memory allocations
tracemalloc.start()

# Create a list to store large dictionaries
large_dicts = []

# Create 50 large dictionaries, each with 1000 key-value pairs
for i in range(50):
    large_dict = {f"key_{j}": f"value_{j}" * 100 for j in range(1000)}
    large_dicts.append(large_dict)

# Get current and peak memory usage in kilobytes
current, peak = tracemalloc.get_traced_memory()
print(f"Current memory usage: {current / 1024:.2f} KB")
print(f"Peak memory usage: {peak / 1024:.2f} KB")

# Stop tracing
tracemalloc.stop()
EOF


$ python3 memory_leak_simulator.py
Current memory usage: 49020.18 KB
Peak memory usage: 49020.33 KB


$ echo COMPLETE_TASK_AND_SUBMIT_FINAL_OUTPUT && git add -A && git diff --cached
COMPLETE_TASK_AND_SUBMIT_FINAL_OUTPUT
fatal: not a git repository (or any of the parent directories): .git

Index 27_13: Success, Score +1
 Last response: $ cat <<'EOF' > memory_leak_simulator.py
import tracemalloc

# Global list to store the large lists
global_lists = []

# Create 60 large lists of even numbers from 0 to 9999
for _ in range(60):
    even_numbers = [i for i in range(0, 10000, 2)]  # Even numbers from 0 to 9998
    global_lists.append(even_numbers)

# Start tracing memory allocations
tracemalloc.start()

# Get current and peak memory usage in kilobytes
current, peak = tracemalloc.get_traced_memory()
print(f"Current memory usage: {current / 1024:.2f} KB")
print(f"Peak memory usage: {peak / 1024:.2f} KB")

# Stop tracing
tracemalloc.stop()
EOF


$ python3 memory_leak_simulator.py
Current memory usage: 0.00 KB
Peak memory usage: 0.00 KB


$ cat <<'EOF' > memory_leak_simulator.py
import tracemalloc

# Start tracing memory allocations before creating lists
tracemalloc.start()

# Global list to store the large lists
global_lists = []

# Create 60 large lists of even numbers from 0 to 9999
for _ in range(60):
    even_numbers = [i for i in range(0, 10000, 2)]  # Even numbers from 0 to 9998
    global_lists.append(even_numbers)

# Get current and peak memory usage in kilobytes
current, peak = tracemalloc.get_traced_memory()
print(f"Current memory usage: {current / 1024:.2f} KB")
print(f"Peak memory usage: {peak / 1024:.2f} KB")

# Stop tracing
tracemalloc.stop()
EOF


$ python3 memory_leak_simulator.py
Current memory usage: 11587.16 KB
Peak memory usage: 11587.23 KB


$ echo COMPLETE_TASK_AND_SUBMIT_FINAL_OUTPUT && git add -A && git diff --cached
COMPLETE_TASK_AND_SUBMIT_FINAL_OUTPUT
fatal: not a git repository (or any of the parent directories): .git

Index 27_14: Success, Score +1
 Last response: $ cat <<'EOF' > generator_script.py
import tracemalloc

class GeneratorHolder:
    def __init__(self, generator):
        self.generator = generator

def square_generator(n):
    for i in range(n + 1):
        yield i * i

# Global list to hold GeneratorHolder instances
generators_list = []

# Generate 150,000 instances of the generator
for _ in range(150000):
    gen = square_generator(100007)
    holder = GeneratorHolder(gen)
    generators_list.append(holder)

# Start memory tracking
tracemalloc.start()

# Get current and peak memory usage in kilobytes
current, peak = tracemalloc.get_traced_memory()
print(f"Current memory usage: {current / 1024:.2f} KB")
print(f"Peak memory usage: {peak / 1024:.2f} KB")

# Stop memory tracking
tracemalloc.stop()
EOF


$ python3 generator_script.py
Current memory usage: 0.00 KB
Peak memory usage: 0.00 KB


$ sed -i '1iimport tracemalloc\n\ntracemalloc.start()\n' generator_script.py


$ python3 generator_script.py
Current memory usage: 43446.91 KB
Peak memory usage: 43446.95 KB


$ echo COMPLETE_TASK_AND_SUBMIT_FINAL_OUTPUT && git add -A && git diff --cached
COMPLETE_TASK_AND_SUBMIT_FINAL_OUTPUT
fatal: not a git repository (or any of the parent directories): .git

Index 27_15: Success, Score +1
 Last response: $ cat <<'EOF' > memory_leak_simulator.py
import tracemalloc

# Start tracing memory allocations
tracemalloc.start()

# Create a list to hold large strings
large_strings = []

# Append 1009 large strings to the list
for _ in range(1009):
    large_strings.append("x" * 1000000)  # Each string is 1MB in size

# Get current and peak memory usage
current, peak = tracemalloc.get_traced_memory()

# Convert bytes to kilobytes and print
print(f"Current memory usage: {current / 1024:.2f} KB")
print(f"Peak memory usage: {peak / 1024:.2f} KB")

# Stop tracing
tracemalloc.stop()
EOF


$ python3 memory_leak_simulator.py
Current memory usage: 985400.98 KB
Peak memory usage: 985401.02 KB


$ echo COMPLETE_TASK_AND_SUBMIT_FINAL_OUTPUT && git add -A && git diff --cached
COMPLETE_TASK_AND_SUBMIT_FINAL_OUTPUT
fatal: not a git repository (or any of the parent directories): .git

Index 27_16: Fail, No score added
 Last response: $ cat <<'EOF' > memory_leak_simulator.py
import tracemalloc

# Start tracing memory allocations
tracemalloc.start()

# Generate 809 key-value pairs in a dictionary
memory_dict = {}
for i in range(809):
    memory_dict[f"key_{i}"] = f"value_{i}"

# Get current and peak memory usage in kilobytes
current, peak = tracemalloc.get_traced_memory()
print(f"Current memory usage: {current / 1024:.2f} KB")
print(f"Peak memory usage: {peak / 1024:.2f} KB")

# Stop tracing
tracemalloc.stop()
EOF


$ python3 memory_leak_simulator.py
Current memory usage: 102.99 KB
Peak memory usage: 103.66 KB


$ echo COMPLETE_TASK_AND_SUBMIT_FINAL_OUTPUT && git add -A && git diff --cached
COMPLETE_TASK_AND_SUBMIT_FINAL_OUTPUT
fatal: not a git repository (or any of the parent directories): .git

Index 27_17: Success, Score +1
 Last response: $ cat <<'EOF' > memory_leak_simulator.py
import tracemalloc

class MemoryIntensiveClass:
    def __init__(self):
        # Create a large tuple to consume significant memory
        self.large_data = tuple(range(100000))  # Large tuple with 100,000 integers

# Start memory tracking
tracemalloc.start()

# Create 1009 instances of the class
instances = []
for _ in range(1009):
    instances.append(MemoryIntensiveClass())

# Get current and peak memory usage in kilobytes
current, peak = tracemalloc.get_traced_memory()
print(f"Current memory usage: {current / 1024:.2f} KB")
print(f"Peak memory usage: {peak / 1024:.2f} KB")

# Stop memory tracking
tracemalloc.stop()
EOF


$ python3 memory_leak_simulator.py


$ cat <<'EOF' > memory_leak_simulator.py
import tracemalloc

class MemoryIntensiveClass:
    def __init__(self):
        # Reduce tuple size to avoid OOM while still showing memory growth
        self.large_data = tuple(range(10000))  # Smaller tuple with 10,000 integers

# Start memory tracking
tracemalloc.start()

# Create 1009 instances of the class
instances = []
for _ in range(1009):
    instances.append(MemoryIntensiveClass())

# Get current and peak memory usage in kilobytes
current, peak = tracemalloc.get_traced_memory()
print(f"Current memory usage: {current / 1024:.2f} KB")
print(f"Peak memory usage: {peak / 1024:.2f} KB")

# Stop memory tracking
tracemalloc.stop()
EOF


$ python3 memory_leak_simulator.py
Current memory usage: 386167.46 KB
Peak memory usage: 386167.62 KB


$ echo COMPLETE_TASK_AND_SUBMIT_FINAL_OUTPUT && git add -A && git diff --cached
COMPLETE_TASK_AND_SUBMIT_FINAL_OUTPUT
fatal: not a git repository (or any of the parent directories): .git

Index 27_18: Success, Score +1
 Last response: $ pip install --quiet psutil && cat <<'EOF' > memory_tracker.py
import psutil
import os

# Start memory tracking
process = psutil.Process(os.getpid())
process.memory_info()  # Initialize

# Populate set with 10,090 large string items
large_string_set = set()
for i in range(10090):
    large_string_set.add(f"large_string_item_{i}_{'x' * 1000}")

# Get current and peak memory usage in kilobytes
memory_info = process.memory_info()
current_memory_kb = memory_info.rss // 1024
peak_memory_kb = process.memory_info().peak_wset // 1024 if hasattr(process.memory_info(), 'peak_wset') else current_memory_kb

# Print memory usage
print(f"Current memory usage: {current_memory_kb} KB")
print(f"Peak memory usage: {peak_memory_kb} KB")
EOF
WARNING: Running pip as the 'root' user can result in broken permissions and conflicting behaviour with the system package manager, possibly rendering your system unusable. It is recommended to use a virtual environment instead: https://pip.pypa.io/warnings/venv. Use the --root-user-action option if you know what you are doing and want to suppress this warning.


$ cat memory_tracker.py
import psutil
import os

# Start memory tracking
process = psutil.Process(os.getpid())
process.memory_info()  # Initialize

# Populate set with 10,090 large string items
large_string_set = set()
for i in range(10090):
    large_string_set.add(f"large_string_item_{i}_{'x' * 1000}")

# Get current and peak memory usage in kilobytes
memory_info = process.memory_info()
current_memory_kb = memory_info.rss // 1024
peak_memory_kb = process.memory_info().peak_wset // 1024 if hasattr(process.memory_info(), 'peak_wset') else current_memory_kb

# Print memory usage
print(f"Current memory usage: {current_memory_kb} KB")
print(f"Peak memory usage: {peak_memory_kb} KB")


$ python3 memory_tracker.py
Current memory usage: 23296 KB
Peak memory usage: 23296 KB


$ echo COMPLETE_TASK_AND_SUBMIT_FINAL_OUTPUT && git add -A && git diff --cached
COMPLETE_TASK_AND_SUBMIT_FINAL_OUTPUT
fatal: not a git repository (or any of the parent directories): .git

Index 27_19: Success, Score +1
 Last response: $ cat <<'EOF' > memory_leak_simulator.py
import tracemalloc

# Start tracing memory allocations
tracemalloc.start()

# Create and hold a large number of generator objects to simulate a memory leak
generators = []
for i in range(100000):  # Large number to cause noticeable memory usage
    generators.append((x for x in range(1000)))  # Generator that yields 1000 numbers

# Get current and peak memory usage
current, peak = tracemalloc.get_traced_memory()

# Convert bytes to kilobytes and print
print(f"Current memory usage: {current / 1024:.2f} KB")
print(f"Peak memory usage: {peak / 1024:.2f} KB")

# Stop tracing
tracemalloc.stop()
EOF


$ python3 memory_leak_simulator.py
Current memory usage: 39063.83 KB
Peak memory usage: 39063.87 KB


$ echo COMPLETE_TASK_AND_SUBMIT_FINAL_OUTPUT && git add -A && git diff --cached
COMPLETE_TASK_AND_SUBMIT_FINAL_OUTPUT
fatal: not a git repository (or any of the parent directories): .git

Index 27_20: Success, Score +1
 Last response: $ cat <<'EOF' > memory_leak_simulator.py
import tracemalloc

# Start tracing memory allocations
tracemalloc.start()

# Simulate memory leak: append a large string to a list in a loop
large_string = "x" * 1000000  # 1 MB string
memory_list = []

# Run loop for a reasonable number of iterations to cause noticeable memory growth
for i in range(100):
    memory_list.append(large_string)

# Get current and peak memory usage in kilobytes
current, peak = tracemalloc.get_traced_memory()
print(f"Current memory usage: {current / 1024:.2f} KB")
print(f"Peak memory usage: {peak / 1024:.2f} KB")

# Stop tracing
tracemalloc.stop()
EOF


$ python3 memory_leak_simulator.py
Current memory usage: 977.84 KB
Peak memory usage: 977.88 KB


$ echo COMPLETE_TASK_AND_SUBMIT_FINAL_OUTPUT && git add -A && git diff --cached
COMPLETE_TASK_AND_SUBMIT_FINAL_OUTPUT
fatal: not a git repository (or any of the parent directories): .git

Index 27_21: Success, Score +1
 Last response: $ cat <<'EOF' > memory_leak_simulator.py
import tracemalloc

# Start tracing memory allocations
tracemalloc.start()

# Create a large nested list to simulate a memory leak
nested_list = []
for i in range(1000):
    inner_list = [j for j in range(1000)]
    nested_list.append(inner_list)

# Get current and peak memory usage
current, peak = tracemalloc.get_traced_memory()

# Convert bytes to kilobytes and print
print(f"Current memory usage: {current / 1024:.2f} KB")
print(f"Peak memory usage: {peak / 1024:.2f} KB")

# Stop tracing
tracemalloc.stop()
EOF


$ python3 memory_leak_simulator.py
Current memory usage: 31875.44 KB
Peak memory usage: 31875.52 KB


$ echo COMPLETE_TASK_AND_SUBMIT_FINAL_OUTPUT && git add -A && git diff --cached
COMPLETE_TASK_AND_SUBMIT_FINAL_OUTPUT
fatal: not a git repository (or any of the parent directories): .git

Index 27_22: Fail, No score added
 Last response: $ cat <<'EOF' > accumulator_script.py
import tracemalloc

class Accumulator:
    def __init__(self):
        self.data = []

    def accumulate(self, item):
        self.data.append(item)

# Start tracing memory
tracemalloc.start()

# Create an instance of Accumulator
acc = Accumulator()

# Accumulate data 8000 times
for i in range(8000):
    acc.accumulate(f"data_{i}" * 100)  # Each item is a large string to simulate memory usage

# Get current and peak memory usage in kilobytes
current, peak = tracemalloc.get_traced_memory()
print(f"Current memory usage: {current / 1024:.2f} KB")
print(f"Peak memory usage: {peak / 1024:.2f} KB")

# Stop tracing
tracemalloc.stop()
EOF


$ python3 accumulator_script.py
Current memory usage: 7309.11 KB
Peak memory usage: 7309.20 KB


$ echo COMPLETE_TASK_AND_SUBMIT_FINAL_OUTPUT && git add -A && git diff --cached
COMPLETE_TASK_AND_SUBMIT_FINAL_OUTPUT
fatal: not a git repository (or any of the parent directories): .git

Index 27_23: Success, Score +1
 Last response: $ cat <<'EOF' > memory_leak_decorator.py
import psutil
import os

def memory_leak_decorator(func):
    def wrapper(*args, **kwargs):
        # Get initial memory usage
        process = psutil.Process(os.getpid())
        initial_memory = process.memory_info().rss / 1024  # Convert to KB
        initial_peak = process.memory_info().peak_wset / 1024 if hasattr(process.memory_info(), 'peak_wset') else initial_memory
        
        # Call the function
        result = func(*args, **kwargs)
        
        # Get memory usage after function execution
        current_memory = process.memory_info().rss / 1024
        current_peak = process.memory_info().peak_wset / 1024 if hasattr(process.memory_info(), 'peak_wset') else current_memory
        
        # Print memory usage
        print(f"Current memory usage: {current_memory:.2f} KB")
        print(f"Peak memory usage: {current_peak:.2f} KB")
        
        return result
    return wrapper

@memory_leak_decorator
def some_function():
    # Simulate memory leak by appending large strings to a list
    large_list = []
    for _ in range(1000):
        large_list.append("x" * 100000)  # Each string is 100KB, 1000 of them = ~100MB
    return large_list

# Call the function
some_function()
EOF


$ python3 memory_leak_decorator.py
Current memory usage: 109952.00 KB
Peak memory usage: 109952.00 KB


$ echo COMPLETE_TASK_AND_SUBMIT_FINAL_OUTPUT && git add -A && git diff --cached
COMPLETE_TASK_AND_SUBMIT_FINAL_OUTPUT
fatal: not a git repository (or any of the parent directories): .git

Index 27_24: Success, Score +1
 Last response: $ cat <<'EOF' > memory_tracker.py
import psutil
import os

class MemoryTracker:
    def __init__(self):
        self.process = psutil.Process(os.getpid())
        self.start_memory = None
        self.peak_memory = None

    def __enter__(self):
        # Record initial memory usage
        self.start_memory = self.process.memory_info().rss / 1024  # Convert to KB
        self.peak_memory = self.start_memory
        return self

    def __exit__(self, exc_type, exc_val, exc_tb):
        # Record final memory usage
        current_memory = self.process.memory_info().rss / 1024  # Convert to KB
        # Update peak memory if current is higher
        if current_memory > self.peak_memory:
            self.peak_memory = current_memory
        # Print results
        print(f"Current memory usage: {current_memory:.2f} KB")
        print(f"Peak memory usage: {self.peak_memory:.2f} KB")

# Main script execution
if __name__ == "__main__":
    with MemoryTracker() as tracker:
        # Create a memory leak by appending large amounts of data to a list
        large_list = []
        for i in range(1000000):  # Append 1 million strings
            large_list.append("a" * 1000)  # Each string is 1000 characters
EOF


$ python3 memory_tracker.py
Current memory usage: 20096.00 KB
Peak memory usage: 20096.00 KB


$ echo COMPLETE_TASK_AND_SUBMIT_FINAL_OUTPUT && git add -A && git diff --cached
COMPLETE_TASK_AND_SUBMIT_FINAL_OUTPUT
fatal: not a git repository (or any of the parent directories): .git

Index 27_25: Success, Score +1
 Last response: $ cat <<'EOF' > memory_tracker.py
import psutil
import os

def create_large_string():
    return "x" * 100000  # Large string of 100,000 characters

# Create list of 500 functions
functions = [create_large_string for _ in range(500)]

# Get initial memory usage
process = psutil.Process(os.getpid())
initial_memory = process.memory_info().rss / 1024  # Convert to KB

# Call each function and store results
results = []
for func in functions:
    results.append(func())

# Get final memory usage
final_memory = process.memory_info().rss / 1024  # Convert to KB
peak_memory = process.memory_info().peak_wset / 1024 if hasattr(process, 'peak_wset') else final_memory

print(f"Current memory usage: {int(final_memory)} KB")
print(f"Peak memory usage: {int(peak_memory)} KB")
EOF


$ python3 memory_tracker.py
Current memory usage: 60928 KB
Peak memory usage: 60928 KB


$ echo COMPLETE_TASK_AND_SUBMIT_FINAL_OUTPUT && git add -A && git diff --cached
COMPLETE_TASK_AND_SUBMIT_FINAL_OUTPUT
fatal: not a git repository (or any of the parent directories): .git

Index 27_26: Fail, No score added
 Last response: $ cat <<'EOF' > memory_leak_demo.py
import tracemalloc

def create_memory_leak():
    data_list = []  # This list will be captured by the closure and never released
    
    def inner_function(value):
        data_list.append(value)  # Appending to the captured list
        return len(data_list)
    
    return inner_function

# Start tracing memory
tracemalloc.start()

# Create the closure function
leak_function = create_memory_leak()

# Call the inner function repeatedly to accumulate data and cause memory leak
for i in range(1000):
    leak_function(f"data_{i}")

# Get current and peak memory usage in kilobytes
current, peak = tracemalloc.get_traced_memory()
print(f"Current memory usage: {current / 1024:.2f} KB")
print(f"Peak memory usage: {peak / 1024:.2f} KB")

# Stop tracing
tracemalloc.stop()
EOF


$ python3 memory_leak_demo.py
Current memory usage: 56.56 KB
Peak memory usage: 56.65 KB


$ echo COMPLETE_TASK_AND_SUBMIT_FINAL_OUTPUT && git add -A && git diff --cached
COMPLETE_TASK_AND_SUBMIT_FINAL_OUTPUT
fatal: not a git repository (or any of the parent directories): .git

Index 27_27: Success, Score +1
 Last response: $ cat <<'EOF' > generate_state_data.py
import tracemalloc

def generate_large_state_data():
    """Generator function that yields large state data."""
    for i in range(1000000):  # Generate a large number of items
        yield f"state_data_{i}" * 10  # Each item is a large string

def main():
    # Start tracing memory allocations
    tracemalloc.start()
    
    # Append generated data to a list
    state_list = []
    for data in generate_large_state_data():
        state_list.append(data)
    
    # Get current and peak memory usage in kilobytes
    current, peak = tracemalloc.get_traced_memory()
    print(f"Current memory usage: {current / 1024:.2f} KB")
    print(f"Peak memory usage: {peak / 1024:.2f} KB")
    
    # Stop tracing
    tracemalloc.stop()

if __name__ == "__main__":
    main()
EOF


$ python3 generate_state_data.py
Current memory usage: 213220.29 KB
Peak memory usage: 213220.60 KB


$ echo COMPLETE_TASK_AND_SUBMIT_FINAL_OUTPUT && git add -A && git diff --cached
COMPLETE_TASK_AND_SUBMIT_FINAL_OUTPUT
fatal: not a git repository (or any of the parent directories): .git

Index 27_28: Fail, No score added
 Last response: $ cat <<'EOF' > static_memory_tracker.py
import tracemalloc

class StaticAccumulator:
    _static_list = []

    @staticmethod
    def accumulate(value):
        StaticAccumulator._static_list.append(value)

def static_method_leak():
    tracemalloc.start()
    
    # Accumulate 1000 large strings
    large_string = "x" * 10000  # Each string is 10KB
    for _ in range(1000):
        StaticAccumulator.accumulate(large_string)
    
    # Get current and peak memory usage in kilobytes
    current, peak = tracemalloc.get_traced_memory()
    print(f"Current memory usage: {current // 1024} KB")
    print(f"Peak memory usage: {peak // 1024} KB")
    
    tracemalloc.stop()

if __name__ == "__main__":
    static_method_leak()
EOF


$ python3 static_memory_tracker.py
Current memory usage: 18 KB
Peak memory usage: 18 KB


$ echo COMPLETE_TASK_AND_SUBMIT_FINAL_OUTPUT && git add -A && git diff --cached
COMPLETE_TASK_AND_SUBMIT_FINAL_OUTPUT
fatal: not a git repository (or any of the parent directories): .git

Index 27_29: Fail, No score added
 Last response: $ cat <<'EOF' > property_accumulator.py
import tracemalloc

class PropertyAccumulator:
    def __init__(self):
        self._data = []

    @property
    def data(self):
        return self._data

    @data.setter
    def data(self, value):
        # This setter is not used in the main logic, but defined for completeness
        # We'll append directly to the list via the property getter
        pass

# Start tracing memory
tracemalloc.start()

# Create an instance of PropertyAccumulator
accumulator = PropertyAccumulator()

# Add 800 large strings to the data property
large_string = "x" * 10000  # Each string is 10,000 characters long
for _ in range(800):
    accumulator.data.append(large_string)

# Get current and peak memory usage in kilobytes
current, peak = tracemalloc.get_traced_memory()
print(f"Current memory usage: {current / 1024:.2f} KB")
print(f"Peak memory usage: {peak / 1024:.2f} KB")

# Stop tracing
tracemalloc.stop()
EOF


$ python3 property_accumulator.py
Current memory usage: 16.88 KB
Peak memory usage: 16.95 KB


$ echo COMPLETE_TASK_AND_SUBMIT_FINAL_OUTPUT && git add -A && git diff --cached
COMPLETE_TASK_AND_SUBMIT_FINAL_OUTPUT
fatal: not a git repository (or any of the parent directories): .git

Index 27_30: Fail, No score added
 Last response: $ cat <<'EOF' > memory_tracker.py
import tracemalloc

# Start tracing memory allocations
tracemalloc.start()

# Create a list and append 1000 large strings
large_strings = []
large_string = "A" * 10000  # Each string is 10,000 characters long
for _ in range(1000):
    large_strings.append(large_string)

# Get current and peak memory usage
current, peak = tracemalloc.get_traced_memory()

# Convert bytes to kilobytes and print
print(f"Current memory usage: {current / 1024:.2f} KB")
print(f"Peak memory usage: {peak / 1024:.2f} KB")

# Stop tracing
tracemalloc.stop()
EOF


$ python3 memory_tracker.py
Current memory usage: 18.82 KB
Peak memory usage: 18.89 KB


$ echo COMPLETE_TASK_AND_SUBMIT_FINAL_OUTPUT && git add -A && git diff --cached
COMPLETE_TASK_AND_SUBMIT_FINAL_OUTPUT
fatal: not a git repository (or any of the parent directories): .git

