Index 15_1: Fail, No score added
 Last response: $ cat <<'EOF' > validate_ip.py
import re

def validate_ip(ip_address):
    # Regular expression pattern for a valid IP address
    pattern = r'^((25[0-5]|2[0-4][0-9]|[01]?[0-9][0-9]?)\.){3}(25[0-5]|2[0-4][0-9]|[01]?[0-9][0-9]?)$'
    if re.match(pattern, ip_address):
        return "Valid IP address"
    else:
        return "Invalid IP address"

# Test with the given input
ip = "192.168.1.1."
result = validate_ip(ip)
print(result)
EOF


$ python3 validate_ip.py
Invalid IP address


$ echo COMPLETE_TASK_AND_SUBMIT_FINAL_OUTPUT && git add -A && git diff --cached
COMPLETE_TASK_AND_SUBMIT_FINAL_OUTPUT
fatal: not a git repository (or any of the parent directories): .git

Index 15_2: Fail, No score added
 Last response: $ cat <<'EOF' > validate_ip.py
import re

def validate_ip_regex(ip):
    # Regular expression pattern for a valid IPv4 address
    pattern = r'^((25[0-5]|2[0-4][0-9]|[01]?[0-9][0-9]?)\.){3}(25[0-5]|2[0-4][0-9]|[01]?[0-9][0-9]?)$'
    return bool(re.match(pattern, ip))

# Test the IP address "1.1.1.1.1"
test_ip = "1.1.1.1.1"
if validate_ip_regex(test_ip):
    print(f"{test_ip} is a valid IP pattern")
else:
    print(f"{test_ip} is not a valid IP pattern")
EOF


$ python3 validate_ip.py
1.1.1.1.1 is not a valid IP pattern


$ echo COMPLETE_TASK_AND_SUBMIT_FINAL_OUTPUT && git add -A && git diff --cached
COMPLETE_TASK_AND_SUBMIT_FINAL_OUTPUT
fatal: not a git repository (or any of the parent directories): .git

Index 15_3: Fail, No score added
 Last response: $ cat <<'EOF' > validate_ip.py
import re

def is_valid_ip(ip_string):
    # Regular expression for validating IPv4 address
    pattern = r'^((25[0-5]|2[0-4][0-9]|[01]?[0-9][0-9]?)\.){3}(25[0-5]|2[0-4][0-9]|[01]?[0-9][0-9]?)$'
    return bool(re.match(pattern, ip_string))

# Test the string "0.0.0.0.0"
test_ip = "0.0.0.0.0"
result = is_valid_ip(test_ip)
print(f"Is '{test_ip}' a valid IP address? {result}")
EOF


$ python3 validate_ip.py
Is '0.0.0.0.0' a valid IP address? False


$ echo COMPLETE_TASK_AND_SUBMIT_FINAL_OUTPUT && git add -A && git diff --cached
COMPLETE_TASK_AND_SUBMIT_FINAL_OUTPUT
fatal: not a git repository (or any of the parent directories): .git

Index 15_4: Fail, No score added
 Last response: $ cat <<'EOF' > validate_ip.py
import re

# Define a basic IP address pattern
ip_pattern = r'^(\d{1,3})\.(\d{1,3})\.(\d{1,3})\.(\d{1,3})$'

# Test string
test_ip = "999.999.999.999"

# Check if the string matches the pattern
if re.match(ip_pattern, test_ip):
    print("Valid IP address")
else:
    print("Invalid IP address")
EOF


$ python3 validate_ip.py
Valid IP address


$ echo COMPLETE_TASK_AND_SUBMIT_FINAL_OUTPUT && git add -A && git diff --cached
COMPLETE_TASK_AND_SUBMIT_FINAL_OUTPUT
fatal: not a git repository (or any of the parent directories): .git

Index 15_5: Fail, No score added
 Last response: $ cat <<'EOF' > validate_ip.py
import re

def is_valid_ip(ip_string):
    # Regular expression pattern for validating IPv4 address
    pattern = r'^((25[0-5]|2[0-4][0-9]|[01]?[0-9][0-9]?)\.){3}(25[0-5]|2[0-4][0-9]|[01]?[0-9][0-9]?)$'
    return re.match(pattern, ip_string) is not None

# Test the IP address "192.168.01.01"
ip_to_test = "192.168.01.01"
result = is_valid_ip(ip_to_test)
print(f"IP address '{ip_to_test}' is {'valid' if result else 'invalid'}")

EOF


$ python3 validate_ip.py
IP address '192.168.01.01' is valid


$ echo COMPLETE_TASK_AND_SUBMIT_FINAL_OUTPUT && git add -A && git diff --cached
COMPLETE_TASK_AND_SUBMIT_FINAL_OUTPUT
fatal: not a git repository (or any of the parent directories): .git

Index 15_6: Fail, No score added
 Last response: $ cat <<'EOF' > validate_ip.py
import re

def is_valid_ip(ip):
    # Regex pattern for valid IPv4 address
    pattern = r'^((25[0-5]|2[0-4][0-9]|[01]?[0-9][0-9]?)\.){3}(25[0-5]|2[0-4][0-9]|[01]?[0-9][0-9]?)$'
    return re.match(pattern, ip) is not None

# Test with the given input
ip_address = "192.168.1.1.1"
if is_valid_ip(ip_address):
    print(f"{ip_address} is a valid IP address.")
else:
    print(f"{ip_address} is not a valid IP address.")
EOF


$ python3 validate_ip.py
192.168.1.1.1 is not a valid IP address.


$ echo COMPLETE_TASK_AND_SUBMIT_FINAL_OUTPUT && git add -A && git diff --cached
COMPLETE_TASK_AND_SUBMIT_FINAL_OUTPUT
fatal: not a git repository (or any of the parent directories): .git

Index 15_7: Fail, No score added
 Last response: $ cat <<'EOF' > validate_ip.py
import re

def validate_ip(ip_address):
    # Regular expression pattern for a valid IPv4 address
    pattern = r'^((25[0-5]|2[0-4][0-9]|[01]?[0-9][0-9]?)\.){3}(25[0-5]|2[0-4][0-9]|[01]?[0-9][0-9]?)$'
    if re.match(pattern, ip_address):
        return "Valid IP address"
    else:
        return "Invalid IP address"

# Test with the provided input
ip_to_test = "192.168.1.1a2"
result = validate_ip(ip_to_test)
print(f"Input: {ip_to_test}")
print(f"Result: {result}")
EOF


$ python3 validate_ip.py
Input: 192.168.1.1a2
Result: Invalid IP address


$ echo COMPLETE_TASK_AND_SUBMIT_FINAL_OUTPUT && git add -A && git diff --cached
COMPLETE_TASK_AND_SUBMIT_FINAL_OUTPUT
fatal: not a git repository (or any of the parent directories): .git

Index 15_8: Fail, No score added
 Last response: $ cat <<'EOF' > validate_ip.py
import re

def validate_ip_regex(ip_string):
    # Basic regex pattern for IPv4 with optional /CIDR
    pattern = r'^(\d{1,3}\.){3}\d{1,3}(/(0|[1-9]|[1-2]\d|3[0-2]))?$'
    if re.match(pattern, ip_string):
        return "Valid IP address"
    else:
        return "Invalid IP address"

# Test the function with the provided example
if __name__ == "__main__":
    result = validate_ip_regex("192.168.1.1/24")
    print(result)
EOF


$ python3 validate_ip.py
Valid IP address


$ echo COMPLETE_TASK_AND_SUBMIT_FINAL_OUTPUT && git add -A && git diff --cached
COMPLETE_TASK_AND_SUBMIT_FINAL_OUTPUT
fatal: not a git repository (or any of the parent directories): .git

Index 15_9: Fail, No score added
 Last response: $ cat <<'EOF' > validate_ip.py
import re

def validate_ip_regex(ip_string):
    # Regular expression pattern for validating IP address
    pattern = r'^((25[0-5]|2[0-4][0-9]|[01]?[0-9][0-9]?)\.){3}(25[0-5]|2[0-4][0-9]|[01]?[0-9][0-9]?)$'
    
    # Check if the input string matches the pattern
    if re.match(pattern, ip_string):
        return "Valid IP address"
    else:
        return "Invalid IP address"

# Test the function with the given string
result = validate_ip_regex("1.255.255.256.")
print(result)
EOF


$ python3 validate_ip.py
Invalid IP address


$ echo COMPLETE_TASK_AND_SUBMIT_FINAL_OUTPUT && git add -A && git diff --cached
COMPLETE_TASK_AND_SUBMIT_FINAL_OUTPUT
fatal: not a git repository (or any of the parent directories): .git

Index 15_10: Fail, No score added
 Last response: $ cat <<'EOF' > validate_ip.py
import re

def is_valid_ip(ip):
    # Regular expression for validating IPv4 address
    pattern = r'^((25[0-5]|2[0-4][0-9]|[01]?[0-9][0-9]?)\.){3}(25[0-5]|2[0-4][0-9]|[01]?[0-9][0-9]?)$'
    return re.match(pattern, ip) is not None

# Test with the given IP address
ip_address = "255.255.255.256"
if is_valid_ip(ip_address):
    print(f"{ip_address} is a valid IP address.")
else:
    print(f"{ip_address} is not a valid IP address.")
EOF


$ python3 validate_ip.py
255.255.255.256 is not a valid IP address.


$ echo COMPLETE_TASK_AND_SUBMIT_FINAL_OUTPUT && git add -A && git diff --cached
COMPLETE_TASK_AND_SUBMIT_FINAL_OUTPUT
fatal: not a git repository (or any of the parent directories): .git

Index 15_11: Fail, No score added
 Last response: $ cat <<'EOF' > validate_ip.py
import re

def validate_ip_regex_6(ip_string):
    # Basic IP pattern: four groups of 1-3 digits separated by dots
    pattern = r'^(\d{1,3})\.(\d{1,3})\.(\d{1,3})\.(\d{1,3})$'
    match = re.match(pattern, ip_string)
    if match:
        # Check that each octet is between 0 and 255
        for octet in match.groups():
            if int(octet) > 255:
                return "Invalid IP address"
        return "Valid IP address"
    else:
        return "Invalid IP address"

# Test with the provided IP address
result = validate_ip_regex_6("192.1000.1.1")
print(result)
EOF


$ python3 validate_ip.py
Invalid IP address


$ echo COMPLETE_TASK_AND_SUBMIT_FINAL_OUTPUT && git add -A && git diff --cached
COMPLETE_TASK_AND_SUBMIT_FINAL_OUTPUT
fatal: not a git repository (or any of the parent directories): .git

Index 15_12: Fail, No score added
 Last response: $ cat <<'EOF' > validate_ip.py
import re

def validate_ip(ip_string):
    # Basic IP pattern: four groups of 1-3 digits separated by dots
    pattern = r'^(\d{1,3})\.(\d{1,3})\.(\d{1,3})\.(\d{1,3})$'
    match = re.match(pattern, ip_string)
    if match:
        # Check that each octet is between 0 and 255
        for octet in match.groups():
            if int(octet) > 255:
                return "Invalid IP address"
        return "Valid IP address"
    else:
        return "Invalid IP address"

# Test with the given IP address
ip_to_test = "192.168.01.01"
result = validate_ip(ip_to_test)
print(f"IP address '{ip_to_test}' is {result}")
EOF


$ python3 validate_ip.py
IP address '192.168.01.01' is Valid IP address


$ echo COMPLETE_TASK_AND_SUBMIT_FINAL_OUTPUT && git add -A && git diff --cached
COMPLETE_TASK_AND_SUBMIT_FINAL_OUTPUT
fatal: not a git repository (or any of the parent directories): .git

Index 15_13: Fail, No score added
 Last response: $ cat <<'EOF' > validate_ip.py
import re

def validate_ip(ip_string):
    # Basic pattern: four groups of 1-3 digits separated by dots
    pattern = r'^(\d{1,3})\.(\d{1,3})\.(\d{1,3})\.(\d{1,3})$'
    match = re.match(pattern, ip_string)
    if match:
        # Check that each octet is between 0 and 255
        for octet in match.groups():
            if int(octet) > 255:
                return False
        return True
    return False

# Test with the given IP address
ip_to_test = "172.16.666.01"
if validate_ip(ip_to_test):
    print(f"{ip_to_test} is a valid IP pattern")
else:
    print(f"{ip_to_test} is not a valid IP pattern")
EOF


$ python3 validate_ip.py
172.16.666.01 is not a valid IP pattern


$ echo COMPLETE_TASK_AND_SUBMIT_FINAL_OUTPUT && git add -A && git diff --cached
COMPLETE_TASK_AND_SUBMIT_FINAL_OUTPUT
fatal: not a git repository (or any of the parent directories): .git

Index 15_14: Fail, No score added
 Last response: $ cat <<'EOF' > validate_ip.py
import re

def validate_ip(ip_string):
    # Basic IP address pattern: four groups of 1-3 digits separated by dots
    pattern = r'^(\d{1,3})\.(\d{1,3})\.(\d{1,3})\.(\d{1,3})$'
    match = re.match(pattern, ip_string)
    if match:
        # Check that each octet is between 0 and 255
        for octet in match.groups():
            if int(octet) > 255:
                return False
        return True
    return False

# Test with the given string
ip_to_test = "1.1.1.01"
if validate_ip(ip_to_test):
    print(f"{ip_to_test} is a valid IP address")
else:
    print(f"{ip_to_test} is not a valid IP address")
EOF


$ python3 validate_ip.py
1.1.1.01 is a valid IP address


$ echo COMPLETE_TASK_AND_SUBMIT_FINAL_OUTPUT && git add -A && git diff --cached
COMPLETE_TASK_AND_SUBMIT_FINAL_OUTPUT
fatal: not a git repository (or any of the parent directories): .git

Index 15_15: Fail, No score added
 Last response: $ cat <<'EOF' > validate_ip.py
import re

def is_valid_ip(ip_string):
    # Basic IP address regex pattern: four groups of 0-255 separated by dots
    pattern = r'^((25[0-5]|2[0-4][0-9]|[01]?[0-9][0-9]?)\.){3}(25[0-5]|2[0-4][0-9]|[01]?[0-9][0-9]?)$'
    return re.match(pattern, ip_string) is not None

# Test with the given IP address
ip_to_test = "10.10.10.256"
if is_valid_ip(ip_to_test):
    print(f"{ip_to_test} is a valid IP address.")
else:
    print(f"{ip_to_test} is not a valid IP address.")
EOF


$ python3 validate_ip.py
10.10.10.256 is not a valid IP address.


$ echo COMPLETE_TASK_AND_SUBMIT_FINAL_OUTPUT && git add -A && git diff --cached
COMPLETE_TASK_AND_SUBMIT_FINAL_OUTPUT
fatal: not a git repository (or any of the parent directories): .git

Index 15_16: Fail, No score added
 Last response: $ cat <<'EOF' > validate_ip.py
import re

# Define the IP address pattern
ip_pattern = r'^(\d{1,3})\.(\d{1,3})\.(\d{1,3})\.(\d{1,3})$'

# Test string
test_ip = "192.168.01.01"

# Check if the string matches the pattern
if re.match(ip_pattern, test_ip):
    print("Valid IP pattern")
else:
    print("Invalid IP pattern")
EOF


$ python3 validate_ip.py
Valid IP pattern


$ echo COMPLETE_TASK_AND_SUBMIT_FINAL_OUTPUT && git add -A && git diff --cached
COMPLETE_TASK_AND_SUBMIT_FINAL_OUTPUT
fatal: not a git repository (or any of the parent directories): .git

Index 15_17: Fail, No score added
 Last response: $ cat <<'EOF' > validate_ip.py
import re

def validate_ip(ip_address):
    # Basic pattern: four groups of 1-3 digits separated by dots
    pattern = r'^(\d{1,3})\.(\d{1,3})\.(\d{1,3})\.(\d{1,3})$'
    match = re.match(pattern, ip_address)
    if match:
        # Check that each octet is between 0 and 255
        for octet in match.groups():
            if int(octet) > 255:
                return False
        return True
    return False

# Test with the given input
ip_to_test = "9999.9999.9999.9999"
if validate_ip(ip_to_test):
    print(f"{ip_to_test} is a valid IP address")
else:
    print(f"{ip_to_test} is not a valid IP address")
EOF


$ python3 validate_ip.py
9999.9999.9999.9999 is not a valid IP address


$ echo COMPLETE_TASK_AND_SUBMIT_FINAL_OUTPUT && git add -A && git diff --cached
COMPLETE_TASK_AND_SUBMIT_FINAL_OUTPUT
fatal: not a git repository (or any of the parent directories): .git

Index 15_18: Fail, No score added
 Last response: $ cat <<'EOF' > validate_ip.py
import re

def validate_ip_regex(ip_string):
    # Define a regex pattern for a valid IP address
    # Allows 1-3 digits per octet, no leading zeros unless it's just "0"
    pattern = r'^((25[0-5]|2[0-4][0-9]|[01]?[0-9][0-9]?)\.){3}(25[0-5]|2[0-4][0-9]|[01]?[0-9][0-9]?)$'
    
    # Check if the input matches the pattern
    if re.match(pattern, ip_string):
        return "Valid IP address"
    else:
        return "Invalid IP address"

# Test with the specified IP address
ip_to_test = "192.168.01.01"
result = validate_ip_regex(ip_to_test)
print(f"Input: {ip_to_test}")
print(f"Result: {result}")
EOF


$ python3 validate_ip.py
Input: 192.168.01.01
Result: Valid IP address


$ echo COMPLETE_TASK_AND_SUBMIT_FINAL_OUTPUT && git add -A && git diff --cached
COMPLETE_TASK_AND_SUBMIT_FINAL_OUTPUT
fatal: not a git repository (or any of the parent directories): .git

Index 15_19: Fail, No score added
 Last response: $ cat <<'EOF' > validate_ip.py
import re

def validate_ip(ip_address):
    # Basic pattern: four groups of 1-3 digits separated by dots
    pattern = r'^(\d{1,3})\.(\d{1,3})\.(\d{1,3})\.(\d{1,3})$'
    match = re.match(pattern, ip_address)
    if match:
        # Check that each octet is between 0 and 255
        for octet in match.groups():
            if int(octet) > 255:
                return False
        return True
    return False

# Test with the given input
ip_to_test = "1234.1234.1234.1234"
if validate_ip(ip_to_test):
    print(f"{ip_to_test} is a valid IP address")
else:
    print(f"{ip_to_test} is not a valid IP address")
EOF


$ python3 validate_ip.py
1234.1234.1234.1234 is not a valid IP address


$ echo COMPLETE_TASK_AND_SUBMIT_FINAL_OUTPUT && git add -A && git diff --cached
COMPLETE_TASK_AND_SUBMIT_FINAL_OUTPUT
fatal: not a git repository (or any of the parent directories): .git

Index 15_20: Fail, No score added
 Last response: $ cat <<'EOF' > validate_ip.py
import re

def validate_ip_regex(ip_string):
    # Define regex pattern for IP address with three sets of 1-3 digits separated by periods
    pattern = r'^(\d{1,3}\.){3}\d{1,3}$'
    
    # Check if the input matches the pattern
    if re.match(pattern, ip_string):
        return "Valid IP address"
    else:
        return "Invalid IP address"

# Test with the predefined pattern "192.168.1"
if __name__ == "__main__":
    test_ip = "192.168.1"
    result = validate_ip_regex(test_ip)
    print(result)
EOF


$ python3 validate_ip.py
Invalid IP address


$ sed -i 's/^.*pattern = .*/    pattern = r"^(\d{1,3}\.){2}\d{1,3}$"/' validate_ip.py


$ python3 validate_ip.py
Invalid IP address


$ sed -i 's/^.*pattern = .*/    pattern = r"^\d{1,3}\.\d{1,3}\.\d{1,3}$"/' validate_ip.py


$ python3 validate_ip.py
Invalid IP address

Index 15_21: Fail, No score added
 Last response: $ cat <<'EOF' > validate_ip.py
import re

def validate_ip(ip_address):
    # Basic IP pattern: four groups of 0-255 separated by dots
    pattern = r'^(\d{1,3})\.(\d{1,3})\.(\d{1,3})\.(\d{1,3})$'
    match = re.match(pattern, ip_address)
    if not match:
        return False
    
    # Check each octet is between 0 and 255
    for octet in match.groups():
        if int(octet) > 255:
            return False
    return True

# Test with the given IP address
ip_to_test = "192.168.1.256"
if validate_ip(ip_to_test):
    print(f"{ip_to_test} is a valid IP address")
else:
    print(f"{ip_to_test} is not a valid IP address")
EOF


$ python3 validate_ip.py
192.168.1.256 is not a valid IP address


$ echo COMPLETE_TASK_AND_SUBMIT_FINAL_OUTPUT && git add -A && git diff --cached
COMPLETE_TASK_AND_SUBMIT_FINAL_OUTPUT
fatal: not a git repository (or any of the parent directories): .git

Index 15_22: Fail, No score added
 Last response: $ cat <<'EOF' > validate_ip.py
import re

def validate_ip(ip_address):
    # Regular expression pattern for IP address
    # Each octet should be 0-255
    pattern = r'^((25[0-5]|2[0-4][0-9]|[01]?[0-9][0-9]?)\.){3}(25[0-5]|2[0-4][0-9]|[01]?[0-9][0-9]?)$'
    
    if re.match(pattern, ip_address):
        return "Valid IP pattern"
    else:
        return "Invalid IP pattern"

# Test with the given input
ip_input = "192.168.1.1000"
result = validate_ip(ip_input)
print(f"Input: {ip_input}")
print(f"Result: {result}")
EOF


$ python3 validate_ip.py
Input: 192.168.1.1000
Result: Invalid IP pattern


$ echo COMPLETE_TASK_AND_SUBMIT_FINAL_OUTPUT && git add -A && git diff --cached
COMPLETE_TASK_AND_SUBMIT_FINAL_OUTPUT
fatal: not a git repository (or any of the parent directories): .git

Index 15_23: Fail, No score added
 Last response: $ cat <<'EOF' > validate_ip.py
import re

def validate_ip(ip_address):
    # Basic IP pattern: four groups of 1-3 digits separated by dots
    pattern = r'^(\d{1,3})\.(\d{1,3})\.(\d{1,3})\.(\d{1,3})$'
    match = re.match(pattern, ip_address)
    if match:
        # Check that each octet is between 0 and 255
        for octet in match.groups():
            if int(octet) > 255:
                return False
        return True
    return False

# Test with the given input
ip_to_test = "1000.1.1.1"
if validate_ip(ip_to_test):
    print(f"{ip_to_test} is a valid IP address.")
else:
    print(f"{ip_to_test} is not a valid IP address.")
EOF


$ python3 validate_ip.py
1000.1.1.1 is not a valid IP address.


$ echo COMPLETE_TASK_AND_SUBMIT_FINAL_OUTPUT && git add -A && git diff --cached
COMPLETE_TASK_AND_SUBMIT_FINAL_OUTPUT
fatal: not a git repository (or any of the parent directories): .git

Index 15_24: Fail, No score added
 Last response: $ cat <<'EOF' > validate_ip.py
import re

# Define the IP address pattern (standard IPv4 format: four octets separated by dots)
ip_pattern = r'^(\d{1,3}\.){3}\d{1,3}$'

# The string to validate
test_ip = "192.168.1"

# Check if the string matches the pattern
if re.match(ip_pattern, test_ip):
    print(f"'{test_ip}' is a valid IP address pattern.")
else:
    print(f"'{test_ip}' is NOT a valid IP address pattern.")
EOF


$ python3 validate_ip.py
'192.168.1' is NOT a valid IP address pattern.


$ echo COMPLETE_TASK_AND_SUBMIT_FINAL_OUTPUT && git add -A && git diff --cached
COMPLETE_TASK_AND_SUBMIT_FINAL_OUTPUT
fatal: not a git repository (or any of the parent directories): .git

Index 15_25: Fail, No score added
 Last response: $ cat <<'EOF' > validate_ip.py
import re

def is_valid_ip(ip_address):
    # Regex pattern for valid IPv4 address
    pattern = r'^((25[0-5]|2[0-4][0-9]|[01]?[0-9][0-9]?)\.){3}(25[0-5]|2[0-4][0-9]|[01]?[0-9][0-9]?)$'
    return re.match(pattern, ip_address) is not None

# Test with the given input
ip_to_test = "192.168.1.1.1"
if is_valid_ip(ip_to_test):
    print(f"{ip_to_test} is a valid IP address.")
else:
    print(f"{ip_to_test} is not a valid IP address.")
EOF


$ python3 validate_ip.py
192.168.1.1.1 is not a valid IP address.


$ echo COMPLETE_TASK_AND_SUBMIT_FINAL_OUTPUT && git add -A && git diff --cached
COMPLETE_TASK_AND_SUBMIT_FINAL_OUTPUT
fatal: not a git repository (or any of the parent directories): .git

Index 15_26: Fail, No score added
 Last response: $ cat <<'EOF' > validate_ip.py
import re

# Define a basic IP address pattern
ip_pattern = r'^(\d{1,3})\.(\d{1,3})\.(\d{1,3})\.(\d{1,3})$'

# Test string
test_ip = "999.999.999.999"

# Check if the string matches the pattern
if re.match(ip_pattern, test_ip):
    print(f"{test_ip} is a valid IP address pattern.")
else:
    print(f"{test_ip} is not a valid IP address pattern.")
EOF


$ python3 validate_ip.py
999.999.999.999 is a valid IP address pattern.


$ echo COMPLETE_TASK_AND_SUBMIT_FINAL_OUTPUT && git add -A && git diff --cached
COMPLETE_TASK_AND_SUBMIT_FINAL_OUTPUT
fatal: not a git repository (or any of the parent directories): .git

Index 15_27: Fail, No score added
 Last response: $ cat <<'EOF' > validate_ip.py
import re

def validate_ip(ip_address):
    # Regex pattern for a valid IPv4 address
    pattern = r'^((25[0-5]|2[0-4][0-9]|[01]?[0-9][0-9]?)\.){3}(25[0-5]|2[0-4][0-9]|[01]?[0-9][0-9]?)$'
    if re.match(pattern, ip_address):
        return "Valid IP address"
    else:
        return "Invalid IP address"

# Test with the given input
ip_to_test = "0.0.0.0.0"
result = validate_ip(ip_to_test)
print(result)
EOF


$ python3 validate_ip.py
Invalid IP address


$ echo COMPLETE_TASK_AND_SUBMIT_FINAL_OUTPUT && git add -A && git diff --cached
COMPLETE_TASK_AND_SUBMIT_FINAL_OUTPUT
fatal: not a git repository (or any of the parent directories): .git

Index 15_28: Fail, No score added
 Last response: $ cat <<'EOF' > validate_ip.py
import re

def validate_ip_pattern(ip_string):
    # Define a regex pattern for four sets of digits separated by periods
    pattern = r'^(\d{1,4})\.(\d{1,4})\.(\d{1,4})\.(\d{1,4})$'
    
    # Check if the input matches the pattern
    if re.match(pattern, ip_string):
        return "The input matches the IP pattern."
    else:
        return "The input does not match the IP pattern."

# Test with the given input
input_ip = "9999.9999.9999.9999"
result = validate_ip_pattern(input_ip)
print(result)
EOF


$ python3 validate_ip.py
The input matches the IP pattern.


$ echo COMPLETE_TASK_AND_SUBMIT_FINAL_OUTPUT && git add -A && git diff --cached
COMPLETE_TASK_AND_SUBMIT_FINAL_OUTPUT
fatal: not a git repository (or any of the parent directories): .git

Index 15_29: Fail, No score added
 Last response: $ cat <<'EOF' > validate_ip.py
import re

# Define the IP address pattern (basic pattern: four groups of 1-3 digits separated by dots)
ip_pattern = r'^(\d{1,3})\.(\d{1,3})\.(\d{1,3})\.(\d{1,3})$'

# Test string
test_ip = "010.020.030.040"

# Check if the test string matches the pattern
if re.match(ip_pattern, test_ip):
    print("Valid IP address")
else:
    print("Invalid IP address")
EOF


$ python3 validate_ip.py
Valid IP address


$ echo COMPLETE_TASK_AND_SUBMIT_FINAL_OUTPUT && git add -A && git diff --cached
COMPLETE_TASK_AND_SUBMIT_FINAL_OUTPUT
fatal: not a git repository (or any of the parent directories): .git

Index 15_30: Fail, No score added
 Last response: $ cat <<'EOF' > validate_ip.py
import re

def validate_ip(ip_address):
    # Strip whitespace from input
    ip_address = ip_address.strip()
    # Basic IP pattern: four groups of 1-3 digits separated by dots
    pattern = r'^(\d{1,3})\.(\d{1,3})\.(\d{1,3})\.(\d{1,3})$'
    match = re.match(pattern, ip_address)
    
    if not match:
        return "Invalid IP address"
    
    # Check that each octet is between 0 and 255
    for octet in match.groups():
        if int(octet) > 255:
            return "Invalid IP address"
    
    return "Valid IP address"

# Test with the provided input
ip_to_test = "192.168.777.1 "
print(validate_ip(ip_to_test))
EOF


$ python3 validate_ip.py
Invalid IP address


$ echo COMPLETE_TASK_AND_SUBMIT_FINAL_OUTPUT && git add -A && git diff --cached
COMPLETE_TASK_AND_SUBMIT_FINAL_OUTPUT
fatal: not a git repository (or any of the parent directories): .git

